Component: ARM Compiler 5.06 update 6 (build 750) Tool: armlink [4d35ed]

==============================================================================

Section Cross References

    startup_stm32f407xx.o(RESET) refers to startup_stm32f407xx.o(STACK) for __initial_sp
    startup_stm32f407xx.o(RESET) refers to startup_stm32f407xx.o(.text) for Reset_Handler
    startup_stm32f407xx.o(RESET) refers to stm32f4xx_it.o(i.NMI_Handler) for NMI_Handler
    startup_stm32f407xx.o(RESET) refers to stm32f4xx_it.o(i.HardFault_Handler) for HardFault_Handler
    startup_stm32f407xx.o(RESET) refers to stm32f4xx_it.o(i.MemManage_Handler) for MemManage_Handler
    startup_stm32f407xx.o(RESET) refers to stm32f4xx_it.o(i.BusFault_Handler) for BusFault_Handler
    startup_stm32f407xx.o(RESET) refers to stm32f4xx_it.o(i.UsageFault_Handler) for UsageFault_Handler
    startup_stm32f407xx.o(RESET) refers to stm32f4xx_it.o(i.SVC_Handler) for SVC_Handler
    startup_stm32f407xx.o(RESET) refers to stm32f4xx_it.o(i.DebugMon_Handler) for DebugMon_Handler
    startup_stm32f407xx.o(RESET) refers to stm32f4xx_it.o(i.PendSV_Handler) for PendSV_Handler
    startup_stm32f407xx.o(RESET) refers to stm32f4xx_it.o(i.SysTick_Handler) for SysTick_Handler
    startup_stm32f407xx.o(RESET) refers to stm32f4xx_it.o(i.DMA1_Stream1_IRQHandler) for DMA1_Stream1_IRQHandler
    startup_stm32f407xx.o(RESET) refers to stm32f4xx_it.o(i.DMA1_Stream5_IRQHandler) for DMA1_Stream5_IRQHandler
    startup_stm32f407xx.o(RESET) refers to stm32f4xx_it.o(i.TIM1_UP_TIM10_IRQHandler) for TIM1_UP_TIM10_IRQHandler
    startup_stm32f407xx.o(RESET) refers to stm32f4xx_it.o(i.TIM2_IRQHandler) for TIM2_IRQHandler
    startup_stm32f407xx.o(RESET) refers to stm32f4xx_it.o(i.TIM3_IRQHandler) for TIM3_IRQHandler
    startup_stm32f407xx.o(RESET) refers to stm32f4xx_it.o(i.TIM4_IRQHandler) for TIM4_IRQHandler
    startup_stm32f407xx.o(RESET) refers to stm32f4xx_it.o(i.USART1_IRQHandler) for USART1_IRQHandler
    startup_stm32f407xx.o(RESET) refers to stm32f4xx_it.o(i.USART2_IRQHandler) for USART2_IRQHandler
    startup_stm32f407xx.o(RESET) refers to stm32f4xx_it.o(i.USART3_IRQHandler) for USART3_IRQHandler
    startup_stm32f407xx.o(RESET) refers to stm32f4xx_it.o(i.TIM8_UP_TIM13_IRQHandler) for TIM8_UP_TIM13_IRQHandler
    startup_stm32f407xx.o(RESET) refers to stm32f4xx_it.o(i.TIM5_IRQHandler) for TIM5_IRQHandler
    startup_stm32f407xx.o(RESET) refers to stm32f4xx_it.o(i.DMA2_Stream1_IRQHandler) for DMA2_Stream1_IRQHandler
    startup_stm32f407xx.o(RESET) refers to stm32f4xx_it.o(i.DMA2_Stream2_IRQHandler) for DMA2_Stream2_IRQHandler
    startup_stm32f407xx.o(RESET) refers to stm32f4xx_it.o(i.USART6_IRQHandler) for USART6_IRQHandler
    startup_stm32f407xx.o(.text) refers to system_stm32f4xx.o(i.SystemInit) for SystemInit
    startup_stm32f407xx.o(.text) refers to entry.o(.ARM.Collect$$$$00000000) for __main
    mymain_1.o(i.mymain) refers to mymain_1.o(i.state_machine) for state_machine
    mymain_1.o(i.mymain) refers to steer.o(i.test_catch) for test_catch
    mymain_1.o(i.mymain) refers to steer.o(i.test_put) for test_put
    mymain_1.o(i.mymain) refers to uart.o(.data) for catch_flag
    mymain_1.o(i.state_machine) refers to motor.o(i.move_foward) for move_foward
    mymain_1.o(i.state_machine) refers to stm32f4xx_hal_uart.o(i.HAL_UART_Transmit) for HAL_UART_Transmit
    mymain_1.o(i.state_machine) refers to motor.o(i.move_back) for move_back
    mymain_1.o(i.state_machine) refers to motor.o(i.turn_left) for turn_left
    mymain_1.o(i.state_machine) refers to motor.o(i.move_right) for move_right
    mymain_1.o(i.state_machine) refers to motor.o(i.move_left) for move_left
    mymain_1.o(i.state_machine) refers to motor.o(i.turn_right) for turn_right
    mymain_1.o(i.state_machine) refers to mymain_1.o(.data) for .data
    mymain_1.o(i.state_machine) refers to time.o(.data) for pulse4_flag3
    mymain_1.o(i.state_machine) refers to usart.o(.bss) for huart1
    mymain_1.o(i.system_init) refers to stm32f4xx_hal_tim.o(i.HAL_TIM_PWM_Stop_IT) for HAL_TIM_PWM_Stop_IT
    mymain_1.o(i.system_init) refers to stm32f4xx_hal_tim.o(i.HAL_TIM_Base_Start_IT) for HAL_TIM_Base_Start_IT
    mymain_1.o(i.system_init) refers to motor.o(i.motor_init) for motor_init
    mymain_1.o(i.system_init) refers to memcpya.o(.text) for __aeabi_memcpy4
    mymain_1.o(i.system_init) refers to steer.o(i.steer_init) for steer_init
    mymain_1.o(i.system_init) refers to stm32f4xx_hal_tim.o(i.HAL_TIM_PWM_Start) for HAL_TIM_PWM_Start
    mymain_1.o(i.system_init) refers to tim.o(.bss) for htim1
    mymain_1.o(i.system_init) refers to motor.o(.bss) for motor_lf
    mymain_1.o(i.system_init) refers to motor.o(.bss) for motor_rotate
    mymain_1.o(i.system_init) refers to motor.o(.bss) for motor_up
    mymain_1.o(i.system_init) refers to steer.o(.bss) for steer_plate
    steer.o(i.pick_up_high) refers to memcpya.o(.text) for __aeabi_memcpy4
[...]
    ..\Core\Src\tim.c                        0x00000000   Number         0  tim.o ABSOLUTE
    ..\Core\Src\usart.c                      0x00000000   Number         0  usart.o ABSOLUTE
    ..\Drivers\STM32F4xx_HAL_Driver\Src\stm32f4xx_hal.c 0x00000000   Number         0  stm32f4xx_hal.o ABSOLUTE
    ..\Drivers\STM32F4xx_HAL_Driver\Src\stm32f4xx_hal_cortex.c 0x00000000   Number         0  stm32f4xx_hal_cortex.o ABSOLUTE
    ..\Drivers\STM32F4xx_HAL_Driver\Src\stm32f4xx_hal_dma.c 0x00000000   Number         0  stm32f4xx_hal_dma.o ABSOLUTE
    ..\Drivers\STM32F4xx_HAL_Driver\Src\stm32f4xx_hal_dma_ex.c 0x00000000   Number         0  stm32f4xx_hal_dma_ex.o ABSOLUTE
    ..\Drivers\STM32F4xx_HAL_Driver\Src\stm32f4xx_hal_exti.c 0x00000000   Number         0  stm32f4xx_hal_exti.o ABSOLUTE
    ..\Drivers\STM32F4xx_HAL_Driver\Src\stm32f4xx_hal_flash.c 0x00000000   Number         0  stm32f4xx_hal_flash.o ABSOLUTE
    ..\Drivers\STM32F4xx_HAL_Driver\Src\stm32f4xx_hal_flash_ex.c 0x00000000   Number         0  stm32f4xx_hal_flash_ex.o ABSOLUTE
    ..\Drivers\STM32F4xx_HAL_Driver\Src\stm32f4xx_hal_flash_ramfunc.c 0x00000000   Number         0  stm32f4xx_hal_flash_ramfunc.o ABSOLUTE
    ..\Drivers\STM32F4xx_HAL_Driver\Src\stm32f4xx_hal_gpio.c 0x00000000   Number         0  stm32f4xx_hal_gpio.o ABSOLUTE
    ..\Drivers\STM32F4xx_HAL_Driver\Src\stm32f4xx_hal_pwr.c 0x00000000   Number         0  stm32f4xx_hal_pwr.o ABSOLUTE
    ..\Drivers\STM32F4xx_HAL_Driver\Src\stm32f4xx_hal_pwr_ex.c 0x00000000   Number         0  stm32f4xx_hal_pwr_ex.o ABSOLUTE
    ..\Drivers\STM32F4xx_HAL_Driver\Src\stm32f4xx_hal_rcc.c 0x00000000   Number         0  stm32f4xx_hal_rcc.o ABSOLUTE
    ..\Drivers\STM32F4xx_HAL_Driver\Src\stm32f4xx_hal_rcc_ex.c 0x00000000   Number         0  stm32f4xx_hal_rcc_ex.o ABSOLUTE
    ..\Drivers\STM32F4xx_HAL_Driver\Src\stm32f4xx_hal_tim.c 0x00000000   Number         0  stm32f4xx_hal_tim.o ABSOLUTE
    ..\Drivers\STM32F4xx_HAL_Driver\Src\stm32f4xx_hal_tim_ex.c 0x00000000   Number         0  stm32f4xx_hal_tim_ex.o ABSOLUTE
    ..\Drivers\STM32F4xx_HAL_Driver\Src\stm32f4xx_hal_uart.c 0x00000000   Number         0  stm32f4xx_hal_uart.o ABSOLUTE
    catch.c                                  0x00000000   Number         0  catch.o ABSOLUTE
    catch.c                                  0x00000000   Number         0  catch.o ABSOLUTE
    cdcmple.s                                0x00000000   Number         0  cdcmple.o ABSOLUTE
    cdrcmple.s                               0x00000000   Number         0  cdrcmple.o ABSOLUTE
    datou.c                                  0x00000000   Number         0  datou.o ABSOLUTE
    datou.c                                  0x00000000   Number         0  datou.o ABSOLUTE
    dc.s                                     0x00000000   Number         0  dc.o ABSOLUTE
    handlers.s                               0x00000000   Number         0  handlers.o ABSOLUTE
    init.s                                   0x00000000   Number         0  init.o ABSOLUTE
    motor.c                                  0x00000000   Number         0  motor.o ABSOLUTE
    motor.c                                  0x00000000   Number         0  motor.o ABSOLUTE
    mymain.c                                 0x00000000   Number         0  mymain_1.o ABSOLUTE
    mymain.c                                 0x00000000   Number         0  mymain_1.o ABSOLUTE
    startup_stm32f407xx.s                    0x00000000   Number         0  startup_stm32f407xx.o ABSOLUTE
    steer.c                                  0x00000000   Number         0  steer.o ABSOLUTE
    steer.c                                  0x00000000   Number         0  steer.o ABSOLUTE
    time.c                                   0x00000000   Number         0  time.o ABSOLUTE
    time.c                                   0x00000000   Number         0  time.o ABSOLUTE
    uart.c                                   0x00000000   Number         0  uart.o ABSOLUTE
    uart.c                                   0x00000000   Number         0  uart.o ABSOLUTE
    RESET                                    0x08000000   Section      392  startup_stm32f407xx.o(RESET)
    .ARM.Collect$$$$00000000                 0x08000188   Section        0  entry.o(.ARM.Collect$$$$00000000)
    .ARM.Collect$$$$00000001                 0x08000188   Section        4  entry2.o(.ARM.Collect$$$$00000001)
    .ARM.Collect$$$$00000004                 0x0800018c   Section        4  entry5.o(.ARM.Collect$$$$00000004)
    .ARM.Collect$$$$00000008                 0x08000190   Section        0  entry7b.o(.ARM.Collect$$$$00000008)
    .ARM.Collect$$$$0000000A                 0x08000190   Section        0  entry8b.o(.ARM.Collect$$$$0000000A)
    .ARM.Collect$$$$0000000B                 0x08000190   Section        8  entry9a.o(.ARM.Collect$$$$0000000B)
    .ARM.Collect$$$$0000000D                 0x08000198   Section        0  entry10a.o(.ARM.Collect$$$$0000000D)
    .ARM.Collect$$$$0000000F                 0x08000198   Section        0  entry11a.o(.ARM.Collect$$$$0000000F)
    .ARM.Collect$$$$00002712                 0x08000198   Section        4  entry2.o(.ARM.Collect$$$$00002712)
    __lit__00000000                          0x08000198   Data           4  entry2.o(.ARM.Collect$$$$00002712)
    .text                                    0x0800019c   Section       36  startup_stm32f407xx.o(.text)
    $v0                                      0x0800019c   Number         0  startup_stm32f407xx.o(.text)
    .text                                    0x080001c0   Section        0  uldiv.o(.text)
    .text                                    0x08000222   Section        0  memcpya.o(.text)
    .text                                    0x08000246   Section        0  memseta.o(.text)
    .text                                    0x0800026a   Section        0  dadd.o(.text)
    .text                                    0x080003b8   Section        0  dmul.o(.text)
    .text                                    0x0800049c   Section        0  ddiv.o(.text)
    .text                                    0x0800057a   Section        0  dflti.o(.text)
    .text                                    0x0800059c   Section        0  dfltui.o(.text)
    .text                                    0x080005b6   Section        0  dfltl.o(.text)
    .text                                    0x080005de   Section        0  dfixi.o(.text)
    .text                                    0x0800061c   Section       48  cdcmple.o(.text)
    .text                                    0x0800064c   Section       48  cdrcmple.o(.text)
    .text                                    0x0800067c   Section        0  uidiv.o(.text)
    .text                                    0x080006a8   Section        0  llshl.o(.text)
    .text                                    0x080006c6   Section        0  llushr.o(.text)
    .text                                    0x080006e6   Section        0  llsshr.o(.text)
    .text                                    0x0800070a   Section        0  depilogue.o(.text)
    .text                                    0x0800070a   Section        0  iusefp.o(.text)
    .text                                    0x080007c4   Section        0  dfixul.o(.text)
    .text                                    0x080007f4   Section       36  init.o(.text)
    i.Bluetooth_UART_IRQHandler              0x08000818   Section        0  uart.o(i.Bluetooth_UART_IRQHandler)
    i.BusFault_Handler                       0x080008b4   Section        0  stm32f4xx_it.o(i.BusFault_Handler)
    i.DMA1_Stream1_IRQHandler                0x080008b8   Section        0  stm32f4xx_it.o(i.DMA1_Stream1_IRQHandler)
    i.DMA1_Stream5_IRQHandler                0x080008c4   Section        0  stm32f4xx_it.o(i.DMA1_Stream5_IRQHandler)
    i.DMA2_Stream1_IRQHandler                0x080008d0   Section        0  stm32f4xx_it.o(i.DMA2_Stream1_IRQHandler)
    i.DMA2_Stream2_IRQHandler                0x080008dc   Section        0  stm32f4xx_it.o(i.DMA2_Stream2_IRQHandler)
    i.DMA_CalcBaseAndBitshift                0x080008e8   Section        0  stm32f4xx_hal_dma.o(i.DMA_CalcBaseAndBitshift)
    DMA_CalcBaseAndBitshift                  0x080008e9   Thumb Code    34  stm32f4xx_hal_dma.o(i.DMA_CalcBaseAndBitshift)
    i.DMA_CheckFifoParam                     0x08000910   Section        0  stm32f4xx_hal_dma.o(i.DMA_CheckFifoParam)
    DMA_CheckFifoParam                       0x08000911   Thumb Code    84  stm32f4xx_hal_dma.o(i.DMA_CheckFifoParam)
    i.DMA_SetConfig                          0x08000964   Section        0  stm32f4xx_hal_dma.o(i.DMA_SetConfig)
    DMA_SetConfig                            0x08000965   Thumb Code    40  stm32f4xx_hal_dma.o(i.DMA_SetConfig)
    i.DMA_USART_Init                         0x0800098c   Section        0  uart.o(i.DMA_USART_Init)
    i.DebugMon_Handler                       0x08000a1c   Section        0  stm32f4xx_it.o(i.DebugMon_Handler)
    i.Error_Handler                          0x08000a1e   Section        0  main.o(i.Error_Handler)
    i.HAL_DMA_Abort                          0x08000a22   Section        0  stm32f4xx_hal_dma.o(i.HAL_DMA_Abort)
    i.HAL_DMA_Abort_IT                       0x08000ab4   Section        0  stm32f4xx_hal_dma.o(i.HAL_DMA_Abort_IT)
    i.HAL_DMA_IRQHandler                     0x08000ad8   Section        0  stm32f4xx_hal_dma.o(i.HAL_DMA_IRQHandler)
    i.HAL_DMA_Init                           0x08000c78   Section        0  stm32f4xx_hal_dma.o(i.HAL_DMA_Init)
    i.HAL_DMA_Start_IT                       0x08000d4c   Section        0  stm32f4xx_hal_dma.o(i.HAL_DMA_Start_IT)
    i.HAL_Delay                              0x08000dbc   Section        0  stm32f4xx_hal.o(i.HAL_Delay)
    i.HAL_GPIO_Init                          0x08000de0   Section        0  stm32f4xx_hal_gpio.o(i.HAL_GPIO_Init)
    i.HAL_GPIO_WritePin                      0x08000fd0   Section        0  stm32f4xx_hal_gpio.o(i.HAL_GPIO_WritePin)
    i.HAL_GetTick                            0x08000fdc   Section        0  stm32f4xx_hal.o(i.HAL_GetTick)
    i.HAL_IncTick                            0x08000fe8   Section        0  stm32f4xx_hal.o(i.HAL_IncTick)
    i.HAL_Init                               0x08000ff8   Section        0  stm32f4xx_hal.o(i.HAL_Init)
    i.HAL_InitTick                           0x0800102c   Section        0  stm32f4xx_hal.o(i.HAL_InitTick)
    i.HAL_MspInit                            0x0800106c   Section        0  stm32f4xx_hal_msp.o(i.HAL_MspInit)
    i.HAL_NVIC_EnableIRQ                     0x0800109c   Section        0  stm32f4xx_hal_cortex.o(i.HAL_NVIC_EnableIRQ)
    i.HAL_NVIC_SetPriority                   0x080010b8   Section        0  stm32f4xx_hal_cortex.o(i.HAL_NVIC_SetPriority)
    i.HAL_NVIC_SetPriorityGrouping           0x080010f8   Section        0  stm32f4xx_hal_cortex.o(i.HAL_NVIC_SetPriorityGrouping)
    i.HAL_RCC_ClockConfig                    0x0800111c   Section        0  stm32f4xx_hal_rcc.o(i.HAL_RCC_ClockConfig)
    i.HAL_RCC_GetPCLK1Freq                   0x08001250   Section        0  stm32f4xx_hal_rcc.o(i.HAL_RCC_GetPCLK1Freq)
    i.HAL_RCC_GetPCLK2Freq                   0x08001270   Section        0  stm32f4xx_hal_rcc.o(i.HAL_RCC_GetPCLK2Freq)
    i.HAL_RCC_GetSysClockFreq                0x08001290   Section        0  stm32f4xx_hal_rcc.o(i.HAL_RCC_GetSysClockFreq)
    i.HAL_RCC_OscConfig                      0x080012f4   Section        0  stm32f4xx_hal_rcc.o(i.HAL_RCC_OscConfig)
    i.HAL_SYSTICK_Config                     0x08001660   Section        0  stm32f4xx_hal_cortex.o(i.HAL_SYSTICK_Config)
    i.HAL_TIMEx_BreakCallback                0x08001688   Section        0  stm32f4xx_hal_tim_ex.o(i.HAL_TIMEx_BreakCallback)
    i.HAL_TIMEx_CommutCallback               0x0800168a   Section        0  stm32f4xx_hal_tim_ex.o(i.HAL_TIMEx_CommutCallback)
    i.HAL_TIMEx_ConfigBreakDeadTime          0x0800168c   Section        0  stm32f4xx_hal_tim_ex.o(i.HAL_TIMEx_ConfigBreakDeadTime)
    i.HAL_TIMEx_MasterConfigSynchronization  0x080016e0   Section        0  stm32f4xx_hal_tim_ex.o(i.HAL_TIMEx_MasterConfigSynchronization)
    i.HAL_TIM_Base_Init                      0x08001770   Section        0  stm32f4xx_hal_tim.o(i.HAL_TIM_Base_Init)
    i.HAL_TIM_Base_MspInit                   0x080017cc   Section        0  tim.o(i.HAL_TIM_Base_MspInit)
    i.HAL_TIM_Base_Start_IT                  0x08001884   Section        0  stm32f4xx_hal_tim.o(i.HAL_TIM_Base_Start_IT)
    i.HAL_TIM_ConfigClockSource              0x08001904   Section        0  stm32f4xx_hal_tim.o(i.HAL_TIM_ConfigClockSource)
    i.HAL_TIM_IC_CaptureCallback             0x080019e0   Section        0  stm32f4xx_hal_tim.o(i.HAL_TIM_IC_CaptureCallback)
    i.HAL_TIM_IRQHandler                     0x080019e2   Section        0  stm32f4xx_hal_tim.o(i.HAL_TIM_IRQHandler)
    i.HAL_TIM_MspPostInit                    0x08001b14   Section        0  tim.o(i.HAL_TIM_MspPostInit)
    i.HAL_TIM_OC_DelayElapsedCallback        0x08001c40   Section        0  stm32f4xx_hal_tim.o(i.HAL_TIM_OC_DelayElapsedCallback)
    i.HAL_TIM_PWM_ConfigChannel              0x08001c42   Section        0  stm32f4xx_hal_tim.o(i.HAL_TIM_PWM_ConfigChannel)
    i.HAL_TIM_PWM_Init                       0x08001d0e   Section        0  stm32f4xx_hal_tim.o(i.HAL_TIM_PWM_Init)
    i.HAL_TIM_PWM_MspInit                    0x08001d68   Section        0  tim.o(i.HAL_TIM_PWM_MspInit)
    i.HAL_TIM_PWM_PulseFinishedCallback      0x08001dc8   Section        0  stm32f4xx_hal_tim.o(i.HAL_TIM_PWM_PulseFinishedCallback)
    i.HAL_TIM_PWM_Start                      0x08001dcc   Section        0  stm32f4xx_hal_tim.o(i.HAL_TIM_PWM_Start)
    i.HAL_TIM_PWM_Stop_IT                    0x08001e94   Section        0  stm32f4xx_hal_tim.o(i.HAL_TIM_PWM_Stop_IT)
    i.HAL_TIM_PeriodElapsedCallback          0x08001f50   Section        0  time.o(i.HAL_TIM_PeriodElapsedCallback)
    i.HAL_TIM_TriggerCallback                0x08002058   Section        0  stm32f4xx_hal_tim.o(i.HAL_TIM_TriggerCallback)
    i.HAL_UARTEx_RxEventCallback             0x0800205a   Section        0  stm32f4xx_hal_uart.o(i.HAL_UARTEx_RxEventCallback)
    i.HAL_UART_DMAStop                       0x0800205c   Section        0  stm32f4xx_hal_uart.o(i.HAL_UART_DMAStop)
    i.HAL_UART_ErrorCallback                 0x080020cc   Section        0  stm32f4xx_hal_uart.o(i.HAL_UART_ErrorCallback)
    i.HAL_UART_IRQHandler                    0x080020d0   Section        0  stm32f4xx_hal_uart.o(i.HAL_UART_IRQHandler)
    i.HAL_UART_Init                          0x08002340   Section        0  stm32f4xx_hal_uart.o(i.HAL_UART_Init)
    i.HAL_UART_MspInit                       0x080023a4   Section        0  usart.o(i.HAL_UART_MspInit)
    i.HAL_UART_Receive_DMA                   0x08002640   Section        0  stm32f4xx_hal_uart.o(i.HAL_UART_Receive_DMA)
    i.HAL_UART_RxCpltCallback                0x0800265c   Section        0  stm32f4xx_hal_uart.o(i.HAL_UART_RxCpltCallback)
    i.HAL_UART_RxHalfCpltCallback            0x0800265e   Section        0  stm32f4xx_hal_uart.o(i.HAL_UART_RxHalfCpltCallback)
    i.HAL_UART_Transmit                      0x08002660   Section        0  stm32f4xx_hal_uart.o(i.HAL_UART_Transmit)
    i.HAL_UART_TxCpltCallback                0x08002700   Section        0  stm32f4xx_hal_uart.o(i.HAL_UART_TxCpltCallback)
    i.HardFault_Handler                      0x08002702   Section        0  stm32f4xx_it.o(i.HardFault_Handler)
    i.MX_DMA_Init                            0x08002704   Section        0  dma.o(i.MX_DMA_Init)
    i.MX_GPIO_Init                           0x08002770   Section        0  gpio.o(i.MX_GPIO_Init)
    i.MX_TIM1_Init                           0x08002844   Section        0  tim.o(i.MX_TIM1_Init)
    i.MX_TIM2_Init                           0x0800293c   Section        0  tim.o(i.MX_TIM2_Init)
    i.MX_TIM3_Init                           0x080029dc   Section        0  tim.o(i.MX_TIM3_Init)
    i.MX_TIM4_Init                           0x08002a74   Section        0  tim.o(i.MX_TIM4_Init)
    i.MX_TIM5_Init                           0x08002ae4   Section        0  tim.o(i.MX_TIM5_Init)
    i.MX_TIM8_Init                           0x08002b4c   Section        0  tim.o(i.MX_TIM8_Init)
    i.MX_USART1_UART_Init                    0x08002c14   Section        0  usart.o(i.MX_USART1_UART_Init)
    i.MX_USART2_UART_Init                    0x08002c4c   Section        0  usart.o(i.MX_USART2_UART_Init)
    i.MX_USART3_UART_Init                    0x08002c84   Section        0  usart.o(i.MX_USART3_UART_Init)
    i.MX_USART6_UART_Init                    0x08002cbc   Section        0  usart.o(i.MX_USART6_UART_Init)
    i.MemManage_Handler                      0x08002cf4   Section        0  stm32f4xx_it.o(i.MemManage_Handler)
    i.NMI_Handler                            0x08002cf6   Section        0  stm32f4xx_it.o(i.NMI_Handler)
    i.PendSV_Handler                         0x08002cf8   Section        0  stm32f4xx_it.o(i.PendSV_Handler)
    i.SVC_Handler                            0x08002cfa   Section        0  stm32f4xx_it.o(i.SVC_Handler)
    i.SysTick_Handler                        0x08002cfc   Section        0  stm32f4xx_it.o(i.SysTick_Handler)
    i.SystemClock_Config                     0x08002d00   Section        0  main.o(i.SystemClock_Config)
    i.SystemInit                             0x08002d90   Section        0  system_stm32f4xx.o(i.SystemInit)
    i.TIM1_UP_TIM10_IRQHandler               0x08002da0   Section        0  stm32f4xx_it.o(i.TIM1_UP_TIM10_IRQHandler)
    i.TIM2_IRQHandler                        0x08002dac   Section        0  stm32f4xx_it.o(i.TIM2_IRQHandler)
    i.TIM3_IRQHandler                        0x08002db8   Section        0  stm32f4xx_it.o(i.TIM3_IRQHandler)
    i.TIM4_IRQHandler                        0x08002dc4   Section        0  stm32f4xx_it.o(i.TIM4_IRQHandler)
    i.TIM5_IRQHandler                        0x08002dd0   Section        0  stm32f4xx_it.o(i.TIM5_IRQHandler)
    i.TIM8_UP_TIM13_IRQHandler               0x08002ddc   Section        0  stm32f4xx_it.o(i.TIM8_UP_TIM13_IRQHandler)
    i.TIM_Base_SetConfig                     0x08002de8   Section        0  stm32f4xx_hal_tim.o(i.TIM_Base_SetConfig)
    i.TIM_CCxChannelCmd                      0x08002ec0   Section        0  stm32f4xx_hal_tim.o(i.TIM_CCxChannelCmd)
    i.TIM_ETR_SetConfig                      0x08002eda   Section        0  stm32f4xx_hal_tim.o(i.TIM_ETR_SetConfig)
    i.TIM_ITRx_SetConfig                     0x08002eee   Section        0  stm32f4xx_hal_tim.o(i.TIM_ITRx_SetConfig)
    TIM_ITRx_SetConfig                       0x08002eef   Thumb Code    16  stm32f4xx_hal_tim.o(i.TIM_ITRx_SetConfig)
    i.TIM_OC1_SetConfig                      0x08002f00   Section        0  stm32f4xx_hal_tim.o(i.TIM_OC1_SetConfig)
    TIM_OC1_SetConfig                        0x08002f01   Thumb Code    88  stm32f4xx_hal_tim.o(i.TIM_OC1_SetConfig)
    i.TIM_OC2_SetConfig                      0x08002f60   Section        0  stm32f4xx_hal_tim.o(i.TIM_OC2_SetConfig)
    i.TIM_OC3_SetConfig                      0x08002fcc   Section        0  stm32f4xx_hal_tim.o(i.TIM_OC3_SetConfig)
    TIM_OC3_SetConfig                        0x08002fcd   Thumb Code    96  stm32f4xx_hal_tim.o(i.TIM_OC3_SetConfig)
    i.TIM_OC4_SetConfig                      0x08003034   Section        0  stm32f4xx_hal_tim.o(i.TIM_OC4_SetConfig)
    TIM_OC4_SetConfig                        0x08003035   Thumb Code    70  stm32f4xx_hal_tim.o(i.TIM_OC4_SetConfig)
    i.TIM_TI1_ConfigInputStage               0x08003084   Section        0  stm32f4xx_hal_tim.o(i.TIM_TI1_ConfigInputStage)
    TIM_TI1_ConfigInputStage                 0x08003085   Thumb Code    34  stm32f4xx_hal_tim.o(i.TIM_TI1_ConfigInputStage)
    i.TIM_TI2_ConfigInputStage               0x080030a6   Section        0  stm32f4xx_hal_tim.o(i.TIM_TI2_ConfigInputStage)
    TIM_TI2_ConfigInputStage                 0x080030a7   Thumb Code    36  stm32f4xx_hal_tim.o(i.TIM_TI2_ConfigInputStage)
    i.UART_DMAAbortOnError                   0x080030ca   Section        0  stm32f4xx_hal_uart.o(i.UART_DMAAbortOnError)
    UART_DMAAbortOnError                     0x080030cb   Thumb Code    16  stm32f4xx_hal_uart.o(i.UART_DMAAbortOnError)
    i.UART_DMAError                          0x080030da   Section        0  stm32f4xx_hal_uart.o(i.UART_DMAError)
    UART_DMAError                            0x080030db   Thumb Code    74  stm32f4xx_hal_uart.o(i.UART_DMAError)
    i.UART_DMAReceiveCplt                    0x08003124   Section        0  stm32f4xx_hal_uart.o(i.UART_DMAReceiveCplt)
    UART_DMAReceiveCplt                      0x08003125   Thumb Code   134  stm32f4xx_hal_uart.o(i.UART_DMAReceiveCplt)
    i.UART_DMARxHalfCplt                     0x080031aa   Section        0  stm32f4xx_hal_uart.o(i.UART_DMARxHalfCplt)
    UART_DMARxHalfCplt                       0x080031ab   Thumb Code    30  stm32f4xx_hal_uart.o(i.UART_DMARxHalfCplt)
    i.UART_EndRxTransfer                     0x080031c8   Section        0  stm32f4xx_hal_uart.o(i.UART_EndRxTransfer)
    UART_EndRxTransfer                       0x080031c9   Thumb Code    78  stm32f4xx_hal_uart.o(i.UART_EndRxTransfer)
    i.UART_EndTxTransfer                     0x08003216   Section        0  stm32f4xx_hal_uart.o(i.UART_EndTxTransfer)
    UART_EndTxTransfer                       0x08003217   Thumb Code    28  stm32f4xx_hal_uart.o(i.UART_EndTxTransfer)
    i.UART_Receive_IT                        0x08003232   Section        0  stm32f4xx_hal_uart.o(i.UART_Receive_IT)
    UART_Receive_IT                          0x08003233   Thumb Code   194  stm32f4xx_hal_uart.o(i.UART_Receive_IT)
    i.UART_SetConfig                         0x080032f4   Section        0  stm32f4xx_hal_uart.o(i.UART_SetConfig)
    UART_SetConfig                           0x080032f5   Thumb Code   258  stm32f4xx_hal_uart.o(i.UART_SetConfig)
    i.UART_Start_Receive_DMA                 0x08003400   Section        0  stm32f4xx_hal_uart.o(i.UART_Start_Receive_DMA)
    i.UART_WaitOnFlagUntilTimeout            0x08003490   Section        0  stm32f4xx_hal_uart.o(i.UART_WaitOnFlagUntilTimeout)
    UART_WaitOnFlagUntilTimeout              0x08003491   Thumb Code   114  stm32f4xx_hal_uart.o(i.UART_WaitOnFlagUntilTimeout)
    i.USART1_IRQHandler                      0x08003504   Section        0  stm32f4xx_it.o(i.USART1_IRQHandler)
    i.USART2_IRQHandler                      0x0800351c   Section        0  stm32f4xx_it.o(i.USART2_IRQHandler)
    i.USART3_IRQHandler                      0x08003534   Section        0  stm32f4xx_it.o(i.USART3_IRQHandler)
    i.USART6_IRQHandler                      0x0800354c   Section        0  stm32f4xx_it.o(i.USART6_IRQHandler)
    i.USAR_UART_IDLECallback                 0x08003564   Section        0  uart.o(i.USAR_UART_IDLECallback)
    i.UsageFault_Handler                     0x080036a4   Section        0  stm32f4xx_it.o(i.UsageFault_Handler)
    i.__0printf                              0x080036a8   Section        0  printfa.o(i.__0printf)
    i.__NVIC_SetPriority                     0x080036c8   Section        0  stm32f4xx_hal_cortex.o(i.__NVIC_SetPriority)
    __NVIC_SetPriority                       0x080036c9   Thumb Code    32  stm32f4xx_hal_cortex.o(i.__NVIC_SetPriority)
    i.__scatterload_copy                     0x080036e8   Section       14  handlers.o(i.__scatterload_copy)
    i.__scatterload_null                     0x080036f6   Section        2  handlers.o(i.__scatterload_null)
    i.__scatterload_zeroinit                 0x080036f8   Section       14  handlers.o(i.__scatterload_zeroinit)
    i._fp_digits                             0x08003708   Section        0  printfa.o(i._fp_digits)
    _fp_digits                               0x08003709   Thumb Code   366  printfa.o(i._fp_digits)
    i._printf_core                           0x0800388c   Section        0  printfa.o(i._printf_core)
    _printf_core                             0x0800388d   Thumb Code  1744  printfa.o(i._printf_core)
    i._printf_post_padding                   0x08003f68   Section        0  printfa.o(i._printf_post_padding)
    _printf_post_padding                     0x08003f69   Thumb Code    36  printfa.o(i._printf_post_padding)
    i._printf_pre_padding                    0x08003f8c   Section        0  printfa.o(i._printf_pre_padding)
    _printf_pre_padding                      0x08003f8d   Thumb Code    46  printfa.o(i._printf_pre_padding)
    i.buffer_hadle_USART1                    0x08003fbc   Section        0  uart.o(i.buffer_hadle_USART1)
    i.buffer_hadle_USART2                    0x0800489c   Section        0  uart.o(i.buffer_hadle_USART2)
    i.buffer_hadle_USART3                    0x080048b8   Section        0  uart.o(i.buffer_hadle_USART3)
    i.chelk_buffer                           0x080048d4   Section        0  uart.o(i.chelk_buffer)
    i.fputc                                  0x0800492c   Section        0  main.o(i.fputc)
    i.main                                   0x08004944   Section        0  main.o(i.main)
    i.motor_control                          0x080049cc   Section        0  motor.o(i.motor_control)
    i.motor_init                             0x08004e68   Section        0  motor.o(i.motor_init)
    i.move_back                              0x08004e84   Section        0  motor.o(i.move_back)
    i.move_foward                            0x08005008   Section        0  motor.o(i.move_foward)
    i.move_left                              0x0800518c   Section        0  motor.o(i.move_left)
    i.move_right                             0x08005380   Section        0  motor.o(i.move_right)
    i.mymain                                 0x0800557c   Section        0  mymain_1.o(i.mymain)
    i.state_machine                          0x080055b0   Section        0  mymain_1.o(i.state_machine)
    i.steer_control                          0x080057f8   Section        0  steer.o(i.steer_control)
    i.steer_init                             0x080058f8   Section        0  steer.o(i.steer_init)
    i.system_init                            0x08005910   Section        0  mymain_1.o(i.system_init)
    i.test_catch                             0x08005b50   Section        0  steer.o(i.test_catch)
    i.test_put                               0x08005e68   Section        0  steer.o(i.test_put)
    i.turn_left                              0x08006198   Section        0  motor.o(i.turn_left)
    i.turn_right                             0x08006378   Section        0  motor.o(i.turn_right)
    .constdata                               0x08006558   Section        8  stm32f4xx_hal_dma.o(.constdata)
    flagBitshiftOffset                       0x08006558   Data           8  stm32f4xx_hal_dma.o(.constdata)
    .constdata                               0x08006560   Section       16  system_stm32f4xx.o(.constdata)
    .constdata                               0x08006570   Section        8  system_stm32f4xx.o(.constdata)
    .data                                    0x20000000   Section        8  mymain_1.o(.data)
    .data                                    0x20000008   Section       24  steer.o(.data)
    .data                                    0x20000020   Section       64  time.o(.data)
    .data                                    0x20000060   Section        4  time.o(.data)
    .data                                    0x20000064   Section        4  time.o(.data)
    .data                                    0x20000068   Section       40  uart.o(.data)
    .data                                    0x20000090   Section       12  stm32f4xx_hal.o(.data)
    .data                                    0x2000009c   Section        4  system_stm32f4xx.o(.data)
    .data                                    0x200000a0   Section        4  stdout.o(.data)
    .bss                                     0x200000a8   Section       48  steer.o(.bss)
    .bss                                     0x200000d8   Section      312  motor.o(.bss)
    .bss                                     0x20000210   Section      104  motor.o(.bss)
    .bss                                     0x20000278   Section      104  motor.o(.bss)
    .bss                                     0x200002e0   Section      400  uart.o(.bss)
    .bss                                     0x20000470   Section      432  tim.o(.bss)
    .bss                                     0x20000620   Section      672  usart.o(.bss)
    STACK                                    0x200008c0   Section     1024  startup_stm32f407xx.o(STACK)

    Global Symbols

    Symbol Name                              Value     Ov Type        Size  Object(Section)

    BuildAttributes$$THM_ISAv4$E$P$D$K$B$S$7EM$VFPi3$EXTD16$VFPS$VFMA$PE$A:L22UL41UL21$X:L11$S22US41US21$IEEE1$IW$USESV6$~STKCKD$USESV7$~SHL$OSPACE$ROPI$EBA8$MICROLIB$REQ8$PRES8$EABIv2 0x00000000   Number         0  anon$$obj.o ABSOLUTE
    __ARM_use_no_argv                        0x00000000   Number         0  main.o ABSOLUTE
    _printf_a                                0x00000000   Number         0  stubs.o ABSOLUTE
    _printf_c                                0x00000000   Number         0  stubs.o ABSOLUTE
    _printf_charcount                        0x00000000   Number         0  stubs.o ABSOLUTE
    _printf_d                                0x00000000   Number         0  stubs.o ABSOLUTE
    _printf_e                                0x00000000   Number         0  stubs.o ABSOLUTE
    _printf_f                                0x00000000   Number         0  stubs.o ABSOLUTE
    _printf_flags                            0x00000000   Number         0  stubs.o ABSOLUTE
    _printf_fp_dec                           0x00000000   Number         0  stubs.o ABSOLUTE
    _printf_fp_hex                           0x00000000   Number         0  stubs.o ABSOLUTE
    _printf_g                                0x00000000   Number         0  stubs.o ABSOLUTE
    _printf_i                                0x00000000   Number         0  stubs.o ABSOLUTE
    _printf_int_dec                          0x00000000   Number         0  stubs.o ABSOLUTE
    _printf_l                                0x00000000   Number         0  stubs.o ABSOLUTE
    _printf_lc                               0x00000000   Number         0  stubs.o ABSOLUTE
    _printf_ll                               0x00000000   Number         0  stubs.o ABSOLUTE
    _printf_lld                              0x00000000   Number         0  stubs.o ABSOLUTE
    _printf_lli                              0x00000000   Number         0  stubs.o ABSOLUTE
    _printf_llo                              0x00000000   Number         0  stubs.o ABSOLUTE
    _printf_llu                              0x00000000   Number         0  stubs.o ABSOLUTE
    _printf_llx                              0x00000000   Number         0  stubs.o ABSOLUTE
    _printf_longlong_dec                     0x00000000   Number         0  stubs.o ABSOLUTE
    _printf_longlong_hex                     0x00000000   Number         0  stubs.o ABSOLUTE
    _printf_longlong_oct                     0x00000000   Number         0  stubs.o ABSOLUTE
    _printf_ls                               0x00000000   Number         0  stubs.o ABSOLUTE
    _printf_mbtowc                           0x00000000   Number         0  stubs.o ABSOLUTE
    _printf_n                                0x00000000   Number         0  stubs.o ABSOLUTE
    _printf_o                                0x00000000   Number         0  stubs.o ABSOLUTE
    _printf_p                                0x00000000   Number         0  stubs.o ABSOLUTE
    _printf_percent                          0x00000000   Number         0  stubs.o ABSOLUTE
    _printf_pre_padding                      0x00000000   Number         0  stubs.o ABSOLUTE
    _printf_return_value                     0x00000000   Number         0  stubs.o ABSOLUTE
    _printf_s                                0x00000000   Number         0  stubs.o ABSOLUTE
    _printf_sizespec                         0x00000000   Number         0  stubs.o ABSOLUTE
    _printf_str                              0x00000000   Number         0  stubs.o ABSOLUTE
    _printf_truncate_signed                  0x00000000   Number         0  stubs.o ABSOLUTE
    _printf_truncate_unsigned                0x00000000   Number         0  stubs.o ABSOLUTE
    _printf_u                                0x00000000   Number         0  stubs.o ABSOLUTE
    _printf_wc                               0x00000000   Number         0  stubs.o ABSOLUTE
    _printf_wctomb                           0x00000000   Number         0  stubs.o ABSOLUTE
    _printf_widthprec                        0x00000000   Number         0  stubs.o ABSOLUTE
    _printf_x                                0x00000000   Number         0  stubs.o ABSOLUTE
    __cpp_initialize__aeabi_                  - Undefined Weak Reference
    __cxa_finalize                            - Undefined Weak Reference
    __decompress                              - Undefined Weak Reference
    _clock_init                               - Undefined Weak Reference
    _microlib_exit                            - Undefined Weak Reference
    __Vectors_Size                           0x00000188   Number         0  startup_stm32f407xx.o ABSOLUTE
    __Vectors                                0x08000000   Data           4  startup_stm32f407xx.o(RESET)
    __Vectors_End                            0x08000188   Data           0  startup_stm32f407xx.o(RESET)
    __main                                   0x08000189   Thumb Code     0  entry.o(.ARM.Collect$$$$00000000)
    _main_stk                                0x08000189   Thumb Code     0  entry2.o(.ARM.Collect$$$$00000001)
    _main_scatterload                        0x0800018d   Thumb Code     0  entry5.o(.ARM.Collect$$$$00000004)
    __main_after_scatterload                 0x08000191   Thumb Code     0  entry5.o(.ARM.Collect$$$$00000004)
    _main_clock                              0x08000191   Thumb Code     0  entry7b.o(.ARM.Collect$$$$00000008)
    _main_cpp_init                           0x08000191   Thumb Code     0  entry8b.o(.ARM.Collect$$$$0000000A)
    _main_init                               0x08000191   Thumb Code     0  entry9a.o(.ARM.Collect$$$$0000000B)
    __rt_final_cpp                           0x08000199   Thumb Code     0  entry10a.o(.ARM.Collect$$$$0000000D)
    __rt_final_exit                          0x08000199   Thumb Code     0  entry11a.o(.ARM.Collect$$$$0000000F)
    Reset_Handler                            0x0800019d   Thumb Code     8  startup_stm32f407xx.o(.text)
    ADC_IRQHandler                           0x080001b7   Thumb Code     0  startup_stm32f407xx.o(.text)
    CAN1_RX0_IRQHandler                      0x080001b7   Thumb Code     0  startup_stm32f407xx.o(.text)
    CAN1_RX1_IRQHandler                      0x080001b7   Thumb Code     0  startup_stm32f407xx.o(.text)
    CAN1_SCE_IRQHandler                      0x080001b7   Thumb Code     0  startup_stm32f407xx.o(.text)
    CAN1_TX_IRQHandler                       0x080001b7   Thumb Code     0  startup_stm32f407xx.o(.text)
    CAN2_RX0_IRQHandler                      0x080001b7   Thumb Code     0  startup_stm32f407xx.o(.text)
    CAN2_RX1_IRQHandler                      0x080001b7   Thumb Code     0  startup_stm32f407xx.o(.text)
    CAN2_SCE_IRQHandler                      0x080001b7   Thumb Code     0  startup_stm32f407xx.o(.text)
    CAN2_TX_IRQHandler                       0x080001b7   Thumb Code     0  startup_stm32f407xx.o(.text)
    DCMI_IRQHandler                          0x080001b7   Thumb Code     0  startup_stm32f407xx.o(.text)
    DMA1_Stream0_IRQHandler                  0x080001b7   Thumb Code     0  startup_stm32f407xx.o(.text)
    DMA1_Stream2_IRQHandler                  0x080001b7   Thumb Code     0  startup_stm32f407xx.o(.text)
    DMA1_Stream3_IRQHandler                  0x080001b7   Thumb Code     0  startup_stm32f407xx.o(.text)
    DMA1_Stream4_IRQHandler                  0x080001b7   Thumb Code     0  startup_stm32f407xx.o(.text)
    DMA1_Stream6_IRQHandler                  0x080001b7   Thumb Code     0  startup_stm32f407xx.o(.text)
    DMA1_Stream7_IRQHandler                  0x080001b7   Thumb Code     0  startup_stm32f407xx.o(.text)
    DMA2_Stream0_IRQHandler                  0x080001b7   Thumb Code     0  startup_stm32f407xx.o(.text)
    DMA2_Stream3_IRQHandler                  0x080001b7   Thumb Code     0  startup_stm32f407xx.o(.text)
    DMA2_Stream4_IRQHandler                  0x080001b7   Thumb Code     0  startup_stm32f407xx.o(.text)
    DMA2_Stream5_IRQHandler                  0x080001b7   Thumb Code     0  startup_stm32f407xx.o(.text)
    DMA2_Stream6_IRQHandler                  0x080001b7   Thumb Code     0  startup_stm32f407xx.o(.text)
    DMA2_Stream7_IRQHandler                  0x080001b7   Thumb Code     0  startup_stm32f407xx.o(.text)
    ETH_IRQHandler                           0x080001b7   Thumb Code     0  startup_stm32f407xx.o(.text)
    ETH_WKUP_IRQHandler                      0x080001b7   Thumb Code     0  startup_stm32f407xx.o(.text)
    EXTI0_IRQHandler                         0x080001b7   Thumb Code     0  startup_stm32f407xx.o(.text)
    EXTI15_10_IRQHandler                     0x080001b7   Thumb Code     0  startup_stm32f407xx.o(.text)
    EXTI1_IRQHandler                         0x080001b7   Thumb Code     0  startup_stm32f407xx.o(.text)
    EXTI2_IRQHandler                         0x080001b7   Thumb Code     0  startup_stm32f407xx.o(.text)
    EXTI3_IRQHandler                         0x080001b7   Thumb Code     0  startup_stm32f407xx.o(.text)
    EXTI4_IRQHandler                         0x080001b7   Thumb Code     0  startup_stm32f407xx.o(.text)
    EXTI9_5_IRQHandler                       0x080001b7   Thumb Code     0  startup_stm32f407xx.o(.text)
    FLASH_IRQHandler                         0x080001b7   Thumb Code     0  startup_stm32f407xx.o(.text)
    FMC_IRQHandler                           0x080001b7   Thumb Code     0  startup_stm32f407xx.o(.text)
    FPU_IRQHandler                           0x080001b7   Thumb Code     0  startup_stm32f407xx.o(.text)
    HASH_RNG_IRQHandler                      0x080001b7   Thumb Code     0  startup_stm32f407xx.o(.text)
    I2C1_ER_IRQHandler                       0x080001b7   Thumb Code     0  startup_stm32f407xx.o(.text)
    I2C1_EV_IRQHandler                       0x080001b7   Thumb Code     0  startup_stm32f407xx.o(.text)
    I2C2_ER_IRQHandler                       0x080001b7   Thumb Code     0  startup_stm32f407xx.o(.text)
    I2C2_EV_IRQHandler                       0x080001b7   Thumb Code     0  startup_stm32f407xx.o(.text)
    I2C3_ER_IRQHandler                       0x080001b7   Thumb Code     0  startup_stm32f407xx.o(.text)
    I2C3_EV_IRQHandler                       0x080001b7   Thumb Code     0  startup_stm32f407xx.o(.text)
    OTG_FS_IRQHandler                        0x080001b7   Thumb Code     0  startup_stm32f407xx.o(.text)
    OTG_FS_WKUP_IRQHandler                   0x080001b7   Thumb Code     0  startup_stm32f407xx.o(.text)
    OTG_HS_EP1_IN_IRQHandler                 0x080001b7   Thumb Code     0  startup_stm32f407xx.o(.text)
    OTG_HS_EP1_OUT_IRQHandler                0x080001b7   Thumb Code     0  startup_stm32f407xx.o(.text)
    OTG_HS_IRQHandler                        0x080001b7   Thumb Code     0  startup_stm32f407xx.o(.text)
    OTG_HS_WKUP_IRQHandler                   0x080001b7   Thumb Code     0  startup_stm32f407xx.o(.text)
    PVD_IRQHandler                           0x080001b7   Thumb Code     0  startup_stm32f407xx.o(.text)
    RCC_IRQHandler                           0x080001b7   Thumb Code     0  startup_stm32f407xx.o(.text)
    RTC_Alarm_IRQHandler                     0x080001b7   Thumb Code     0  startup_stm32f407xx.o(.text)
    RTC_WKUP_IRQHandler                      0x080001b7   Thumb Code     0  startup_stm32f407xx.o(.text)
    SDIO_IRQHandler                          0x080001b7   Thumb Code     0  startup_stm32f407xx.o(.text)
    SPI1_IRQHandler                          0x080001b7   Thumb Code     0  startup_stm32f407xx.o(.text)
    SPI2_IRQHandler                          0x080001b7   Thumb Code     0  startup_stm32f407xx.o(.text)
    SPI3_IRQHandler                          0x080001b7   Thumb Code     0  startup_stm32f407xx.o(.text)
    TAMP_STAMP_IRQHandler                    0x080001b7   Thumb Code     0  startup_stm32f407xx.o(.text)
    TIM1_BRK_TIM9_IRQHandler                 0x080001b7   Thumb Code     0  startup_stm32f407xx.o(.text)
    TIM1_CC_IRQHandler                       0x080001b7   Thumb Code     0  startup_stm32f407xx.o(.text)
    TIM1_TRG_COM_TIM11_IRQHandler            0x080001b7   Thumb Code     0  startup_stm32f407xx.o(.text)
    TIM6_DAC_IRQHandler                      0x080001b7   Thumb Code     0  startup_stm32f407xx.o(.text)
    TIM7_IRQHandler                          0x080001b7   Thumb Code     0  startup_stm32f407xx.o(.text)
    TIM8_BRK_TIM12_IRQHandler                0x080001b7   Thumb Code     0  startup_stm32f407xx.o(.text)
    TIM8_CC_IRQHandler                       0x080001b7   Thumb Code     0  startup_stm32f407xx.o(.text)
    TIM8_TRG_COM_TIM14_IRQHandler            0x080001b7   Thumb Code     0  startup_stm32f407xx.o(.text)
    UART4_IRQHandler                         0x080001b7   Thumb Code     0  startup_stm32f407xx.o(.text)
    UART5_IRQHandler                         0x080001b7   Thumb Code     0  startup_stm32f407xx.o(.text)
    WWDG_IRQHandler                          0x080001b7   Thumb Code     0  startup_stm32f407xx.o(.text)
    __aeabi_uldivmod                         0x080001c1   Thumb Code    98  uldiv.o(.text)
    __aeabi_memcpy                           0x08000223   Thumb Code    36  memcpya.o(.text)
    __aeabi_memcpy4                          0x08000223   Thumb Code     0  memcpya.o(.text)
    __aeabi_memcpy8                          0x08000223   Thumb Code     0  memcpya.o(.text)
    __aeabi_memset                           0x08000247   Thumb Code    14  memseta.o(.text)
    __aeabi_memset4                          0x08000247   Thumb Code     0  memseta.o(.text)
    __aeabi_memset8                          0x08000247   Thumb Code     0  memseta.o(.text)
    __aeabi_memclr                           0x08000255   Thumb Code     4  memseta.o(.text)
    __aeabi_memclr4                          0x08000255   Thumb Code     0  memseta.o(.text)
    __aeabi_memclr8                          0x08000255   Thumb Code     0  memseta.o(.text)
    _memset$wrapper                          0x08000259   Thumb Code    18  memseta.o(.text)
    __aeabi_dadd                             0x0800026b   Thumb Code   322  dadd.o(.text)
    __aeabi_dsub                             0x080003ad   Thumb Code     6  dadd.o(.text)
    __aeabi_drsub                            0x080003b3   Thumb Code     6  dadd.o(.text)
    __aeabi_dmul                             0x080003b9   Thumb Code   228  dmul.o(.text)
    __aeabi_ddiv                             0x0800049d   Thumb Code   222  ddiv.o(.text)
    __aeabi_i2d                              0x0800057b   Thumb Code    34  dflti.o(.text)
    __aeabi_ui2d                             0x0800059d   Thumb Code    26  dfltui.o(.text)
    __aeabi_l2d                              0x080005b7   Thumb Code    40  dfltl.o(.text)
    __aeabi_d2iz                             0x080005df   Thumb Code    62  dfixi.o(.text)
    __aeabi_cdcmpeq                          0x0800061d   Thumb Code     0  cdcmple.o(.text)
    __aeabi_cdcmple                          0x0800061d   Thumb Code    48  cdcmple.o(.text)
    __aeabi_cdrcmple                         0x0800064d   Thumb Code    48  cdrcmple.o(.text)
    __aeabi_uidiv                            0x0800067d   Thumb Code     0  uidiv.o(.text)
    __aeabi_uidivmod                         0x0800067d   Thumb Code    44  uidiv.o(.text)
    __aeabi_llsl                             0x080006a9   Thumb Code    30  llshl.o(.text)
    _ll_shift_l                              0x080006a9   Thumb Code     0  llshl.o(.text)
    __aeabi_llsr                             0x080006c7   Thumb Code    32  llushr.o(.text)
    _ll_ushift_r                             0x080006c7   Thumb Code     0  llushr.o(.text)
    __aeabi_lasr                             0x080006e7   Thumb Code    36  llsshr.o(.text)
    _ll_sshift_r                             0x080006e7   Thumb Code     0  llsshr.o(.text)
    __I$use$fp                               0x0800070b   Thumb Code     0  iusefp.o(.text)
    _double_round                            0x0800070b   Thumb Code    30  depilogue.o(.text)
    _double_epilogue                         0x08000729   Thumb Code   156  depilogue.o(.text)
    __aeabi_d2ulz                            0x080007c5   Thumb Code    48  dfixul.o(.text)
    __scatterload                            0x080007f5   Thumb Code    28  init.o(.text)
    __scatterload_rt2                        0x080007f5   Thumb Code     0  init.o(.text)
    Bluetooth_UART_IRQHandler                0x08000819   Thumb Code   122  uart.o(i.Bluetooth_UART_IRQHandler)
    BusFault_Handler                         0x080008b5   Thumb Code     2  stm32f4xx_it.o(i.BusFault_Handler)
    DMA1_Stream1_IRQHandler                  0x080008b9   Thumb Code     6  stm32f4xx_it.o(i.DMA1_Stream1_IRQHandler)
    DMA1_Stream5_IRQHandler                  0x080008c5   Thumb Code     6  stm32f4xx_it.o(i.DMA1_Stream5_IRQHandler)
    DMA2_Stream1_IRQHandler                  0x080008d1   Thumb Code     6  stm32f4xx_it.o(i.DMA2_Stream1_IRQHandler)
    DMA2_Stream2_IRQHandler                  0x080008dd   Thumb Code     6  stm32f4xx_it.o(i.DMA2_Stream2_IRQHandler)
    DMA_USART_Init                           0x0800098d   Thumb Code   118  uart.o(i.DMA_USART_Init)
    DebugMon_Handler                         0x08000a1d   Thumb Code     2  stm32f4xx_it.o(i.DebugMon_Handler)
    Error_Handler                            0x08000a1f   Thumb Code     4  main.o(i.Error_Handler)
    HAL_DMA_Abort                            0x08000a23   Thumb Code   146  stm32f4xx_hal_dma.o(i.HAL_DMA_Abort)
    HAL_DMA_Abort_IT                         0x08000ab5   Thumb Code    36  stm32f4xx_hal_dma.o(i.HAL_DMA_Abort_IT)
    HAL_DMA_IRQHandler                       0x08000ad9   Thumb Code   412  stm32f4xx_hal_dma.o(i.HAL_DMA_IRQHandler)
    HAL_DMA_Init                             0x08000c79   Thumb Code   206  stm32f4xx_hal_dma.o(i.HAL_DMA_Init)
    HAL_DMA_Start_IT                         0x08000d4d   Thumb Code   110  stm32f4xx_hal_dma.o(i.HAL_DMA_Start_IT)
    HAL_Delay                                0x08000dbd   Thumb Code    32  stm32f4xx_hal.o(i.HAL_Delay)
    HAL_GPIO_Init                            0x08000de1   Thumb Code   450  stm32f4xx_hal_gpio.o(i.HAL_GPIO_Init)
    HAL_GPIO_WritePin                        0x08000fd1   Thumb Code    10  stm32f4xx_hal_gpio.o(i.HAL_GPIO_WritePin)
    HAL_GetTick                              0x08000fdd   Thumb Code     6  stm32f4xx_hal.o(i.HAL_GetTick)
    HAL_IncTick                              0x08000fe9   Thumb Code    12  stm32f4xx_hal.o(i.HAL_IncTick)
    HAL_Init                                 0x08000ff9   Thumb Code    48  stm32f4xx_hal.o(i.HAL_Init)
    HAL_InitTick                             0x0800102d   Thumb Code    54  stm32f4xx_hal.o(i.HAL_InitTick)
    HAL_MspInit                              0x0800106d   Thumb Code    42  stm32f4xx_hal_msp.o(i.HAL_MspInit)
    HAL_NVIC_EnableIRQ                       0x0800109d   Thumb Code    26  stm32f4xx_hal_cortex.o(i.HAL_NVIC_EnableIRQ)
    HAL_NVIC_SetPriority                     0x080010b9   Thumb Code    60  stm32f4xx_hal_cortex.o(i.HAL_NVIC_SetPriority)
    HAL_NVIC_SetPriorityGrouping             0x080010f9   Thumb Code    26  stm32f4xx_hal_cortex.o(i.HAL_NVIC_SetPriorityGrouping)
    HAL_RCC_ClockConfig                      0x0800111d   Thumb Code   288  stm32f4xx_hal_rcc.o(i.HAL_RCC_ClockConfig)
    HAL_RCC_GetPCLK1Freq                     0x08001251   Thumb Code    20  stm32f4xx_hal_rcc.o(i.HAL_RCC_GetPCLK1Freq)
    HAL_RCC_GetPCLK2Freq                     0x08001271   Thumb Code    20  stm32f4xx_hal_rcc.o(i.HAL_RCC_GetPCLK2Freq)
    HAL_RCC_GetSysClockFreq                  0x08001291   Thumb Code    88  stm32f4xx_hal_rcc.o(i.HAL_RCC_GetSysClockFreq)
    HAL_RCC_OscConfig                        0x080012f5   Thumb Code   856  stm32f4xx_hal_rcc.o(i.HAL_RCC_OscConfig)
    HAL_SYSTICK_Config                       0x08001661   Thumb Code    40  stm32f4xx_hal_cortex.o(i.HAL_SYSTICK_Config)
    HAL_TIMEx_BreakCallback                  0x08001689   Thumb Code     2  stm32f4xx_hal_tim_ex.o(i.HAL_TIMEx_BreakCallback)
    HAL_TIMEx_CommutCallback                 0x0800168b   Thumb Code     2  stm32f4xx_hal_tim_ex.o(i.HAL_TIMEx_CommutCallback)
    HAL_TIMEx_ConfigBreakDeadTime            0x0800168d   Thumb Code    84  stm32f4xx_hal_tim_ex.o(i.HAL_TIMEx_ConfigBreakDeadTime)
    HAL_TIMEx_MasterConfigSynchronization    0x080016e1   Thumb Code   116  stm32f4xx_hal_tim_ex.o(i.HAL_TIMEx_MasterConfigSynchronization)
    HAL_TIM_Base_Init                        0x08001771   Thumb Code    90  stm32f4xx_hal_tim.o(i.HAL_TIM_Base_Init)
    HAL_TIM_Base_MspInit                     0x080017cd   Thumb Code   162  tim.o(i.HAL_TIM_Base_MspInit)
    HAL_TIM_Base_Start_IT                    0x08001885   Thumb Code   100  stm32f4xx_hal_tim.o(i.HAL_TIM_Base_Start_IT)
    HAL_TIM_ConfigClockSource                0x08001905   Thumb Code   220  stm32f4xx_hal_tim.o(i.HAL_TIM_ConfigClockSource)
    HAL_TIM_IC_CaptureCallback               0x080019e1   Thumb Code     2  stm32f4xx_hal_tim.o(i.HAL_TIM_IC_CaptureCallback)
    HAL_TIM_IRQHandler                       0x080019e3   Thumb Code   304  stm32f4xx_hal_tim.o(i.HAL_TIM_IRQHandler)
    HAL_TIM_MspPostInit                      0x08001b15   Thumb Code   260  tim.o(i.HAL_TIM_MspPostInit)
    HAL_TIM_OC_DelayElapsedCallback          0x08001c41   Thumb Code     2  stm32f4xx_hal_tim.o(i.HAL_TIM_OC_DelayElapsedCallback)
    HAL_TIM_PWM_ConfigChannel                0x08001c43   Thumb Code   204  stm32f4xx_hal_tim.o(i.HAL_TIM_PWM_ConfigChannel)
    HAL_TIM_PWM_Init                         0x08001d0f   Thumb Code    90  stm32f4xx_hal_tim.o(i.HAL_TIM_PWM_Init)
    HAL_TIM_PWM_MspInit                      0x08001d69   Thumb Code    86  tim.o(i.HAL_TIM_PWM_MspInit)
    HAL_TIM_PWM_PulseFinishedCallback        0x08001dc9   Thumb Code     2  stm32f4xx_hal_tim.o(i.HAL_TIM_PWM_PulseFinishedCallback)
    HAL_TIM_PWM_Start                        0x08001dcd   Thumb Code   172  stm32f4xx_hal_tim.o(i.HAL_TIM_PWM_Start)
    HAL_TIM_PWM_Stop_IT                      0x08001e95   Thumb Code   178  stm32f4xx_hal_tim.o(i.HAL_TIM_PWM_Stop_IT)
    HAL_TIM_PeriodElapsedCallback            0x08001f51   Thumb Code   222  time.o(i.HAL_TIM_PeriodElapsedCallback)
    HAL_TIM_TriggerCallback                  0x08002059   Thumb Code     2  stm32f4xx_hal_tim.o(i.HAL_TIM_TriggerCallback)
    HAL_UARTEx_RxEventCallback               0x0800205b   Thumb Code     2  stm32f4xx_hal_uart.o(i.HAL_UARTEx_RxEventCallback)
    HAL_UART_DMAStop                         0x0800205d   Thumb Code   112  stm32f4xx_hal_uart.o(i.HAL_UART_DMAStop)
    HAL_UART_ErrorCallback                   0x080020cd   Thumb Code     2  stm32f4xx_hal_uart.o(i.HAL_UART_ErrorCallback)
    HAL_UART_IRQHandler                      0x080020d1   Thumb Code   618  stm32f4xx_hal_uart.o(i.HAL_UART_IRQHandler)
    HAL_UART_Init                            0x08002341   Thumb Code   100  stm32f4xx_hal_uart.o(i.HAL_UART_Init)
    HAL_UART_MspInit                         0x080023a5   Thumb Code   618  usart.o(i.HAL_UART_MspInit)
    HAL_UART_Receive_DMA                     0x08002641   Thumb Code    28  stm32f4xx_hal_uart.o(i.HAL_UART_Receive_DMA)
    HAL_UART_RxCpltCallback                  0x0800265d   Thumb Code     2  stm32f4xx_hal_uart.o(i.HAL_UART_RxCpltCallback)
    HAL_UART_RxHalfCpltCallback              0x0800265f   Thumb Code     2  stm32f4xx_hal_uart.o(i.HAL_UART_RxHalfCpltCallback)
    HAL_UART_Transmit                        0x08002661   Thumb Code   160  stm32f4xx_hal_uart.o(i.HAL_UART_Transmit)
    HAL_UART_TxCpltCallback                  0x08002701   Thumb Code     2  stm32f4xx_hal_uart.o(i.HAL_UART_TxCpltCallback)
    HardFault_Handler                        0x08002703   Thumb Code     2  stm32f4xx_it.o(i.HardFault_Handler)
    MX_DMA_Init                              0x08002705   Thumb Code   104  dma.o(i.MX_DMA_Init)
    MX_GPIO_Init                             0x08002771   Thumb Code   200  gpio.o(i.MX_GPIO_Init)
    MX_TIM1_Init                             0x08002845   Thumb Code   240  tim.o(i.MX_TIM1_Init)
    MX_TIM2_Init                             0x0800293d   Thumb Code   154  tim.o(i.MX_TIM2_Init)
    MX_TIM3_Init                             0x080029dd   Thumb Code   144  tim.o(i.MX_TIM3_Init)
    MX_TIM4_Init                             0x08002a75   Thumb Code   104  tim.o(i.MX_TIM4_Init)
    MX_TIM5_Init                             0x08002ae5   Thumb Code    94  tim.o(i.MX_TIM5_Init)
    MX_TIM8_Init                             0x08002b4d   Thumb Code   192  tim.o(i.MX_TIM8_Init)
    MX_USART1_UART_Init                      0x08002c15   Thumb Code    48  usart.o(i.MX_USART1_UART_Init)
    MX_USART2_UART_Init                      0x08002c4d   Thumb Code    48  usart.o(i.MX_USART2_UART_Init)
    MX_USART3_UART_Init                      0x08002c85   Thumb Code    48  usart.o(i.MX_USART3_UART_Init)
    MX_USART6_UART_Init                      0x08002cbd   Thumb Code    48  usart.o(i.MX_USART6_UART_Init)
    MemManage_Handler                        0x08002cf5   Thumb Code     2  stm32f4xx_it.o(i.MemManage_Handler)
    NMI_Handler                              0x08002cf7   Thumb Code     2  stm32f4xx_it.o(i.NMI_Handler)
    PendSV_Handler                           0x08002cf9   Thumb Code     2  stm32f4xx_it.o(i.PendSV_Handler)
    SVC_Handler                              0x08002cfb   Thumb Code     2  stm32f4xx_it.o(i.SVC_Handler)
    SysTick_Handler                          0x08002cfd   Thumb Code     4  stm32f4xx_it.o(i.SysTick_Handler)
    SystemClock_Config                       0x08002d01   Thumb Code   136  main.o(i.SystemClock_Config)
    SystemInit                               0x08002d91   Thumb Code    12  system_stm32f4xx.o(i.SystemInit)
    TIM1_UP_TIM10_IRQHandler                 0x08002da1   Thumb Code     6  stm32f4xx_it.o(i.TIM1_UP_TIM10_IRQHandler)
    TIM2_IRQHandler                          0x08002dad   Thumb Code     6  stm32f4xx_it.o(i.TIM2_IRQHandler)
    TIM3_IRQHandler                          0x08002db9   Thumb Code     6  stm32f4xx_it.o(i.TIM3_IRQHandler)
    TIM4_IRQHandler                          0x08002dc5   Thumb Code     6  stm32f4xx_it.o(i.TIM4_IRQHandler)
    TIM5_IRQHandler                          0x08002dd1   Thumb Code     6  stm32f4xx_it.o(i.TIM5_IRQHandler)
    TIM8_UP_TIM13_IRQHandler                 0x08002ddd   Thumb Code     6  stm32f4xx_it.o(i.TIM8_UP_TIM13_IRQHandler)
    TIM_Base_SetConfig                       0x08002de9   Thumb Code   170  stm32f4xx_hal_tim.o(i.TIM_Base_SetConfig)
    TIM_CCxChannelCmd                        0x08002ec1   Thumb Code    26  stm32f4xx_hal_tim.o(i.TIM_CCxChannelCmd)
    TIM_ETR_SetConfig                        0x08002edb   Thumb Code    20  stm32f4xx_hal_tim.o(i.TIM_ETR_SetConfig)
    TIM_OC2_SetConfig                        0x08002f61   Thumb Code    98  stm32f4xx_hal_tim.o(i.TIM_OC2_SetConfig)
    UART_Start_Receive_DMA                   0x08003401   Thumb Code   130  stm32f4xx_hal_uart.o(i.UART_Start_Receive_DMA)
    USART1_IRQHandler                        0x08003505   Thumb Code    18  stm32f4xx_it.o(i.USART1_IRQHandler)
    USART2_IRQHandler                        0x0800351d   Thumb Code    18  stm32f4xx_it.o(i.USART2_IRQHandler)
    USART3_IRQHandler                        0x08003535   Thumb Code    18  stm32f4xx_it.o(i.USART3_IRQHandler)
    USART6_IRQHandler                        0x0800354d   Thumb Code    18  stm32f4xx_it.o(i.USART6_IRQHandler)
    USAR_UART_IDLECallback                   0x08003565   Thumb Code   278  uart.o(i.USAR_UART_IDLECallback)
    UsageFault_Handler                       0x080036a5   Thumb Code     2  stm32f4xx_it.o(i.UsageFault_Handler)
    __0printf                                0x080036a9   Thumb Code    22  printfa.o(i.__0printf)
    __1printf                                0x080036a9   Thumb Code     0  printfa.o(i.__0printf)
    __2printf                                0x080036a9   Thumb Code     0  printfa.o(i.__0printf)
    __c89printf                              0x080036a9   Thumb Code     0  printfa.o(i.__0printf)
    printf                                   0x080036a9   Thumb Code     0  printfa.o(i.__0printf)
    __scatterload_copy                       0x080036e9   Thumb Code    14  handlers.o(i.__scatterload_copy)
    __scatterload_null                       0x080036f7   Thumb Code     2  handlers.o(i.__scatterload_null)
    __scatterload_zeroinit                   0x080036f9   Thumb Code    14  handlers.o(i.__scatterload_zeroinit)
    buffer_hadle_USART1                      0x08003fbd   Thumb Code  2262  uart.o(i.buffer_hadle_USART1)
    buffer_hadle_USART2                      0x0800489d   Thumb Code    24  uart.o(i.buffer_hadle_USART2)
    buffer_hadle_USART3                      0x080048b9   Thumb Code    24  uart.o(i.buffer_hadle_USART3)
    chelk_buffer                             0x080048d5   Thumb Code    82  uart.o(i.chelk_buffer)
    fputc                                    0x0800492d   Thumb Code    20  main.o(i.fputc)
    main                                     0x08004945   Thumb Code   112  main.o(i.main)
    motor_control                            0x080049cd   Thumb Code  1180  motor.o(i.motor_control)
    motor_init                               0x08004e69   Thumb Code    20  motor.o(i.motor_init)
    move_back                                0x08004e85   Thumb Code   366  motor.o(i.move_back)
    move_foward                              0x08005009   Thumb Code   366  motor.o(i.move_foward)
    move_left                                0x0800518d   Thumb Code   476  motor.o(i.move_left)
    move_right                               0x08005381   Thumb Code   492  motor.o(i.move_right)
    mymain                                   0x0800557d   Thumb Code    42  mymain_1.o(i.mymain)
    state_machine                            0x080055b1   Thumb Code   458  mymain_1.o(i.state_machine)
    steer_control                            0x080057f9   Thumb Code   214  steer.o(i.steer_control)
    steer_init                               0x080058f9   Thumb Code    14  steer.o(i.steer_init)
    system_init                              0x08005911   Thumb Code   522  mymain_1.o(i.system_init)
    test_catch                               0x08005b51   Thumb Code   678  steer.o(i.test_catch)
    test_put                                 0x08005e69   Thumb Code   710  steer.o(i.test_put)
    turn_left                                0x08006199   Thumb Code   456  motor.o(i.turn_left)
    turn_right                               0x08006379   Thumb Code   456  motor.o(i.turn_right)
    AHBPrescTable                            0x08006560   Data          16  system_stm32f4xx.o(.constdata)
    APBPrescTable                            0x08006570   Data           8  system_stm32f4xx.o(.constdata)
    Region$$Table$$Base                      0x08006578   Number         0  anon$$obj.o(Region$$Table)
    Region$$Table$$Limit                     0x08006598   Number         0  anon$$obj.o(Region$$Table)
    state_flag                               0x20000000   Data           1  mymain_1.o(.data)
    received_flag                            0x20000001   Data           1  mymain_1.o(.data)
    goods_num                                0x20000004   Data           4  mymain_1.o(.data)
    plate_pulse                              0x20000008   Data           8  steer.o(.data)
    catch_pulse                              0x20000010   Data           8  steer.o(.data)
    rotate_pulse                             0x20000018   Data           8  steer.o(.data)
    pulse4_flag1                             0x20000020   Data           4  time.o(.data)
    pulse4_1                                 0x20000024   Data           4  time.o(.data)
    pulse4_set1                              0x20000028   Data           4  time.o(.data)
    pulse4_flag2                             0x2000002c   Data           4  time.o(.data)
    pulse4_2                                 0x20000030   Data           4  time.o(.data)
    pulse4_set2                              0x20000034   Data           4  time.o(.data)
    pulse4_flag3                             0x20000038   Data           4  time.o(.data)
    pulse4_3                                 0x2000003c   Data           4  time.o(.data)
    pulse4_set3                              0x20000040   Data           4  time.o(.data)
    pulse4_flag5                             0x20000044   Data           4  time.o(.data)
    pulse4_5                                 0x20000048   Data           4  time.o(.data)
    pulse4_set5                              0x2000004c   Data           4  time.o(.data)
    time_Tick                                0x20000050   Data           8  time.o(.data)
    time_Tick_s                              0x20000058   Data           8  time.o(.data)
    pulse4_flag4                             0x20000060   Data           4  time.o(.data)
    pulse4_set4                              0x20000064   Data           4  time.o(.data)
    bad_order                                0x20000068   Data           1  uart.o(.data)
    bad_begin                                0x20000069   Data           1  uart.o(.data)
    rgb_stack_1                              0x2000006a   Data           3  uart.o(.data)
    rgb_stack_2                              0x2000006d   Data           3  uart.o(.data)
    buffer1                                  0x20000070   Data           4  uart.o(.data)
    catch_flag                               0x20000074   Data           4  uart.o(.data)
    put_flag                                 0x20000078   Data           4  uart.o(.data)
    dis_set                                  0x20000080   Data           8  uart.o(.data)
    sp2                                      0x20000088   Data           8  uart.o(.data)
    uwTickFreq                               0x20000090   Data           1  stm32f4xx_hal.o(.data)
    uwTickPrio                               0x20000094   Data           4  stm32f4xx_hal.o(.data)
    uwTick                                   0x20000098   Data           4  stm32f4xx_hal.o(.data)
    SystemCoreClock                          0x2000009c   Data           4  system_stm32f4xx.o(.data)
    __stdout                                 0x200000a0   Data           4  stdout.o(.data)
    steer_rotate                             0x200000a8   Data          16  steer.o(.bss)
    steer_plate                              0x200000b8   Data          16  steer.o(.bss)
    steer_catch                              0x200000c8   Data          16  steer.o(.bss)
    motor_lf                                 0x200000d8   Data         104  motor.o(.bss)
    motor_rf                                 0x20000140   Data         104  motor.o(.bss)
    motor_back                               0x200001a8   Data         104  motor.o(.bss)
    motor_up                                 0x20000210   Data         104  motor.o(.bss)
    motor_rotate                             0x20000278   Data         104  motor.o(.bss)
    receive_buff_1                           0x200002e0   Data          50  uart.o(.bss)
    USART1_buffer                            0x20000312   Data          50  uart.o(.bss)
    receive_buff_2                           0x20000344   Data          50  uart.o(.bss)
    USART2_buffer                            0x20000376   Data          50  uart.o(.bss)
    receive_buff_3                           0x200003a8   Data          50  uart.o(.bss)
    USART3_buffer                            0x200003da   Data          50  uart.o(.bss)
    receive_buff_6                           0x2000040c   Data          50  uart.o(.bss)
    USART6_buffer                            0x2000043e   Data          50  uart.o(.bss)
    htim1                                    0x20000470   Data          72  tim.o(.bss)
    htim2                                    0x200004b8   Data          72  tim.o(.bss)
    htim3                                    0x20000500   Data          72  tim.o(.bss)
    htim4                                    0x20000548   Data          72  tim.o(.bss)
    htim5                                    0x20000590   Data          72  tim.o(.bss)
    htim8                                    0x200005d8   Data          72  tim.o(.bss)
    huart1                                   0x20000620   Data          72  usart.o(.bss)
    huart2                                   0x20000668   Data          72  usart.o(.bss)
    huart3                                   0x200006b0   Data          72  usart.o(.bss)
    huart6                                   0x200006f8   Data          72  usart.o(.bss)
    hdma_usart1_rx                           0x20000740   Data          96  usart.o(.bss)
    hdma_usart2_rx                           0x200007a0   Data          96  usart.o(.bss)
    hdma_usart3_rx                           0x20000800   Data          96  usart.o(.bss)
    hdma_usart6_rx                           0x20000860   Data          96  usart.o(.bss)
    __initial_sp                             0x20000cc0   Data           0  startup_stm32f407xx.o(STACK)



==============================================================================

Memory Map of the image

  Image Entry point : 0x08000189

  Load Region LR_IROM1 (Base: 0x08000000, Size: 0x0000663c, Max: 0x00080000, ABSOLUTE)

    Execution Region ER_IROM1 (Exec base: 0x08000000, Load base: 0x08000000, Size: 0x00006598, Max: 0x00080000, ABSOLUTE)

    Exec Addr    Load Addr    Size         Type   Attr      Idx    E Section Name        Object

    0x08000000   0x08000000   0x00000188   Data   RO            3    RESET               startup_stm32f407xx.o
    0x08000188   0x08000188   0x00000000   Code   RO         3548  * .ARM.Collect$$$$00000000  mc_w.l(entry.o)
    0x08000188   0x08000188   0x00000004   Code   RO         3842    .ARM.Collect$$$$00000001  mc_w.l(entry2.o)
    0x0800018c   0x0800018c   0x00000004   Code   RO         3845    .ARM.Collect$$$$00000004  mc_w.l(entry5.o)
    0x08000190   0x08000190   0x00000000   Code   RO         3847    .ARM.Collect$$$$00000008  mc_w.l(entry7b.o)
    0x08000190   0x08000190   0x00000000   Code   RO         3849    .ARM.Collect$$$$0000000A  mc_w.l(entry8b.o)
    0x08000190   0x08000190   0x00000008   Code   RO         3850    .ARM.Collect$$$$0000000B  mc_w.l(entry9a.o)
    0x08000198   0x08000198   0x00000000   Code   RO         3852    .ARM.Collect$$$$0000000D  mc_w.l(entry10a.o)
    0x08000198   0x08000198   0x00000000   Code   RO         3854    .ARM.Collect$$$$0000000F  mc_w.l(entry11a.o)
    0x08000198   0x08000198   0x00000004   Code   RO         3843    .ARM.Collect$$$$00002712  mc_w.l(entry2.o)
    0x0800019c   0x0800019c   0x00000024   Code   RO            4    .text               startup_stm32f407xx.o
    0x080001c0   0x080001c0   0x00000062   Code   RO         3551    .text               mc_w.l(uldiv.o)
    0x08000222   0x08000222   0x00000024   Code   RO         3553    .text               mc_w.l(memcpya.o)
    0x08000246   0x08000246   0x00000024   Code   RO         3555    .text               mc_w.l(memseta.o)
    0x0800026a   0x0800026a   0x0000014e   Code   RO         3820    .text               mf_w.l(dadd.o)
    0x080003b8   0x080003b8   0x000000e4   Code   RO         3822    .text               mf_w.l(dmul.o)
    0x0800049c   0x0800049c   0x000000de   Code   RO         3824    .text               mf_w.l(ddiv.o)
    0x0800057a   0x0800057a   0x00000022   Code   RO         3828    .text               mf_w.l(dflti.o)
    0x0800059c   0x0800059c   0x0000001a   Code   RO         3830    .text               mf_w.l(dfltui.o)
    0x080005b6   0x080005b6   0x00000028   Code   RO         3832    .text               mf_w.l(dfltl.o)
    0x080005de   0x080005de   0x0000003e   Code   RO         3834    .text               mf_w.l(dfixi.o)
    0x0800061c   0x0800061c   0x00000030   Code   RO         3838    .text               mf_w.l(cdcmple.o)
    0x0800064c   0x0800064c   0x00000030   Code   RO         3840    .text               mf_w.l(cdrcmple.o)
    0x0800067c   0x0800067c   0x0000002c   Code   RO         3857    .text               mc_w.l(uidiv.o)
    0x080006a8   0x080006a8   0x0000001e   Code   RO         3859    .text               mc_w.l(llshl.o)
    0x080006c6   0x080006c6   0x00000020   Code   RO         3861    .text               mc_w.l(llushr.o)
    0x080006e6   0x080006e6   0x00000024   Code   RO         3863    .text               mc_w.l(llsshr.o)
    0x0800070a   0x0800070a   0x00000000   Code   RO         3865    .text               mc_w.l(iusefp.o)
    0x0800070a   0x0800070a   0x000000ba   Code   RO         3866    .text               mf_w.l(depilogue.o)
    0x080007c4   0x080007c4   0x00000030   Code   RO         3868    .text               mf_w.l(dfixul.o)
    0x080007f4   0x080007f4   0x00000024   Code   RO         3870    .text               mc_w.l(init.o)
    0x08000818   0x08000818   0x0000009c   Code   RO          502    i.Bluetooth_UART_IRQHandler  uart.o
    0x080008b4   0x080008b4   0x00000002   Code   RO          844    i.BusFault_Handler  stm32f4xx_it.o
    0x080008b6   0x080008b6   0x00000002   PAD
    0x080008b8   0x080008b8   0x0000000c   Code   RO          845    i.DMA1_Stream1_IRQHandler  stm32f4xx_it.o
    0x080008c4   0x080008c4   0x0000000c   Code   RO          846    i.DMA1_Stream5_IRQHandler  stm32f4xx_it.o
    0x080008d0   0x080008d0   0x0000000c   Code   RO          847    i.DMA2_Stream1_IRQHandler  stm32f4xx_it.o
    0x080008dc   0x080008dc   0x0000000c   Code   RO          848    i.DMA2_Stream2_IRQHandler  stm32f4xx_it.o
    0x080008e8   0x080008e8   0x00000028   Code   RO         2459    i.DMA_CalcBaseAndBitshift  stm32f4xx_hal_dma.o
    0x08000910   0x08000910   0x00000054   Code   RO         2460    i.DMA_CheckFifoParam  stm32f4xx_hal_dma.o
    0x08000964   0x08000964   0x00000028   Code   RO         2461    i.DMA_SetConfig     stm32f4xx_hal_dma.o
    0x0800098c   0x0800098c   0x00000090   Code   RO          503    i.DMA_USART_Init    uart.o
    0x08000a1c   0x08000a1c   0x00000002   Code   RO          849    i.DebugMon_Handler  stm32f4xx_it.o
    0x08000a1e   0x08000a1e   0x00000004   Code   RO          574    i.Error_Handler     main.o
    0x08000a22   0x08000a22   0x00000092   Code   RO         2462    i.HAL_DMA_Abort     stm32f4xx_hal_dma.o
    0x08000ab4   0x08000ab4   0x00000024   Code   RO         2463    i.HAL_DMA_Abort_IT  stm32f4xx_hal_dma.o
    0x08000ad8   0x08000ad8   0x000001a0   Code   RO         2467    i.HAL_DMA_IRQHandler  stm32f4xx_hal_dma.o
    0x08000c78   0x08000c78   0x000000d4   Code   RO         2468    i.HAL_DMA_Init      stm32f4xx_hal_dma.o
    0x08000d4c   0x08000d4c   0x0000006e   Code   RO         2472    i.HAL_DMA_Start_IT  stm32f4xx_hal_dma.o
    0x08000dba   0x08000dba   0x00000002   PAD
    0x08000dbc   0x08000dbc   0x00000024   Code   RO         2899    i.HAL_Delay         stm32f4xx_hal.o
    0x08000de0   0x08000de0   0x000001f0   Code   RO         2355    i.HAL_GPIO_Init     stm32f4xx_hal_gpio.o
    0x08000fd0   0x08000fd0   0x0000000a   Code   RO         2359    i.HAL_GPIO_WritePin  stm32f4xx_hal_gpio.o
    0x08000fda   0x08000fda   0x00000002   PAD
    0x08000fdc   0x08000fdc   0x0000000c   Code   RO         2905    i.HAL_GetTick       stm32f4xx_hal.o
    0x08000fe8   0x08000fe8   0x00000010   Code   RO         2911    i.HAL_IncTick       stm32f4xx_hal.o
    0x08000ff8   0x08000ff8   0x00000034   Code   RO         2912    i.HAL_Init          stm32f4xx_hal.o
    0x0800102c   0x0800102c   0x00000040   Code   RO         2913    i.HAL_InitTick      stm32f4xx_hal.o
    0x0800106c   0x0800106c   0x00000030   Code   RO         1003    i.HAL_MspInit       stm32f4xx_hal_msp.o
    0x0800109c   0x0800109c   0x0000001a   Code   RO         2747    i.HAL_NVIC_EnableIRQ  stm32f4xx_hal_cortex.o
    0x080010b6   0x080010b6   0x00000002   PAD
    0x080010b8   0x080010b8   0x00000040   Code   RO         2753    i.HAL_NVIC_SetPriority  stm32f4xx_hal_cortex.o
    0x080010f8   0x080010f8   0x00000024   Code   RO         2754    i.HAL_NVIC_SetPriorityGrouping  stm32f4xx_hal_cortex.o
    0x0800111c   0x0800111c   0x00000134   Code   RO         2001    i.HAL_RCC_ClockConfig  stm32f4xx_hal_rcc.o
    0x08001250   0x08001250   0x00000020   Code   RO         2008    i.HAL_RCC_GetPCLK1Freq  stm32f4xx_hal_rcc.o
    0x08001270   0x08001270   0x00000020   Code   RO         2009    i.HAL_RCC_GetPCLK2Freq  stm32f4xx_hal_rcc.o
    0x08001290   0x08001290   0x00000064   Code   RO         2010    i.HAL_RCC_GetSysClockFreq  stm32f4xx_hal_rcc.o
    0x080012f4   0x080012f4   0x0000036c   Code   RO         2013    i.HAL_RCC_OscConfig  stm32f4xx_hal_rcc.o
    0x08001660   0x08001660   0x00000028   Code   RO         2758    i.HAL_SYSTICK_Config  stm32f4xx_hal_cortex.o
    0x08001688   0x08001688   0x00000002   Code   RO         1733    i.HAL_TIMEx_BreakCallback  stm32f4xx_hal_tim_ex.o
    0x0800168a   0x0800168a   0x00000002   Code   RO         1734    i.HAL_TIMEx_CommutCallback  stm32f4xx_hal_tim_ex.o
    0x0800168c   0x0800168c   0x00000054   Code   RO         1736    i.HAL_TIMEx_ConfigBreakDeadTime  stm32f4xx_hal_tim_ex.o
    0x080016e0   0x080016e0   0x00000090   Code   RO         1752    i.HAL_TIMEx_MasterConfigSynchronization  stm32f4xx_hal_tim_ex.o
    0x08001770   0x08001770   0x0000005a   Code   RO         1029    i.HAL_TIM_Base_Init  stm32f4xx_hal_tim.o
    0x080017ca   0x080017ca   0x00000002   PAD
    0x080017cc   0x080017cc   0x000000b8   Code   RO          695    i.HAL_TIM_Base_MspInit  tim.o
    0x08001884   0x08001884   0x00000080   Code   RO         1034    i.HAL_TIM_Base_Start_IT  stm32f4xx_hal_tim.o
    0x08001904   0x08001904   0x000000dc   Code   RO         1038    i.HAL_TIM_ConfigClockSource  stm32f4xx_hal_tim.o
    0x080019e0   0x080019e0   0x00000002   Code   RO         1063    i.HAL_TIM_IC_CaptureCallback  stm32f4xx_hal_tim.o
    0x080019e2   0x080019e2   0x00000130   Code   RO         1077    i.HAL_TIM_IRQHandler  stm32f4xx_hal_tim.o
    0x08001b12   0x08001b12   0x00000002   PAD
    0x08001b14   0x08001b14   0x0000012c   Code   RO          696    i.HAL_TIM_MspPostInit  tim.o
    0x08001c40   0x08001c40   0x00000002   Code   RO         1080    i.HAL_TIM_OC_DelayElapsedCallback  stm32f4xx_hal_tim.o
    0x08001c42   0x08001c42   0x000000cc   Code   RO         1101    i.HAL_TIM_PWM_ConfigChannel  stm32f4xx_hal_tim.o
    0x08001d0e   0x08001d0e   0x0000005a   Code   RO         1104    i.HAL_TIM_PWM_Init  stm32f4xx_hal_tim.o
    0x08001d68   0x08001d68   0x00000060   Code   RO          698    i.HAL_TIM_PWM_MspInit  tim.o
    0x08001dc8   0x08001dc8   0x00000002   Code   RO         1107    i.HAL_TIM_PWM_PulseFinishedCallback  stm32f4xx_hal_tim.o
    0x08001dca   0x08001dca   0x00000002   PAD
    0x08001dcc   0x08001dcc   0x000000c8   Code   RO         1109    i.HAL_TIM_PWM_Start  stm32f4xx_hal_tim.o
    0x08001e94   0x08001e94   0x000000bc   Code   RO         1114    i.HAL_TIM_PWM_Stop_IT  stm32f4xx_hal_tim.o
    0x08001f50   0x08001f50   0x00000108   Code   RO          466    i.HAL_TIM_PeriodElapsedCallback  time.o
    0x08002058   0x08002058   0x00000002   Code   RO         1120    i.HAL_TIM_TriggerCallback  stm32f4xx_hal_tim.o
    0x0800205a   0x0800205a   0x00000002   Code   RO         3162    i.HAL_UARTEx_RxEventCallback  stm32f4xx_hal_uart.o
    0x0800205c   0x0800205c   0x00000070   Code   RO         3174    i.HAL_UART_DMAStop  stm32f4xx_hal_uart.o
    0x080020cc   0x080020cc   0x00000002   Code   RO         3176    i.HAL_UART_ErrorCallback  stm32f4xx_hal_uart.o
    0x080020ce   0x080020ce   0x00000002   PAD
    0x080020d0   0x080020d0   0x00000270   Code   RO         3179    i.HAL_UART_IRQHandler  stm32f4xx_hal_uart.o
    0x08002340   0x08002340   0x00000064   Code   RO         3180    i.HAL_UART_Init     stm32f4xx_hal_uart.o
    0x080023a4   0x080023a4   0x0000029c   Code   RO          785    i.HAL_UART_MspInit  usart.o
    0x08002640   0x08002640   0x0000001c   Code   RO         3184    i.HAL_UART_Receive_DMA  stm32f4xx_hal_uart.o
    0x0800265c   0x0800265c   0x00000002   Code   RO         3186    i.HAL_UART_RxCpltCallback  stm32f4xx_hal_uart.o
    0x0800265e   0x0800265e   0x00000002   Code   RO         3187    i.HAL_UART_RxHalfCpltCallback  stm32f4xx_hal_uart.o
    0x08002660   0x08002660   0x000000a0   Code   RO         3188    i.HAL_UART_Transmit  stm32f4xx_hal_uart.o
    0x08002700   0x08002700   0x00000002   Code   RO         3191    i.HAL_UART_TxCpltCallback  stm32f4xx_hal_uart.o
    0x08002702   0x08002702   0x00000002   Code   RO          850    i.HardFault_Handler  stm32f4xx_it.o
    0x08002704   0x08002704   0x0000006c   Code   RO          670    i.MX_DMA_Init       dma.o
    0x08002770   0x08002770   0x000000d4   Code   RO          646    i.MX_GPIO_Init      gpio.o
    0x08002844   0x08002844   0x000000f8   Code   RO          699    i.MX_TIM1_Init      tim.o
    0x0800293c   0x0800293c   0x000000a0   Code   RO          700    i.MX_TIM2_Init      tim.o
    0x080029dc   0x080029dc   0x00000098   Code   RO          701    i.MX_TIM3_Init      tim.o
    0x08002a74   0x08002a74   0x00000070   Code   RO          702    i.MX_TIM4_Init      tim.o
    0x08002ae4   0x08002ae4   0x00000068   Code   RO          703    i.MX_TIM5_Init      tim.o
    0x08002b4c   0x08002b4c   0x000000c8   Code   RO          704    i.MX_TIM8_Init      tim.o
    0x08002c14   0x08002c14   0x00000038   Code   RO          786    i.MX_USART1_UART_Init  usart.o
    0x08002c4c   0x08002c4c   0x00000038   Code   RO          787    i.MX_USART2_UART_Init  usart.o
    0x08002c84   0x08002c84   0x00000038   Code   RO          788    i.MX_USART3_UART_Init  usart.o
    0x08002cbc   0x08002cbc   0x00000038   Code   RO          789    i.MX_USART6_UART_Init  usart.o
    0x08002cf4   0x08002cf4   0x00000002   Code   RO          851    i.MemManage_Handler  stm32f4xx_it.o
    0x08002cf6   0x08002cf6   0x00000002   Code   RO          852    i.NMI_Handler       stm32f4xx_it.o
    0x08002cf8   0x08002cf8   0x00000002   Code   RO          853    i.PendSV_Handler    stm32f4xx_it.o
    0x08002cfa   0x08002cfa   0x00000002   Code   RO          854    i.SVC_Handler       stm32f4xx_it.o
    0x08002cfc   0x08002cfc   0x00000004   Code   RO          855    i.SysTick_Handler   stm32f4xx_it.o
    0x08002d00   0x08002d00   0x00000090   Code   RO          575    i.SystemClock_Config  main.o
    0x08002d90   0x08002d90   0x00000010   Code   RO         3514    i.SystemInit        system_stm32f4xx.o
    0x08002da0   0x08002da0   0x0000000c   Code   RO          856    i.TIM1_UP_TIM10_IRQHandler  stm32f4xx_it.o
    0x08002dac   0x08002dac   0x0000000c   Code   RO          857    i.TIM2_IRQHandler   stm32f4xx_it.o
    0x08002db8   0x08002db8   0x0000000c   Code   RO          858    i.TIM3_IRQHandler   stm32f4xx_it.o
    0x08002dc4   0x08002dc4   0x0000000c   Code   RO          859    i.TIM4_IRQHandler   stm32f4xx_it.o
    0x08002dd0   0x08002dd0   0x0000000c   Code   RO          860    i.TIM5_IRQHandler   stm32f4xx_it.o
    0x08002ddc   0x08002ddc   0x0000000c   Code   RO          861    i.TIM8_UP_TIM13_IRQHandler  stm32f4xx_it.o
    0x08002de8   0x08002de8   0x000000d8   Code   RO         1122    i.TIM_Base_SetConfig  stm32f4xx_hal_tim.o
    0x08002ec0   0x08002ec0   0x0000001a   Code   RO         1123    i.TIM_CCxChannelCmd  stm32f4xx_hal_tim.o
    0x08002eda   0x08002eda   0x00000014   Code   RO         1133    i.TIM_ETR_SetConfig  stm32f4xx_hal_tim.o
    0x08002eee   0x08002eee   0x00000010   Code   RO         1134    i.TIM_ITRx_SetConfig  stm32f4xx_hal_tim.o
    0x08002efe   0x08002efe   0x00000002   PAD
    0x08002f00   0x08002f00   0x00000060   Code   RO         1135    i.TIM_OC1_SetConfig  stm32f4xx_hal_tim.o
    0x08002f60   0x08002f60   0x0000006c   Code   RO         1136    i.TIM_OC2_SetConfig  stm32f4xx_hal_tim.o
    0x08002fcc   0x08002fcc   0x00000068   Code   RO         1137    i.TIM_OC3_SetConfig  stm32f4xx_hal_tim.o
    0x08003034   0x08003034   0x00000050   Code   RO         1138    i.TIM_OC4_SetConfig  stm32f4xx_hal_tim.o
    0x08003084   0x08003084   0x00000022   Code   RO         1140    i.TIM_TI1_ConfigInputStage  stm32f4xx_hal_tim.o
    0x080030a6   0x080030a6   0x00000024   Code   RO         1142    i.TIM_TI2_ConfigInputStage  stm32f4xx_hal_tim.o
    0x080030ca   0x080030ca   0x00000010   Code   RO         3193    i.UART_DMAAbortOnError  stm32f4xx_hal_uart.o
    0x080030da   0x080030da   0x0000004a   Code   RO         3194    i.UART_DMAError     stm32f4xx_hal_uart.o
    0x08003124   0x08003124   0x00000086   Code   RO         3195    i.UART_DMAReceiveCplt  stm32f4xx_hal_uart.o
    0x080031aa   0x080031aa   0x0000001e   Code   RO         3197    i.UART_DMARxHalfCplt  stm32f4xx_hal_uart.o
    0x080031c8   0x080031c8   0x0000004e   Code   RO         3203    i.UART_EndRxTransfer  stm32f4xx_hal_uart.o
    0x08003216   0x08003216   0x0000001c   Code   RO         3204    i.UART_EndTxTransfer  stm32f4xx_hal_uart.o
    0x08003232   0x08003232   0x000000c2   Code   RO         3205    i.UART_Receive_IT   stm32f4xx_hal_uart.o
    0x080032f4   0x080032f4   0x0000010c   Code   RO         3206    i.UART_SetConfig    stm32f4xx_hal_uart.o
    0x08003400   0x08003400   0x00000090   Code   RO         3207    i.UART_Start_Receive_DMA  stm32f4xx_hal_uart.o
    0x08003490   0x08003490   0x00000072   Code   RO         3209    i.UART_WaitOnFlagUntilTimeout  stm32f4xx_hal_uart.o
    0x08003502   0x08003502   0x00000002   PAD
    0x08003504   0x08003504   0x00000018   Code   RO          862    i.USART1_IRQHandler  stm32f4xx_it.o
    0x0800351c   0x0800351c   0x00000018   Code   RO          863    i.USART2_IRQHandler  stm32f4xx_it.o
    0x08003534   0x08003534   0x00000018   Code   RO          864    i.USART3_IRQHandler  stm32f4xx_it.o
    0x0800354c   0x0800354c   0x00000018   Code   RO          865    i.USART6_IRQHandler  stm32f4xx_it.o
    0x08003564   0x08003564   0x00000140   Code   RO          504    i.USAR_UART_IDLECallback  uart.o
    0x080036a4   0x080036a4   0x00000002   Code   RO          866    i.UsageFault_Handler  stm32f4xx_it.o
    0x080036a6   0x080036a6   0x00000002   PAD
    0x080036a8   0x080036a8   0x00000020   Code   RO         3792    i.__0printf         mc_w.l(printfa.o)
    0x080036c8   0x080036c8   0x00000020   Code   RO         2760    i.__NVIC_SetPriority  stm32f4xx_hal_cortex.o
    0x080036e8   0x080036e8   0x0000000e   Code   RO         3874    i.__scatterload_copy  mc_w.l(handlers.o)
    0x080036f6   0x080036f6   0x00000002   Code   RO         3875    i.__scatterload_null  mc_w.l(handlers.o)
    0x080036f8   0x080036f8   0x0000000e   Code   RO         3876    i.__scatterload_zeroinit  mc_w.l(handlers.o)
    0x08003706   0x08003706   0x00000002   PAD
    0x08003708   0x08003708   0x00000184   Code   RO         3799    i._fp_digits        mc_w.l(printfa.o)
    0x0800388c   0x0800388c   0x000006dc   Code   RO         3800    i._printf_core      mc_w.l(printfa.o)
    0x08003f68   0x08003f68   0x00000024   Code   RO         3801    i._printf_post_padding  mc_w.l(printfa.o)
    0x08003f8c   0x08003f8c   0x0000002e   Code   RO         3802    i._printf_pre_padding  mc_w.l(printfa.o)
    0x08003fba   0x08003fba   0x00000002   PAD
    0x08003fbc   0x08003fbc   0x000008e0   Code   RO          505    i.buffer_hadle_USART1  uart.o
    0x0800489c   0x0800489c   0x0000001c   Code   RO          506    i.buffer_hadle_USART2  uart.o
    0x080048b8   0x080048b8   0x0000001c   Code   RO          507    i.buffer_hadle_USART3  uart.o
    0x080048d4   0x080048d4   0x00000058   Code   RO          509    i.chelk_buffer      uart.o
    0x0800492c   0x0800492c   0x00000018   Code   RO          577    i.fputc             main.o
    0x08004944   0x08004944   0x00000088   Code   RO          578    i.main              main.o
    0x080049cc   0x080049cc   0x0000049c   Code   RO          283    i.motor_control     motor.o
    0x08004e68   0x08004e68   0x0000001c   Code   RO          284    i.motor_init        motor.o
    0x08004e84   0x08004e84   0x00000184   Code   RO          285    i.move_back         motor.o
    0x08005008   0x08005008   0x00000184   Code   RO          286    i.move_foward       motor.o
    0x0800518c   0x0800518c   0x000001f4   Code   RO          287    i.move_left         motor.o
    0x08005380   0x08005380   0x000001fc   Code   RO          288    i.move_right        motor.o
    0x0800557c   0x0800557c   0x00000034   Code   RO           13    i.mymain            mymain_1.o
    0x080055b0   0x080055b0   0x00000248   Code   RO           14    i.state_machine     mymain_1.o
    0x080057f8   0x080057f8   0x00000100   Code   RO          198    i.steer_control     steer.o
    0x080058f8   0x080058f8   0x00000018   Code   RO          200    i.steer_init        steer.o
    0x08005910   0x08005910   0x00000240   Code   RO           15    i.system_init       mymain_1.o
    0x08005b50   0x08005b50   0x00000318   Code   RO          201    i.test_catch        steer.o
    0x08005e68   0x08005e68   0x00000330   Code   RO          202    i.test_put          steer.o
    0x08006198   0x08006198   0x000001e0   Code   RO          289    i.turn_left         motor.o
    0x08006378   0x08006378   0x000001e0   Code   RO          290    i.turn_right        motor.o
    0x08006558   0x08006558   0x00000008   Data   RO         2474    .constdata          stm32f4xx_hal_dma.o
    0x08006560   0x08006560   0x00000010   Data   RO         3515    .constdata          system_stm32f4xx.o
    0x08006570   0x08006570   0x00000008   Data   RO         3516    .constdata          system_stm32f4xx.o
    0x08006578   0x08006578   0x00000020   Data   RO         3872    Region$$Table       anon$$obj.o


    Execution Region RW_IRAM2 (Exec base: 0x10000000, Load base: 0x0800663c, Size: 0x00000000, Max: 0x00010000, ABSOLUTE)

    **** No section assigned to this execution region ****


    Execution Region RW_IRAM1 (Exec base: 0x20000000, Load base: 0x08006598, Size: 0x00000cc0, Max: 0x00020000, ABSOLUTE)

    Exec Addr    Load Addr    Size         Type   Attr      Idx    E Section Name        Object

    0x20000000   0x08006598   0x00000008   Data   RW           16    .data               mymain_1.o
    0x20000008   0x080065a0   0x00000018   Data   RW          204    .data               steer.o
    0x20000020   0x080065b8   0x00000040   Data   RW          467    .data               time.o
    0x20000060   0x080065f8   0x00000004   Data   RW          468    .data               time.o
    0x20000064   0x080065fc   0x00000004   Data   RW          470    .data               time.o
    0x20000068   0x08006600   0x00000028   Data   RW          511    .data               uart.o
    0x20000090   0x08006628   0x0000000c   Data   RW         2919    .data               stm32f4xx_hal.o
    0x2000009c   0x08006634   0x00000004   Data   RW         3517    .data               system_stm32f4xx.o
    0x200000a0   0x08006638   0x00000004   Data   RW         3856    .data               mc_w.l(stdout.o)
    0x200000a4   0x0800663c   0x00000004   PAD
    0x200000a8        -       0x00000030   Zero   RW          203    .bss                steer.o
    0x200000d8        -       0x00000138   Zero   RW          291    .bss                motor.o
    0x20000210        -       0x00000068   Zero   RW          292    .bss                motor.o
    0x20000278        -       0x00000068   Zero   RW          293    .bss                motor.o
    0x200002e0        -       0x00000190   Zero   RW          510    .bss                uart.o
    0x20000470        -       0x000001b0   Zero   RW          705    .bss                tim.o
    0x20000620        -       0x000002a0   Zero   RW          790    .bss                usart.o
    0x200008c0        -       0x00000400   Zero   RW            1    STACK               startup_stm32f407xx.o


==============================================================================

Image component sizes


      Code (inc. data)   RO Data    RW Data    ZI Data      Debug   Object Name

       108          4          0          0          0        874   dma.o
       212         12          0          0          0       1095   gpio.o
       308         36          0          0          0       2796   main.o
      3952        218          0          0        520       7498   motor.o
      1212        200          0          8          0     693228   mymain_1.o
        36          8        392          0       1024        856   startup_stm32f407xx.o
      1888        272          0         24         48       5097   steer.o
       180         28          0         12          0       9569   stm32f4xx_hal.o
       198         14          0          0          0      33943   stm32f4xx_hal_cortex.o
      1084         16          8          0          0       7526   stm32f4xx_hal_dma.o
       506         46          0          0          0       2252   stm32f4xx_hal_gpio.o
        48          6          0          0          0        898   stm32f4xx_hal_msp.o
      1348         76          0          0          0       5360   stm32f4xx_hal_rcc.o
      2168        148          0          0          0      17814   stm32f4xx_hal_tim.o
       232         28          0          0          0       3405   stm32f4xx_hal_tim_ex.o
      2114         30          0          0          0      16485   stm32f4xx_hal_uart.o
       236         84          0          0          0      11420   stm32f4xx_it.o
        16          4         24          4          0       1187   system_stm32f4xx.o
      1556        120          0          0        432       7359   tim.o
       264         42          0         72          0       1960   time.o
      3036        214          0         40        400       6907   uart.o
       892         82          0          0        672       4333   usart.o

    ----------------------------------------------------------------------
     21616       1688        456        160       3096     841862   Object Totals
         0          0         32          0          0          0   (incl. Generated)
        22          0          0          0          0          0   (incl. Padding)

    ----------------------------------------------------------------------

      Code (inc. data)   RO Data    RW Data    ZI Data      Debug   Library Member Name

         0          0          0          0          0          0   entry.o
         0          0          0          0          0          0   entry10a.o
         0          0          0          0          0          0   entry11a.o
         8          4          0          0          0          0   entry2.o
         4          0          0          0          0          0   entry5.o
         0          0          0          0          0          0   entry7b.o
         0          0          0          0          0          0   entry8b.o
         8          4          0          0          0          0   entry9a.o
        30          0          0          0          0          0   handlers.o
        36          8          0          0          0         68   init.o
         0          0          0          0          0          0   iusefp.o
        30          0          0          0          0         68   llshl.o
        36          0          0          0          0         68   llsshr.o
        32          0          0          0          0         68   llushr.o
        36          0          0          0          0         68   memcpya.o
        36          0          0          0          0        108   memseta.o
      2258         90          0          0          0        452   printfa.o
         0          0          0          4          0          0   stdout.o
        44          0          0          0          0         80   uidiv.o
        98          0          0          0          0         92   uldiv.o
        48          0          0          0          0         68   cdcmple.o
        48          0          0          0          0         68   cdrcmple.o
       334          0          0          0          0        148   dadd.o
       222          0          0          0          0        100   ddiv.o
       186          0          0          0          0        176   depilogue.o
        62          0          0          0          0         80   dfixi.o
        48          0          0          0          0         68   dfixul.o
        34          0          0          0          0         76   dflti.o
        40          0          0          0          0         80   dfltl.o
        26          0          0          0          0         76   dfltui.o
       228          0          0          0          0         96   dmul.o

    ----------------------------------------------------------------------
      3936        106          0          4          4       2108   Library Totals
         4          0          0          0          4          0   (incl. Padding)

    ----------------------------------------------------------------------

      Code (inc. data)   RO Data    RW Data    ZI Data      Debug   Library Name

      2656        106          0          4          0       1072   mc_w.l
      1276          0          0          0          0       1036   mf_w.l

    ----------------------------------------------------------------------
      3936        106          0          4          4       2108   Library Totals

    ----------------------------------------------------------------------

==============================================================================


      Code (inc. data)   RO Data    RW Data    ZI Data      Debug   

     25552       1794        456        164       3100     829930   Grand Totals
     25552       1794        456        164       3100     829930   ELF Image Totals
     25552       1794        456        164          0          0   ROM Totals

==============================================================================

    Total RO  Size (Code + RO Data)                26008 (  25.40kB)
    Total RW  Size (RW Data + ZI Data)              3264 (   3.19kB)
    Total ROM Size (Code + RO Data + RW Data)      26172 (  25.56kB)

==============================================================================

