Component: ARM Compiler 5.06 update 6 (build 750) Tool: armlink [4d35ed]

==============================================================================

Section Cross References

    startup_stm32f407xx.o(RESET) refers to startup_stm32f407xx.o(STACK) for __initial_sp
    startup_stm32f407xx.o(RESET) refers to startup_stm32f407xx.o(.text) for Reset_Handler
    startup_stm32f407xx.o(RESET) refers to stm32f4xx_it.o(i.NMI_Handler) for NMI_Handler
    startup_stm32f407xx.o(RESET) refers to stm32f4xx_it.o(i.HardFault_Handler) for HardFault_Handler
    startup_stm32f407xx.o(RESET) refers to stm32f4xx_it.o(i.MemManage_Handler) for MemManage_Handler
    startup_stm32f407xx.o(RESET) refers to stm32f4xx_it.o(i.BusFault_Handler) for BusFault_Handler
    startup_stm32f407xx.o(RESET) refers to stm32f4xx_it.o(i.UsageFault_Handler) for UsageFault_Handler
    startup_stm32f407xx.o(RESET) refers to stm32f4xx_it.o(i.SVC_Handler) for SVC_Handler
    startup_stm32f407xx.o(RESET) refers to stm32f4xx_it.o(i.DebugMon_Handler) for DebugMon_Handler
    startup_stm32f407xx.o(RESET) refers to stm32f4xx_it.o(i.PendSV_Handler) for PendSV_Handler
    startup_stm32f407xx.o(RESET) refers to stm32f4xx_it.o(i.SysTick_Handler) for SysTick_Handler
    startup_stm32f407xx.o(RESET) refers to stm32f4xx_it.o(i.DMA1_Stream1_IRQHandler) for DMA1_Stream1_IRQHandler
    startup_stm32f407xx.o(RESET) refers to stm32f4xx_it.o(i.DMA1_Stream5_IRQHandler) for DMA1_Stream5_IRQHandler
    startup_stm32f407xx.o(RESET) refers to stm32f4xx_it.o(i.TIM1_UP_TIM10_IRQHandler) for TIM1_UP_TIM10_IRQHandler
    startup_stm32f407xx.o(RESET) refers to stm32f4xx_it.o(i.TIM2_IRQHandler) for TIM2_IRQHandler
    startup_stm32f407xx.o(RESET) refers to stm32f4xx_it.o(i.TIM3_IRQHandler) for TIM3_IRQHandler
    startup_stm32f407xx.o(RESET) refers to stm32f4xx_it.o(i.TIM4_IRQHandler) for TIM4_IRQHandler
    startup_stm32f407xx.o(RESET) refers to stm32f4xx_it.o(i.USART1_IRQHandler) for USART1_IRQHandler
    startup_stm32f407xx.o(RESET) refers to stm32f4xx_it.o(i.USART2_IRQHandler) for USART2_IRQHandler
    startup_stm32f407xx.o(RESET) refers to stm32f4xx_it.o(i.USART3_IRQHandler) for USART3_IRQHandler
    startup_stm32f407xx.o(RESET) refers to stm32f4xx_it.o(i.TIM8_UP_TIM13_IRQHandler) for TIM8_UP_TIM13_IRQHandler
    startup_stm32f407xx.o(RESET) refers to stm32f4xx_it.o(i.TIM5_IRQHandler) for TIM5_IRQHandler
    startup_stm32f407xx.o(RESET) refers to stm32f4xx_it.o(i.DMA2_Stream1_IRQHandler) for DMA2_Stream1_IRQHandler
    startup_stm32f407xx.o(RESET) refers to stm32f4xx_it.o(i.DMA2_Stream2_IRQHandler) for DMA2_Stream2_IRQHandler
    startup_stm32f407xx.o(RESET) refers to stm32f4xx_it.o(i.USART6_IRQHandler) for USART6_IRQHandler
    startup_stm32f407xx.o(.text) refers to system_stm32f4xx.o(i.SystemInit) for SystemInit
    startup_stm32f407xx.o(.text) refers to entry.o(.ARM.Collect$$$$00000000) for __main
    mymain_1.o(i.mymain) refers to mymain_1.o(i.state_machine) for state_machine
    mymain_1.o(i.state_machine) refers to motor.o(i.move_foward) for move_foward
    mymain_1.o(i.state_machine) refers to stm32f4xx_hal_uart.o(i.HAL_UART_Transmit) for HAL_UART_Transmit
    mymain_1.o(i.state_machine) refers to motor.o(i.move_back) for move_back
    mymain_1.o(i.state_machine) refers to motor.o(i.turn_left) for turn_left
    mymain_1.o(i.state_machine) refers to motor.o(i.move_right) for move_right
    mymain_1.o(i.state_machine) refers to motor.o(i.move_left) for move_left
    mymain_1.o(i.state_machine) refers to motor.o(i.turn_right) for turn_right
    mymain_1.o(i.state_machine) refers to mymain_1.o(.data) for .data
    mymain_1.o(i.state_machine) refers to time.o(.data) for pulse4_flag3
    mymain_1.o(i.state_machine) refers to usart.o(.bss) for huart1
    mymain_1.o(i.system_init) refers to stm32f4xx_hal_tim.o(i.HAL_TIM_PWM_Stop_IT) for HAL_TIM_PWM_Stop_IT
    mymain_1.o(i.system_init) refers to stm32f4xx_hal_tim.o(i.HAL_TIM_Base_Start_IT) for HAL_TIM_Base_Start_IT
    mymain_1.o(i.system_init) refers to motor.o(i.motor_init) for motor_init
    mymain_1.o(i.system_init) refers to memcpya.o(.text) for __aeabi_memcpy4
    mymain_1.o(i.system_init) refers to steer.o(i.steer_init) for steer_init
    mymain_1.o(i.system_init) refers to tim.o(.bss) for htim1
    mymain_1.o(i.system_init) refers to motor.o(.bss) for motor_lf
    mymain_1.o(i.system_init) refers to motor.o(.bss) for motor_rotate
    mymain_1.o(i.system_init) refers to motor.o(.bss) for motor_up
    mymain_1.o(i.system_init) refers to steer.o(.bss) for steer_plate
    mymain_1.o(i.system_init) refers to steer.o(.bss) for steer_catch
    steer.o(i.pick_up_high) refers to memcpya.o(.text) for __aeabi_memcpy4
    steer.o(i.pick_up_high) refers to motor.o(i.motor_control) for motor_control
    steer.o(i.pick_up_high) refers to steer.o(i.steer_control) for steer_control
    steer.o(i.pick_up_high) refers to motor.o(.bss) for motor_rotate
    steer.o(i.pick_up_high) refers to motor.o(.bss) for motor_up
[...]
    ../clib/microlib/printf/printf.c         0x00000000   Number         0  printfb.o ABSOLUTE
    ../clib/microlib/printf/stubs.s          0x00000000   Number         0  stubs.o ABSOLUTE
    ../clib/microlib/stdio/streams.c         0x00000000   Number         0  stdout.o ABSOLUTE
    ../clib/microlib/string/memcpy.c         0x00000000   Number         0  memcpya.o ABSOLUTE
    ../clib/microlib/string/memcpy.c         0x00000000   Number         0  memcpyb.o ABSOLUTE
    ../clib/microlib/string/memset.c         0x00000000   Number         0  memseta.o ABSOLUTE
    ../clib/microlib/stubs.s                 0x00000000   Number         0  iusefp.o ABSOLUTE
    ../fplib/microlib/f2d.c                  0x00000000   Number         0  f2d.o ABSOLUTE
    ../fplib/microlib/fpadd.c                0x00000000   Number         0  dadd.o ABSOLUTE
    ../fplib/microlib/fpdiv.c                0x00000000   Number         0  ddiv.o ABSOLUTE
    ../fplib/microlib/fpepilogue.c           0x00000000   Number         0  depilogue.o ABSOLUTE
    ../fplib/microlib/fpfix.c                0x00000000   Number         0  dfixi.o ABSOLUTE
    ../fplib/microlib/fpfix.c                0x00000000   Number         0  dfixul.o ABSOLUTE
    ../fplib/microlib/fpfix.c                0x00000000   Number         0  dfixui.o ABSOLUTE
    ../fplib/microlib/fpflt.c                0x00000000   Number         0  dfltl.o ABSOLUTE
    ../fplib/microlib/fpflt.c                0x00000000   Number         0  dflti.o ABSOLUTE
    ../fplib/microlib/fpflt.c                0x00000000   Number         0  dfltui.o ABSOLUTE
    ../fplib/microlib/fpmul.c                0x00000000   Number         0  dmul.o ABSOLUTE
    ../fplib/microlib/fpneg.c                0x00000000   Number         0  dneg.o ABSOLUTE
    ..\Core\Src\dma.c                        0x00000000   Number         0  dma.o ABSOLUTE
    ..\Core\Src\gpio.c                       0x00000000   Number         0  gpio.o ABSOLUTE
    ..\Core\Src\main.c                       0x00000000   Number         0  main.o ABSOLUTE
    ..\Core\Src\stm32f4xx_hal_msp.c          0x00000000   Number         0  stm32f4xx_hal_msp.o ABSOLUTE
    ..\Core\Src\stm32f4xx_it.c               0x00000000   Number         0  stm32f4xx_it.o ABSOLUTE
    ..\Core\Src\system_stm32f4xx.c           0x00000000   Number         0  system_stm32f4xx.o ABSOLUTE
    ..\Core\Src\tim.c                        0x00000000   Number         0  tim.o ABSOLUTE
    ..\Core\Src\usart.c                      0x00000000   Number         0  usart.o ABSOLUTE
    ..\Drivers\STM32F4xx_HAL_Driver\Src\stm32f4xx_hal.c 0x00000000   Number         0  stm32f4xx_hal.o ABSOLUTE
    ..\Drivers\STM32F4xx_HAL_Driver\Src\stm32f4xx_hal_cortex.c 0x00000000   Number         0  stm32f4xx_hal_cortex.o ABSOLUTE
    ..\Drivers\STM32F4xx_HAL_Driver\Src\stm32f4xx_hal_dma.c 0x00000000   Number         0  stm32f4xx_hal_dma.o ABSOLUTE
    ..\Drivers\STM32F4xx_HAL_Driver\Src\stm32f4xx_hal_dma_ex.c 0x00000000   Number         0  stm32f4xx_hal_dma_ex.o ABSOLUTE
    ..\Drivers\STM32F4xx_HAL_Driver\Src\stm32f4xx_hal_exti.c 0x00000000   Number         0  stm32f4xx_hal_exti.o ABSOLUTE
    ..\Drivers\STM32F4xx_HAL_Driver\Src\stm32f4xx_hal_flash.c 0x00000000   Number         0  stm32f4xx_hal_flash.o ABSOLUTE
    ..\Drivers\STM32F4xx_HAL_Driver\Src\stm32f4xx_hal_flash_ex.c 0x00000000   Number         0  stm32f4xx_hal_flash_ex.o ABSOLUTE
    ..\Drivers\STM32F4xx_HAL_Driver\Src\stm32f4xx_hal_flash_ramfunc.c 0x00000000   Number         0  stm32f4xx_hal_flash_ramfunc.o ABSOLUTE
    ..\Drivers\STM32F4xx_HAL_Driver\Src\stm32f4xx_hal_gpio.c 0x00000000   Number         0  stm32f4xx_hal_gpio.o ABSOLUTE
    ..\Drivers\STM32F4xx_HAL_Driver\Src\stm32f4xx_hal_pwr.c 0x00000000   Number         0  stm32f4xx_hal_pwr.o ABSOLUTE
    ..\Drivers\STM32F4xx_HAL_Driver\Src\stm32f4xx_hal_pwr_ex.c 0x00000000   Number         0  stm32f4xx_hal_pwr_ex.o ABSOLUTE
    ..\Drivers\STM32F4xx_HAL_Driver\Src\stm32f4xx_hal_rcc.c 0x00000000   Number         0  stm32f4xx_hal_rcc.o ABSOLUTE
    ..\Drivers\STM32F4xx_HAL_Driver\Src\stm32f4xx_hal_rcc_ex.c 0x00000000   Number         0  stm32f4xx_hal_rcc_ex.o ABSOLUTE
    ..\Drivers\STM32F4xx_HAL_Driver\Src\stm32f4xx_hal_tim.c 0x00000000   Number         0  stm32f4xx_hal_tim.o ABSOLUTE
    ..\Drivers\STM32F4xx_HAL_Driver\Src\stm32f4xx_hal_tim_ex.c 0x00000000   Number         0  stm32f4xx_hal_tim_ex.o ABSOLUTE
    ..\Drivers\STM32F4xx_HAL_Driver\Src\stm32f4xx_hal_uart.c 0x00000000   Number         0  stm32f4xx_hal_uart.o ABSOLUTE
    catch.c                                  0x00000000   Number         0  catch.o ABSOLUTE
    catch.c                                  0x00000000   Number         0  catch.o ABSOLUTE
    cdcmple.s                                0x00000000   Number         0  cdcmple.o ABSOLUTE
    cdrcmple.s                               0x00000000   Number         0  cdrcmple.o ABSOLUTE
    datou.c                                  0x00000000   Number         0  datou.o ABSOLUTE
    datou.c                                  0x00000000   Number         0  datou.o ABSOLUTE
    dc.s                                     0x00000000   Number         0  dc.o ABSOLUTE
    handlers.s                               0x00000000   Number         0  handlers.o ABSOLUTE
    init.s                                   0x00000000   Number         0  init.o ABSOLUTE
    motor.c                                  0x00000000   Number         0  motor.o ABSOLUTE
    motor.c                                  0x00000000   Number         0  motor.o ABSOLUTE
    mymain.c                                 0x00000000   Number         0  mymain_1.o ABSOLUTE
    mymain.c                                 0x00000000   Number         0  mymain_1.o ABSOLUTE
    startup_stm32f407xx.s                    0x00000000   Number         0  startup_stm32f407xx.o ABSOLUTE
    steer.c                                  0x00000000   Number         0  steer.o ABSOLUTE
    steer.c                                  0x00000000   Number         0  steer.o ABSOLUTE
    time.c                                   0x00000000   Number         0  time.o ABSOLUTE
    time.c                                   0x00000000   Number         0  time.o ABSOLUTE
    uart.c                                   0x00000000   Number         0  uart.o ABSOLUTE
    uart.c                                   0x00000000   Number         0  uart.o ABSOLUTE
    RESET                                    0x08000000   Section      392  startup_stm32f407xx.o(RESET)
    .ARM.Collect$$$$00000000                 0x08000188   Section        0  entry.o(.ARM.Collect$$$$00000000)
    .ARM.Collect$$$$00000001                 0x08000188   Section        4  entry2.o(.ARM.Collect$$$$00000001)
    .ARM.Collect$$$$00000004                 0x0800018c   Section        4  entry5.o(.ARM.Collect$$$$00000004)
    .ARM.Collect$$$$00000008                 0x08000190   Section        0  entry7b.o(.ARM.Collect$$$$00000008)
    .ARM.Collect$$$$0000000A                 0x08000190   Section        0  entry8b.o(.ARM.Collect$$$$0000000A)
    .ARM.Collect$$$$0000000B                 0x08000190   Section        8  entry9a.o(.ARM.Collect$$$$0000000B)
    .ARM.Collect$$$$0000000D                 0x08000198   Section        0  entry10a.o(.ARM.Collect$$$$0000000D)
    .ARM.Collect$$$$0000000F                 0x08000198   Section        0  entry11a.o(.ARM.Collect$$$$0000000F)
    .ARM.Collect$$$$00002712                 0x08000198   Section        4  entry2.o(.ARM.Collect$$$$00002712)
    __lit__00000000                          0x08000198   Data           4  entry2.o(.ARM.Collect$$$$00002712)
    .text                                    0x0800019c   Section       36  startup_stm32f407xx.o(.text)
    $v0                                      0x0800019c   Number         0  startup_stm32f407xx.o(.text)
    .text                                    0x080001c0   Section        0  uldiv.o(.text)
    .text                                    0x08000222   Section        0  memcpya.o(.text)
    .text                                    0x08000246   Section        0  memseta.o(.text)
    .text                                    0x0800026a   Section        0  dadd.o(.text)
    .text                                    0x080003b8   Section        0  dmul.o(.text)
    .text                                    0x0800049c   Section        0  ddiv.o(.text)
    .text                                    0x0800057a   Section        0  dflti.o(.text)
    .text                                    0x0800059c   Section        0  dfltui.o(.text)
    .text                                    0x080005b6   Section        0  dfltl.o(.text)
    .text                                    0x080005de   Section        0  dfixi.o(.text)
    .text                                    0x0800061c   Section        0  dfixui.o(.text)
    .text                                    0x08000650   Section       48  cdcmple.o(.text)
    .text                                    0x08000680   Section       48  cdrcmple.o(.text)
    .text                                    0x080006b0   Section        0  uidiv.o(.text)
    .text                                    0x080006dc   Section        0  llshl.o(.text)
    .text                                    0x080006fa   Section        0  llushr.o(.text)
    .text                                    0x0800071a   Section        0  llsshr.o(.text)
    .text                                    0x0800073e   Section        0  iusefp.o(.text)
    .text                                    0x0800073e   Section        0  depilogue.o(.text)
    .text                                    0x080007f8   Section       36  init.o(.text)
    i.Bluetooth_UART_IRQHandler              0x0800081c   Section        0  uart.o(i.Bluetooth_UART_IRQHandler)
    i.BusFault_Handler                       0x080008c0   Section        0  stm32f4xx_it.o(i.BusFault_Handler)
    i.DMA1_Stream1_IRQHandler                0x080008c4   Section        0  stm32f4xx_it.o(i.DMA1_Stream1_IRQHandler)
    i.DMA1_Stream5_IRQHandler                0x080008d0   Section        0  stm32f4xx_it.o(i.DMA1_Stream5_IRQHandler)
    i.DMA2_Stream1_IRQHandler                0x080008dc   Section        0  stm32f4xx_it.o(i.DMA2_Stream1_IRQHandler)
    i.DMA2_Stream2_IRQHandler                0x080008e8   Section        0  stm32f4xx_it.o(i.DMA2_Stream2_IRQHandler)
    i.DMA_CalcBaseAndBitshift                0x080008f4   Section        0  stm32f4xx_hal_dma.o(i.DMA_CalcBaseAndBitshift)
    DMA_CalcBaseAndBitshift                  0x080008f5   Thumb Code    34  stm32f4xx_hal_dma.o(i.DMA_CalcBaseAndBitshift)
    i.DMA_CheckFifoParam                     0x0800091c   Section        0  stm32f4xx_hal_dma.o(i.DMA_CheckFifoParam)
    DMA_CheckFifoParam                       0x0800091d   Thumb Code    84  stm32f4xx_hal_dma.o(i.DMA_CheckFifoParam)
    i.DMA_SetConfig                          0x08000970   Section        0  stm32f4xx_hal_dma.o(i.DMA_SetConfig)
    DMA_SetConfig                            0x08000971   Thumb Code    40  stm32f4xx_hal_dma.o(i.DMA_SetConfig)
    i.DebugMon_Handler                       0x08000998   Section        0  stm32f4xx_it.o(i.DebugMon_Handler)
    i.Error_Handler                          0x0800099a   Section        0  main.o(i.Error_Handler)
    i.HAL_DMA_Abort                          0x0800099e   Section        0  stm32f4xx_hal_dma.o(i.HAL_DMA_Abort)
    i.HAL_DMA_Abort_IT                       0x08000a30   Section        0  stm32f4xx_hal_dma.o(i.HAL_DMA_Abort_IT)
    i.HAL_DMA_IRQHandler                     0x08000a54   Section        0  stm32f4xx_hal_dma.o(i.HAL_DMA_IRQHandler)
    i.HAL_DMA_Init                           0x08000bf4   Section        0  stm32f4xx_hal_dma.o(i.HAL_DMA_Init)
    i.HAL_DMA_Start_IT                       0x08000cc8   Section        0  stm32f4xx_hal_dma.o(i.HAL_DMA_Start_IT)
    i.HAL_GPIO_Init                          0x08000d38   Section        0  stm32f4xx_hal_gpio.o(i.HAL_GPIO_Init)
    i.HAL_GPIO_WritePin                      0x08000f28   Section        0  stm32f4xx_hal_gpio.o(i.HAL_GPIO_WritePin)
    i.HAL_GetTick                            0x08000f34   Section        0  stm32f4xx_hal.o(i.HAL_GetTick)
    i.HAL_IncTick                            0x08000f40   Section        0  stm32f4xx_hal.o(i.HAL_IncTick)
    i.HAL_Init                               0x08000f50   Section        0  stm32f4xx_hal.o(i.HAL_Init)
    i.HAL_InitTick                           0x08000f84   Section        0  stm32f4xx_hal.o(i.HAL_InitTick)
    i.HAL_MspInit                            0x08000fc4   Section        0  stm32f4xx_hal_msp.o(i.HAL_MspInit)
    i.HAL_NVIC_EnableIRQ                     0x08000ff4   Section        0  stm32f4xx_hal_cortex.o(i.HAL_NVIC_EnableIRQ)
    i.HAL_NVIC_SetPriority                   0x08001010   Section        0  stm32f4xx_hal_cortex.o(i.HAL_NVIC_SetPriority)
    i.HAL_NVIC_SetPriorityGrouping           0x08001050   Section        0  stm32f4xx_hal_cortex.o(i.HAL_NVIC_SetPriorityGrouping)
    i.HAL_RCC_ClockConfig                    0x08001074   Section        0  stm32f4xx_hal_rcc.o(i.HAL_RCC_ClockConfig)
    i.HAL_RCC_GetPCLK1Freq                   0x080011a8   Section        0  stm32f4xx_hal_rcc.o(i.HAL_RCC_GetPCLK1Freq)
    i.HAL_RCC_GetPCLK2Freq                   0x080011c8   Section        0  stm32f4xx_hal_rcc.o(i.HAL_RCC_GetPCLK2Freq)
    i.HAL_RCC_GetSysClockFreq                0x080011e8   Section        0  stm32f4xx_hal_rcc.o(i.HAL_RCC_GetSysClockFreq)
    i.HAL_RCC_OscConfig                      0x0800124c   Section        0  stm32f4xx_hal_rcc.o(i.HAL_RCC_OscConfig)
    i.HAL_SYSTICK_Config                     0x080015b8   Section        0  stm32f4xx_hal_cortex.o(i.HAL_SYSTICK_Config)
    i.HAL_TIMEx_BreakCallback                0x080015e0   Section        0  stm32f4xx_hal_tim_ex.o(i.HAL_TIMEx_BreakCallback)
    i.HAL_TIMEx_CommutCallback               0x080015e2   Section        0  stm32f4xx_hal_tim_ex.o(i.HAL_TIMEx_CommutCallback)
    i.HAL_TIMEx_ConfigBreakDeadTime          0x080015e4   Section        0  stm32f4xx_hal_tim_ex.o(i.HAL_TIMEx_ConfigBreakDeadTime)
    i.HAL_TIMEx_MasterConfigSynchronization  0x08001638   Section        0  stm32f4xx_hal_tim_ex.o(i.HAL_TIMEx_MasterConfigSynchronization)
    i.HAL_TIM_Base_Init                      0x080016c8   Section        0  stm32f4xx_hal_tim.o(i.HAL_TIM_Base_Init)
    i.HAL_TIM_Base_MspInit                   0x08001724   Section        0  tim.o(i.HAL_TIM_Base_MspInit)
    i.HAL_TIM_Base_Start_IT                  0x08001800   Section        0  stm32f4xx_hal_tim.o(i.HAL_TIM_Base_Start_IT)
    i.HAL_TIM_ConfigClockSource              0x08001880   Section        0  stm32f4xx_hal_tim.o(i.HAL_TIM_ConfigClockSource)
    i.HAL_TIM_IC_CaptureCallback             0x0800195c   Section        0  stm32f4xx_hal_tim.o(i.HAL_TIM_IC_CaptureCallback)
    i.HAL_TIM_IRQHandler                     0x0800195e   Section        0  stm32f4xx_hal_tim.o(i.HAL_TIM_IRQHandler)
    i.HAL_TIM_MspPostInit                    0x08001a90   Section        0  tim.o(i.HAL_TIM_MspPostInit)
    i.HAL_TIM_OC_DelayElapsedCallback        0x08001bbc   Section        0  stm32f4xx_hal_tim.o(i.HAL_TIM_OC_DelayElapsedCallback)
    i.HAL_TIM_PWM_ConfigChannel              0x08001bbe   Section        0  stm32f4xx_hal_tim.o(i.HAL_TIM_PWM_ConfigChannel)
    i.HAL_TIM_PWM_Init                       0x08001c8a   Section        0  stm32f4xx_hal_tim.o(i.HAL_TIM_PWM_Init)
    i.HAL_TIM_PWM_MspInit                    0x08001ce4   Section        0  tim.o(i.HAL_TIM_PWM_MspInit)
    i.HAL_TIM_PWM_PulseFinishedCallback      0x08001d20   Section        0  stm32f4xx_hal_tim.o(i.HAL_TIM_PWM_PulseFinishedCallback)
    i.HAL_TIM_PWM_Start                      0x08001d24   Section        0  stm32f4xx_hal_tim.o(i.HAL_TIM_PWM_Start)
    i.HAL_TIM_PWM_Stop_IT                    0x08001dec   Section        0  stm32f4xx_hal_tim.o(i.HAL_TIM_PWM_Stop_IT)
    i.HAL_TIM_PeriodElapsedCallback          0x08001ea8   Section        0  time.o(i.HAL_TIM_PeriodElapsedCallback)
    i.HAL_TIM_TriggerCallback                0x0800213c   Section        0  stm32f4xx_hal_tim.o(i.HAL_TIM_TriggerCallback)
    i.HAL_UARTEx_RxEventCallback             0x0800213e   Section        0  stm32f4xx_hal_uart.o(i.HAL_UARTEx_RxEventCallback)
    i.HAL_UART_DMAStop                       0x08002140   Section        0  stm32f4xx_hal_uart.o(i.HAL_UART_DMAStop)
    i.HAL_UART_ErrorCallback                 0x080021b0   Section        0  stm32f4xx_hal_uart.o(i.HAL_UART_ErrorCallback)
    i.HAL_UART_IRQHandler                    0x080021b4   Section        0  stm32f4xx_hal_uart.o(i.HAL_UART_IRQHandler)
    i.HAL_UART_Init                          0x08002424   Section        0  stm32f4xx_hal_uart.o(i.HAL_UART_Init)
    i.HAL_UART_MspInit                       0x08002488   Section        0  usart.o(i.HAL_UART_MspInit)
    i.HAL_UART_Receive_DMA                   0x08002724   Section        0  stm32f4xx_hal_uart.o(i.HAL_UART_Receive_DMA)
    i.HAL_UART_RxCpltCallback                0x08002740   Section        0  stm32f4xx_hal_uart.o(i.HAL_UART_RxCpltCallback)
    i.HAL_UART_RxHalfCpltCallback            0x08002742   Section        0  stm32f4xx_hal_uart.o(i.HAL_UART_RxHalfCpltCallback)
    i.HAL_UART_Transmit                      0x08002744   Section        0  stm32f4xx_hal_uart.o(i.HAL_UART_Transmit)
    i.HAL_UART_TxCpltCallback                0x080027e4   Section        0  stm32f4xx_hal_uart.o(i.HAL_UART_TxCpltCallback)
    i.HardFault_Handler                      0x080027e6   Section        0  stm32f4xx_it.o(i.HardFault_Handler)
    i.MX_DMA_Init                            0x080027e8   Section        0  dma.o(i.MX_DMA_Init)
    i.MX_GPIO_Init                           0x08002854   Section        0  gpio.o(i.MX_GPIO_Init)
    i.MX_TIM1_Init                           0x08002928   Section        0  tim.o(i.MX_TIM1_Init)
    i.MX_TIM2_Init                           0x08002a20   Section        0  tim.o(i.MX_TIM2_Init)
    i.MX_TIM3_Init                           0x08002ae4   Section        0  tim.o(i.MX_TIM3_Init)
    i.MX_TIM4_Init                           0x08002b7c   Section        0  tim.o(i.MX_TIM4_Init)
    i.MX_TIM5_Init                           0x08002bec   Section        0  tim.o(i.MX_TIM5_Init)
    i.MX_TIM8_Init                           0x08002c54   Section        0  tim.o(i.MX_TIM8_Init)
    i.MX_USART1_UART_Init                    0x08002d1c   Section        0  usart.o(i.MX_USART1_UART_Init)
    i.MX_USART2_UART_Init                    0x08002d54   Section        0  usart.o(i.MX_USART2_UART_Init)
    i.MX_USART3_UART_Init                    0x08002d8c   Section        0  usart.o(i.MX_USART3_UART_Init)
    i.MX_USART6_UART_Init                    0x08002dc4   Section        0  usart.o(i.MX_USART6_UART_Init)
    i.MemManage_Handler                      0x08002dfc   Section        0  stm32f4xx_it.o(i.MemManage_Handler)
    i.NMI_Handler                            0x08002dfe   Section        0  stm32f4xx_it.o(i.NMI_Handler)
    i.PendSV_Handler                         0x08002e00   Section        0  stm32f4xx_it.o(i.PendSV_Handler)
    i.SVC_Handler                            0x08002e02   Section        0  stm32f4xx_it.o(i.SVC_Handler)
    i.SysTick_Handler                        0x08002e04   Section        0  stm32f4xx_it.o(i.SysTick_Handler)
    i.SystemClock_Config                     0x08002e08   Section        0  main.o(i.SystemClock_Config)
    i.SystemInit                             0x08002e98   Section        0  system_stm32f4xx.o(i.SystemInit)
    i.TIM1_UP_TIM10_IRQHandler               0x08002ea8   Section        0  stm32f4xx_it.o(i.TIM1_UP_TIM10_IRQHandler)
    i.TIM2_IRQHandler                        0x08002eb4   Section        0  stm32f4xx_it.o(i.TIM2_IRQHandler)
    i.TIM3_IRQHandler                        0x08002ec0   Section        0  stm32f4xx_it.o(i.TIM3_IRQHandler)
    i.TIM4_IRQHandler                        0x08002ecc   Section        0  stm32f4xx_it.o(i.TIM4_IRQHandler)
    i.TIM5_IRQHandler                        0x08002ed8   Section        0  stm32f4xx_it.o(i.TIM5_IRQHandler)
    i.TIM8_UP_TIM13_IRQHandler               0x08002ee4   Section        0  stm32f4xx_it.o(i.TIM8_UP_TIM13_IRQHandler)
    i.TIM_Base_SetConfig                     0x08002ef0   Section        0  stm32f4xx_hal_tim.o(i.TIM_Base_SetConfig)
    i.TIM_CCxChannelCmd                      0x08002fc8   Section        0  stm32f4xx_hal_tim.o(i.TIM_CCxChannelCmd)
    i.TIM_ETR_SetConfig                      0x08002fe2   Section        0  stm32f4xx_hal_tim.o(i.TIM_ETR_SetConfig)
    i.TIM_ITRx_SetConfig                     0x08002ff6   Section        0  stm32f4xx_hal_tim.o(i.TIM_ITRx_SetConfig)
    TIM_ITRx_SetConfig                       0x08002ff7   Thumb Code    16  stm32f4xx_hal_tim.o(i.TIM_ITRx_SetConfig)
    i.TIM_OC1_SetConfig                      0x08003008   Section        0  stm32f4xx_hal_tim.o(i.TIM_OC1_SetConfig)
    TIM_OC1_SetConfig                        0x08003009   Thumb Code    88  stm32f4xx_hal_tim.o(i.TIM_OC1_SetConfig)
    i.TIM_OC2_SetConfig                      0x08003068   Section        0  stm32f4xx_hal_tim.o(i.TIM_OC2_SetConfig)
    i.TIM_OC3_SetConfig                      0x080030d4   Section        0  stm32f4xx_hal_tim.o(i.TIM_OC3_SetConfig)
    TIM_OC3_SetConfig                        0x080030d5   Thumb Code    96  stm32f4xx_hal_tim.o(i.TIM_OC3_SetConfig)
    i.TIM_OC4_SetConfig                      0x0800313c   Section        0  stm32f4xx_hal_tim.o(i.TIM_OC4_SetConfig)
    TIM_OC4_SetConfig                        0x0800313d   Thumb Code    70  stm32f4xx_hal_tim.o(i.TIM_OC4_SetConfig)
    i.TIM_TI1_ConfigInputStage               0x0800318c   Section        0  stm32f4xx_hal_tim.o(i.TIM_TI1_ConfigInputStage)
    TIM_TI1_ConfigInputStage                 0x0800318d   Thumb Code    34  stm32f4xx_hal_tim.o(i.TIM_TI1_ConfigInputStage)
    i.TIM_TI2_ConfigInputStage               0x080031ae   Section        0  stm32f4xx_hal_tim.o(i.TIM_TI2_ConfigInputStage)
    TIM_TI2_ConfigInputStage                 0x080031af   Thumb Code    36  stm32f4xx_hal_tim.o(i.TIM_TI2_ConfigInputStage)
    i.UART_DMAAbortOnError                   0x080031d2   Section        0  stm32f4xx_hal_uart.o(i.UART_DMAAbortOnError)
    UART_DMAAbortOnError                     0x080031d3   Thumb Code    16  stm32f4xx_hal_uart.o(i.UART_DMAAbortOnError)
    i.UART_DMAError                          0x080031e2   Section        0  stm32f4xx_hal_uart.o(i.UART_DMAError)
    UART_DMAError                            0x080031e3   Thumb Code    74  stm32f4xx_hal_uart.o(i.UART_DMAError)
    i.UART_DMAReceiveCplt                    0x0800322c   Section        0  stm32f4xx_hal_uart.o(i.UART_DMAReceiveCplt)
    UART_DMAReceiveCplt                      0x0800322d   Thumb Code   134  stm32f4xx_hal_uart.o(i.UART_DMAReceiveCplt)
    i.UART_DMARxHalfCplt                     0x080032b2   Section        0  stm32f4xx_hal_uart.o(i.UART_DMARxHalfCplt)
    UART_DMARxHalfCplt                       0x080032b3   Thumb Code    30  stm32f4xx_hal_uart.o(i.UART_DMARxHalfCplt)
    i.UART_EndRxTransfer                     0x080032d0   Section        0  stm32f4xx_hal_uart.o(i.UART_EndRxTransfer)
    UART_EndRxTransfer                       0x080032d1   Thumb Code    78  stm32f4xx_hal_uart.o(i.UART_EndRxTransfer)
    i.UART_EndTxTransfer                     0x0800331e   Section        0  stm32f4xx_hal_uart.o(i.UART_EndTxTransfer)
    UART_EndTxTransfer                       0x0800331f   Thumb Code    28  stm32f4xx_hal_uart.o(i.UART_EndTxTransfer)
    i.UART_Receive_IT                        0x0800333a   Section        0  stm32f4xx_hal_uart.o(i.UART_Receive_IT)
    UART_Receive_IT                          0x0800333b   Thumb Code   194  stm32f4xx_hal_uart.o(i.UART_Receive_IT)
    i.UART_SetConfig                         0x080033fc   Section        0  stm32f4xx_hal_uart.o(i.UART_SetConfig)
    UART_SetConfig                           0x080033fd   Thumb Code   258  stm32f4xx_hal_uart.o(i.UART_SetConfig)
    i.UART_Start_Receive_DMA                 0x08003508   Section        0  stm32f4xx_hal_uart.o(i.UART_Start_Receive_DMA)
    i.UART_WaitOnFlagUntilTimeout            0x08003598   Section        0  stm32f4xx_hal_uart.o(i.UART_WaitOnFlagUntilTimeout)
    UART_WaitOnFlagUntilTimeout              0x08003599   Thumb Code   114  stm32f4xx_hal_uart.o(i.UART_WaitOnFlagUntilTimeout)
    i.USART1_IRQHandler                      0x0800360c   Section        0  stm32f4xx_it.o(i.USART1_IRQHandler)
    i.USART2_IRQHandler                      0x08003624   Section        0  stm32f4xx_it.o(i.USART2_IRQHandler)
    i.USART3_IRQHandler                      0x0800363c   Section        0  stm32f4xx_it.o(i.USART3_IRQHandler)
    i.USART6_IRQHandler                      0x08003654   Section        0  stm32f4xx_it.o(i.USART6_IRQHandler)
    i.USAR_UART_IDLECallback                 0x0800366c   Section        0  uart.o(i.USAR_UART_IDLECallback)
    i.UsageFault_Handler                     0x080037c4   Section        0  stm32f4xx_it.o(i.UsageFault_Handler)
    i.__0printf$1                            0x080037c8   Section        0  printf1.o(i.__0printf$1)
    i.__NVIC_SetPriority                     0x080037e8   Section        0  stm32f4xx_hal_cortex.o(i.__NVIC_SetPriority)
    __NVIC_SetPriority                       0x080037e9   Thumb Code    32  stm32f4xx_hal_cortex.o(i.__NVIC_SetPriority)
    i.__scatterload_copy                     0x08003808   Section       14  handlers.o(i.__scatterload_copy)
    i.__scatterload_null                     0x08003816   Section        2  handlers.o(i.__scatterload_null)
    i.__scatterload_zeroinit                 0x08003818   Section       14  handlers.o(i.__scatterload_zeroinit)
    i._printf_core                           0x08003828   Section        0  printf1.o(i._printf_core)
    _printf_core                             0x08003829   Thumb Code   336  printf1.o(i._printf_core)
    i.buffer_hadle_USART1                    0x0800397c   Section        0  uart.o(i.buffer_hadle_USART1)
    i.buffer_hadle_USART2                    0x08003d0c   Section        0  uart.o(i.buffer_hadle_USART2)
    i.buffer_hadle_USART3                    0x08003d30   Section        0  uart.o(i.buffer_hadle_USART3)
    i.fputc                                  0x08003d54   Section        0  main.o(i.fputc)
    i.main                                   0x08003d6c   Section        0  main.o(i.main)
    i.motor_control                          0x08003dc8   Section        0  motor.o(i.motor_control)
    i.motor_init                             0x0800422c   Section        0  motor.o(i.motor_init)
    i.move_back                              0x08004248   Section        0  motor.o(i.move_back)
    i.move_foward                            0x080043cc   Section        0  motor.o(i.move_foward)
    i.move_left                              0x08004550   Section        0  motor.o(i.move_left)
    i.move_right                             0x08004744   Section        0  motor.o(i.move_right)
    i.mymain                                 0x08004940   Section        0  mymain_1.o(i.mymain)
    i.pick_up_high                           0x08004944   Section        0  steer.o(i.pick_up_high)
    i.pick_up_low                            0x08004cbc   Section        0  steer.o(i.pick_up_low)
    i.put_down_high                          0x08005028   Section        0  steer.o(i.put_down_high)
    i.put_down_low                           0x08005394   Section        0  steer.o(i.put_down_low)
    i.state_machine                          0x08005700   Section        0  mymain_1.o(i.state_machine)
    i.steer_control                          0x08005948   Section        0  steer.o(i.steer_control)
    i.steer_init                             0x080059e4   Section        0  steer.o(i.steer_init)
    i.system_init                            0x080059fc   Section        0  mymain_1.o(i.system_init)
    i.turn_left                              0x08005be8   Section        0  motor.o(i.turn_left)
    i.turn_right                             0x08005dc8   Section        0  motor.o(i.turn_right)
    .constdata                               0x08005fa8   Section        8  stm32f4xx_hal_dma.o(.constdata)
    flagBitshiftOffset                       0x08005fa8   Data           8  stm32f4xx_hal_dma.o(.constdata)
    .constdata                               0x08005fb0   Section       16  system_stm32f4xx.o(.constdata)
    .constdata                               0x08005fc0   Section        8  system_stm32f4xx.o(.constdata)
    .data                                    0x20000000   Section        8  mymain_1.o(.data)
    .data                                    0x20000008   Section       16  steer.o(.data)
    .data                                    0x20000018   Section       24  motor.o(.data)
    .data                                    0x20000030   Section       56  time.o(.data)
    .data                                    0x20000068   Section       16  uart.o(.data)
    .data                                    0x20000078   Section       12  stm32f4xx_hal.o(.data)
    .data                                    0x20000084   Section        4  system_stm32f4xx.o(.data)
    .data                                    0x20000088   Section        4  stdout.o(.data)
    .bss                                     0x20000090   Section       16  steer.o(.bss)
    .bss                                     0x200000a0   Section       16  steer.o(.bss)
    .bss                                     0x200000b0   Section      312  motor.o(.bss)
    .bss                                     0x200001e8   Section      104  motor.o(.bss)
    .bss                                     0x20000250   Section      104  motor.o(.bss)
    .bss                                     0x200002b8   Section      400  uart.o(.bss)
    .bss                                     0x20000448   Section      432  tim.o(.bss)
    .bss                                     0x200005f8   Section      672  usart.o(.bss)
    STACK                                    0x20000898   Section     1024  startup_stm32f407xx.o(STACK)

    Global Symbols

    Symbol Name                              Value     Ov Type        Size  Object(Section)

    BuildAttributes$$THM_ISAv4$E$P$D$K$B$S$7EM$VFPi3$EXTD16$VFPS$VFMA$PE$A:L22UL41UL21$X:L11$S22US41US21$IEEE1$IW$USESV6$~STKCKD$USESV7$~SHL$OSPACE$ROPI$EBA8$MICROLIB$REQ8$PRES8$EABIv2 0x00000000   Number         0  anon$$obj.o ABSOLUTE
    __ARM_use_no_argv                        0x00000000   Number         0  main.o ABSOLUTE
    _printf_a                                0x00000000   Number         0  stubs.o ABSOLUTE
    _printf_c                                0x00000000   Number         0  stubs.o ABSOLUTE
    _printf_charcount                        0x00000000   Number         0  stubs.o ABSOLUTE
    _printf_d                                0x00000000   Number         0  stubs.o ABSOLUTE
    _printf_e                                0x00000000   Number         0  stubs.o ABSOLUTE
    _printf_f                                0x00000000   Number         0  stubs.o ABSOLUTE
    _printf_flags                            0x00000000   Number         0  stubs.o ABSOLUTE
    _printf_fp_dec                           0x00000000   Number         0  stubs.o ABSOLUTE
    _printf_fp_hex                           0x00000000   Number         0  stubs.o ABSOLUTE
    _printf_g                                0x00000000   Number         0  stubs.o ABSOLUTE
    _printf_i                                0x00000000   Number         0  stubs.o ABSOLUTE
    _printf_int_dec                          0x00000000   Number         0  stubs.o ABSOLUTE
    _printf_l                                0x00000000   Number         0  stubs.o ABSOLUTE
    _printf_lc                               0x00000000   Number         0  stubs.o ABSOLUTE
    _printf_ll                               0x00000000   Number         0  stubs.o ABSOLUTE
    _printf_lld                              0x00000000   Number         0  stubs.o ABSOLUTE
    _printf_lli                              0x00000000   Number         0  stubs.o ABSOLUTE
    _printf_llo                              0x00000000   Number         0  stubs.o ABSOLUTE
    _printf_llu                              0x00000000   Number         0  stubs.o ABSOLUTE
    _printf_llx                              0x00000000   Number         0  stubs.o ABSOLUTE
    _printf_longlong_dec                     0x00000000   Number         0  stubs.o ABSOLUTE
    _printf_longlong_hex                     0x00000000   Number         0  stubs.o ABSOLUTE
    _printf_longlong_oct                     0x00000000   Number         0  stubs.o ABSOLUTE
    _printf_ls                               0x00000000   Number         0  stubs.o ABSOLUTE
    _printf_mbtowc                           0x00000000   Number         0  stubs.o ABSOLUTE
    _printf_n                                0x00000000   Number         0  stubs.o ABSOLUTE
    _printf_o                                0x00000000   Number         0  stubs.o ABSOLUTE
    _printf_p                                0x00000000   Number         0  stubs.o ABSOLUTE
    _printf_percent                          0x00000000   Number         0  stubs.o ABSOLUTE
    _printf_pre_padding                      0x00000000   Number         0  stubs.o ABSOLUTE
    _printf_return_value                     0x00000000   Number         0  stubs.o ABSOLUTE
    _printf_s                                0x00000000   Number         0  stubs.o ABSOLUTE
    _printf_sizespec                         0x00000000   Number         0  stubs.o ABSOLUTE
    _printf_str                              0x00000000   Number         0  stubs.o ABSOLUTE
    _printf_truncate_signed                  0x00000000   Number         0  stubs.o ABSOLUTE
    _printf_truncate_unsigned                0x00000000   Number         0  stubs.o ABSOLUTE
    _printf_u                                0x00000000   Number         0  stubs.o ABSOLUTE
    _printf_wc                               0x00000000   Number         0  stubs.o ABSOLUTE
    _printf_wctomb                           0x00000000   Number         0  stubs.o ABSOLUTE
    _printf_widthprec                        0x00000000   Number         0  stubs.o ABSOLUTE
    _printf_x                                0x00000000   Number         0  stubs.o ABSOLUTE
    __cpp_initialize__aeabi_                  - Undefined Weak Reference
    __cxa_finalize                            - Undefined Weak Reference
    __decompress                              - Undefined Weak Reference
    _clock_init                               - Undefined Weak Reference
    _microlib_exit                            - Undefined Weak Reference
    __Vectors_Size                           0x00000188   Number         0  startup_stm32f407xx.o ABSOLUTE
    __Vectors                                0x08000000   Data           4  startup_stm32f407xx.o(RESET)
    __Vectors_End                            0x08000188   Data           0  startup_stm32f407xx.o(RESET)
    __main                                   0x08000189   Thumb Code     0  entry.o(.ARM.Collect$$$$00000000)
    _main_stk                                0x08000189   Thumb Code     0  entry2.o(.ARM.Collect$$$$00000001)
    _main_scatterload                        0x0800018d   Thumb Code     0  entry5.o(.ARM.Collect$$$$00000004)
    __main_after_scatterload                 0x08000191   Thumb Code     0  entry5.o(.ARM.Collect$$$$00000004)
    _main_clock                              0x08000191   Thumb Code     0  entry7b.o(.ARM.Collect$$$$00000008)
    _main_cpp_init                           0x08000191   Thumb Code     0  entry8b.o(.ARM.Collect$$$$0000000A)
    _main_init                               0x08000191   Thumb Code     0  entry9a.o(.ARM.Collect$$$$0000000B)
    __rt_final_cpp                           0x08000199   Thumb Code     0  entry10a.o(.ARM.Collect$$$$0000000D)
    __rt_final_exit                          0x08000199   Thumb Code     0  entry11a.o(.ARM.Collect$$$$0000000F)
    Reset_Handler                            0x0800019d   Thumb Code     8  startup_stm32f407xx.o(.text)
    ADC_IRQHandler                           0x080001b7   Thumb Code     0  startup_stm32f407xx.o(.text)
    CAN1_RX0_IRQHandler                      0x080001b7   Thumb Code     0  startup_stm32f407xx.o(.text)
    CAN1_RX1_IRQHandler                      0x080001b7   Thumb Code     0  startup_stm32f407xx.o(.text)
    CAN1_SCE_IRQHandler                      0x080001b7   Thumb Code     0  startup_stm32f407xx.o(.text)
    CAN1_TX_IRQHandler                       0x080001b7   Thumb Code     0  startup_stm32f407xx.o(.text)
    CAN2_RX0_IRQHandler                      0x080001b7   Thumb Code     0  startup_stm32f407xx.o(.text)
    CAN2_RX1_IRQHandler                      0x080001b7   Thumb Code     0  startup_stm32f407xx.o(.text)
    CAN2_SCE_IRQHandler                      0x080001b7   Thumb Code     0  startup_stm32f407xx.o(.text)
    CAN2_TX_IRQHandler                       0x080001b7   Thumb Code     0  startup_stm32f407xx.o(.text)
    DCMI_IRQHandler                          0x080001b7   Thumb Code     0  startup_stm32f407xx.o(.text)
    DMA1_Stream0_IRQHandler                  0x080001b7   Thumb Code     0  startup_stm32f407xx.o(.text)
    DMA1_Stream2_IRQHandler                  0x080001b7   Thumb Code     0  startup_stm32f407xx.o(.text)
    DMA1_Stream3_IRQHandler                  0x080001b7   Thumb Code     0  startup_stm32f407xx.o(.text)
    DMA1_Stream4_IRQHandler                  0x080001b7   Thumb Code     0  startup_stm32f407xx.o(.text)
    DMA1_Stream6_IRQHandler                  0x080001b7   Thumb Code     0  startup_stm32f407xx.o(.text)
    DMA1_Stream7_IRQHandler                  0x080001b7   Thumb Code     0  startup_stm32f407xx.o(.text)
    DMA2_Stream0_IRQHandler                  0x080001b7   Thumb Code     0  startup_stm32f407xx.o(.text)
    DMA2_Stream3_IRQHandler                  0x080001b7   Thumb Code     0  startup_stm32f407xx.o(.text)
    DMA2_Stream4_IRQHandler                  0x080001b7   Thumb Code     0  startup_stm32f407xx.o(.text)
    DMA2_Stream5_IRQHandler                  0x080001b7   Thumb Code     0  startup_stm32f407xx.o(.text)
    DMA2_Stream6_IRQHandler                  0x080001b7   Thumb Code     0  startup_stm32f407xx.o(.text)
    DMA2_Stream7_IRQHandler                  0x080001b7   Thumb Code     0  startup_stm32f407xx.o(.text)
    ETH_IRQHandler                           0x080001b7   Thumb Code     0  startup_stm32f407xx.o(.text)
    ETH_WKUP_IRQHandler                      0x080001b7   Thumb Code     0  startup_stm32f407xx.o(.text)
    EXTI0_IRQHandler                         0x080001b7   Thumb Code     0  startup_stm32f407xx.o(.text)
    EXTI15_10_IRQHandler                     0x080001b7   Thumb Code     0  startup_stm32f407xx.o(.text)
    EXTI1_IRQHandler                         0x080001b7   Thumb Code     0  startup_stm32f407xx.o(.text)
    EXTI2_IRQHandler                         0x080001b7   Thumb Code     0  startup_stm32f407xx.o(.text)
    EXTI3_IRQHandler                         0x080001b7   Thumb Code     0  startup_stm32f407xx.o(.text)
    EXTI4_IRQHandler                         0x080001b7   Thumb Code     0  startup_stm32f407xx.o(.text)
    EXTI9_5_IRQHandler                       0x080001b7   Thumb Code     0  startup_stm32f407xx.o(.text)
    FLASH_IRQHandler                         0x080001b7   Thumb Code     0  startup_stm32f407xx.o(.text)
    FMC_IRQHandler                           0x080001b7   Thumb Code     0  startup_stm32f407xx.o(.text)
    FPU_IRQHandler                           0x080001b7   Thumb Code     0  startup_stm32f407xx.o(.text)
    HASH_RNG_IRQHandler                      0x080001b7   Thumb Code     0  startup_stm32f407xx.o(.text)
    I2C1_ER_IRQHandler                       0x080001b7   Thumb Code     0  startup_stm32f407xx.o(.text)
    I2C1_EV_IRQHandler                       0x080001b7   Thumb Code     0  startup_stm32f407xx.o(.text)
    I2C2_ER_IRQHandler                       0x080001b7   Thumb Code     0  startup_stm32f407xx.o(.text)
    I2C2_EV_IRQHandler                       0x080001b7   Thumb Code     0  startup_stm32f407xx.o(.text)
    I2C3_ER_IRQHandler                       0x080001b7   Thumb Code     0  startup_stm32f407xx.o(.text)
    I2C3_EV_IRQHandler                       0x080001b7   Thumb Code     0  startup_stm32f407xx.o(.text)
    OTG_FS_IRQHandler                        0x080001b7   Thumb Code     0  startup_stm32f407xx.o(.text)
    OTG_FS_WKUP_IRQHandler                   0x080001b7   Thumb Code     0  startup_stm32f407xx.o(.text)
    OTG_HS_EP1_IN_IRQHandler                 0x080001b7   Thumb Code     0  startup_stm32f407xx.o(.text)
    OTG_HS_EP1_OUT_IRQHandler                0x080001b7   Thumb Code     0  startup_stm32f407xx.o(.text)
    OTG_HS_IRQHandler                        0x080001b7   Thumb Code     0  startup_stm32f407xx.o(.text)
    OTG_HS_WKUP_IRQHandler                   0x080001b7   Thumb Code     0  startup_stm32f407xx.o(.text)
    PVD_IRQHandler                           0x080001b7   Thumb Code     0  startup_stm32f407xx.o(.text)
    RCC_IRQHandler                           0x080001b7   Thumb Code     0  startup_stm32f407xx.o(.text)
    RTC_Alarm_IRQHandler                     0x080001b7   Thumb Code     0  startup_stm32f407xx.o(.text)
    RTC_WKUP_IRQHandler                      0x080001b7   Thumb Code     0  startup_stm32f407xx.o(.text)
    SDIO_IRQHandler                          0x080001b7   Thumb Code     0  startup_stm32f407xx.o(.text)
    SPI1_IRQHandler                          0x080001b7   Thumb Code     0  startup_stm32f407xx.o(.text)
    SPI2_IRQHandler                          0x080001b7   Thumb Code     0  startup_stm32f407xx.o(.text)
    SPI3_IRQHandler                          0x080001b7   Thumb Code     0  startup_stm32f407xx.o(.text)
    TAMP_STAMP_IRQHandler                    0x080001b7   Thumb Code     0  startup_stm32f407xx.o(.text)
    TIM1_BRK_TIM9_IRQHandler                 0x080001b7   Thumb Code     0  startup_stm32f407xx.o(.text)
    TIM1_CC_IRQHandler                       0x080001b7   Thumb Code     0  startup_stm32f407xx.o(.text)
    TIM1_TRG_COM_TIM11_IRQHandler            0x080001b7   Thumb Code     0  startup_stm32f407xx.o(.text)
    TIM6_DAC_IRQHandler                      0x080001b7   Thumb Code     0  startup_stm32f407xx.o(.text)
    TIM7_IRQHandler                          0x080001b7   Thumb Code     0  startup_stm32f407xx.o(.text)
    TIM8_BRK_TIM12_IRQHandler                0x080001b7   Thumb Code     0  startup_stm32f407xx.o(.text)
    TIM8_CC_IRQHandler                       0x080001b7   Thumb Code     0  startup_stm32f407xx.o(.text)
    TIM8_TRG_COM_TIM14_IRQHandler            0x080001b7   Thumb Code     0  startup_stm32f407xx.o(.text)
    UART4_IRQHandler                         0x080001b7   Thumb Code     0  startup_stm32f407xx.o(.text)
    UART5_IRQHandler                         0x080001b7   Thumb Code     0  startup_stm32f407xx.o(.text)
    WWDG_IRQHandler                          0x080001b7   Thumb Code     0  startup_stm32f407xx.o(.text)
    __aeabi_uldivmod                         0x080001c1   Thumb Code    98  uldiv.o(.text)
    __aeabi_memcpy                           0x08000223   Thumb Code    36  memcpya.o(.text)
    __aeabi_memcpy4                          0x08000223   Thumb Code     0  memcpya.o(.text)
    __aeabi_memcpy8                          0x08000223   Thumb Code     0  memcpya.o(.text)
    __aeabi_memset                           0x08000247   Thumb Code    14  memseta.o(.text)
    __aeabi_memset4                          0x08000247   Thumb Code     0  memseta.o(.text)
    __aeabi_memset8                          0x08000247   Thumb Code     0  memseta.o(.text)
    __aeabi_memclr                           0x08000255   Thumb Code     4  memseta.o(.text)
    __aeabi_memclr4                          0x08000255   Thumb Code     0  memseta.o(.text)
    __aeabi_memclr8                          0x08000255   Thumb Code     0  memseta.o(.text)
    _memset$wrapper                          0x08000259   Thumb Code    18  memseta.o(.text)
    __aeabi_dadd                             0x0800026b   Thumb Code   322  dadd.o(.text)
    __aeabi_dsub                             0x080003ad   Thumb Code     6  dadd.o(.text)
    __aeabi_drsub                            0x080003b3   Thumb Code     6  dadd.o(.text)
    __aeabi_dmul                             0x080003b9   Thumb Code   228  dmul.o(.text)
    __aeabi_ddiv                             0x0800049d   Thumb Code   222  ddiv.o(.text)
    __aeabi_i2d                              0x0800057b   Thumb Code    34  dflti.o(.text)
    __aeabi_ui2d                             0x0800059d   Thumb Code    26  dfltui.o(.text)
    __aeabi_l2d                              0x080005b7   Thumb Code    40  dfltl.o(.text)
    __aeabi_d2iz                             0x080005df   Thumb Code    62  dfixi.o(.text)
    __aeabi_d2uiz                            0x0800061d   Thumb Code    50  dfixui.o(.text)
    __aeabi_cdcmpeq                          0x08000651   Thumb Code     0  cdcmple.o(.text)
    __aeabi_cdcmple                          0x08000651   Thumb Code    48  cdcmple.o(.text)
    __aeabi_cdrcmple                         0x08000681   Thumb Code    48  cdrcmple.o(.text)
    __aeabi_uidiv                            0x080006b1   Thumb Code     0  uidiv.o(.text)
    __aeabi_uidivmod                         0x080006b1   Thumb Code    44  uidiv.o(.text)
    __aeabi_llsl                             0x080006dd   Thumb Code    30  llshl.o(.text)
    _ll_shift_l                              0x080006dd   Thumb Code     0  llshl.o(.text)
    __aeabi_llsr                             0x080006fb   Thumb Code    32  llushr.o(.text)
    _ll_ushift_r                             0x080006fb   Thumb Code     0  llushr.o(.text)
    __aeabi_lasr                             0x0800071b   Thumb Code    36  llsshr.o(.text)
    _ll_sshift_r                             0x0800071b   Thumb Code     0  llsshr.o(.text)
    __I$use$fp                               0x0800073f   Thumb Code     0  iusefp.o(.text)
    _double_round                            0x0800073f   Thumb Code    30  depilogue.o(.text)
    _double_epilogue                         0x0800075d   Thumb Code   156  depilogue.o(.text)
    __scatterload                            0x080007f9   Thumb Code    28  init.o(.text)
    __scatterload_rt2                        0x080007f9   Thumb Code     0  init.o(.text)
    Bluetooth_UART_IRQHandler                0x0800081d   Thumb Code   128  uart.o(i.Bluetooth_UART_IRQHandler)
    BusFault_Handler                         0x080008c1   Thumb Code     2  stm32f4xx_it.o(i.BusFault_Handler)
    DMA1_Stream1_IRQHandler                  0x080008c5   Thumb Code     6  stm32f4xx_it.o(i.DMA1_Stream1_IRQHandler)
    DMA1_Stream5_IRQHandler                  0x080008d1   Thumb Code     6  stm32f4xx_it.o(i.DMA1_Stream5_IRQHandler)
    DMA2_Stream1_IRQHandler                  0x080008dd   Thumb Code     6  stm32f4xx_it.o(i.DMA2_Stream1_IRQHandler)
    DMA2_Stream2_IRQHandler                  0x080008e9   Thumb Code     6  stm32f4xx_it.o(i.DMA2_Stream2_IRQHandler)
    DebugMon_Handler                         0x08000999   Thumb Code     2  stm32f4xx_it.o(i.DebugMon_Handler)
    Error_Handler                            0x0800099b   Thumb Code     4  main.o(i.Error_Handler)
    HAL_DMA_Abort                            0x0800099f   Thumb Code   146  stm32f4xx_hal_dma.o(i.HAL_DMA_Abort)
    HAL_DMA_Abort_IT                         0x08000a31   Thumb Code    36  stm32f4xx_hal_dma.o(i.HAL_DMA_Abort_IT)
    HAL_DMA_IRQHandler                       0x08000a55   Thumb Code   412  stm32f4xx_hal_dma.o(i.HAL_DMA_IRQHandler)
    HAL_DMA_Init                             0x08000bf5   Thumb Code   206  stm32f4xx_hal_dma.o(i.HAL_DMA_Init)
    HAL_DMA_Start_IT                         0x08000cc9   Thumb Code   110  stm32f4xx_hal_dma.o(i.HAL_DMA_Start_IT)
    HAL_GPIO_Init                            0x08000d39   Thumb Code   450  stm32f4xx_hal_gpio.o(i.HAL_GPIO_Init)
    HAL_GPIO_WritePin                        0x08000f29   Thumb Code    10  stm32f4xx_hal_gpio.o(i.HAL_GPIO_WritePin)
    HAL_GetTick                              0x08000f35   Thumb Code     6  stm32f4xx_hal.o(i.HAL_GetTick)
    HAL_IncTick                              0x08000f41   Thumb Code    12  stm32f4xx_hal.o(i.HAL_IncTick)
    HAL_Init                                 0x08000f51   Thumb Code    48  stm32f4xx_hal.o(i.HAL_Init)
    HAL_InitTick                             0x08000f85   Thumb Code    54  stm32f4xx_hal.o(i.HAL_InitTick)
    HAL_MspInit                              0x08000fc5   Thumb Code    42  stm32f4xx_hal_msp.o(i.HAL_MspInit)
    HAL_NVIC_EnableIRQ                       0x08000ff5   Thumb Code    26  stm32f4xx_hal_cortex.o(i.HAL_NVIC_EnableIRQ)
    HAL_NVIC_SetPriority                     0x08001011   Thumb Code    60  stm32f4xx_hal_cortex.o(i.HAL_NVIC_SetPriority)
    HAL_NVIC_SetPriorityGrouping             0x08001051   Thumb Code    26  stm32f4xx_hal_cortex.o(i.HAL_NVIC_SetPriorityGrouping)
    HAL_RCC_ClockConfig                      0x08001075   Thumb Code   288  stm32f4xx_hal_rcc.o(i.HAL_RCC_ClockConfig)
    HAL_RCC_GetPCLK1Freq                     0x080011a9   Thumb Code    20  stm32f4xx_hal_rcc.o(i.HAL_RCC_GetPCLK1Freq)
    HAL_RCC_GetPCLK2Freq                     0x080011c9   Thumb Code    20  stm32f4xx_hal_rcc.o(i.HAL_RCC_GetPCLK2Freq)
    HAL_RCC_GetSysClockFreq                  0x080011e9   Thumb Code    88  stm32f4xx_hal_rcc.o(i.HAL_RCC_GetSysClockFreq)
    HAL_RCC_OscConfig                        0x0800124d   Thumb Code   856  stm32f4xx_hal_rcc.o(i.HAL_RCC_OscConfig)
    HAL_SYSTICK_Config                       0x080015b9   Thumb Code    40  stm32f4xx_hal_cortex.o(i.HAL_SYSTICK_Config)
    HAL_TIMEx_BreakCallback                  0x080015e1   Thumb Code     2  stm32f4xx_hal_tim_ex.o(i.HAL_TIMEx_BreakCallback)
    HAL_TIMEx_CommutCallback                 0x080015e3   Thumb Code     2  stm32f4xx_hal_tim_ex.o(i.HAL_TIMEx_CommutCallback)
    HAL_TIMEx_ConfigBreakDeadTime            0x080015e5   Thumb Code    84  stm32f4xx_hal_tim_ex.o(i.HAL_TIMEx_ConfigBreakDeadTime)
    HAL_TIMEx_MasterConfigSynchronization    0x08001639   Thumb Code   116  stm32f4xx_hal_tim_ex.o(i.HAL_TIMEx_MasterConfigSynchronization)
    HAL_TIM_Base_Init                        0x080016c9   Thumb Code    90  stm32f4xx_hal_tim.o(i.HAL_TIM_Base_Init)
    HAL_TIM_Base_MspInit                     0x08001725   Thumb Code   198  tim.o(i.HAL_TIM_Base_MspInit)
    HAL_TIM_Base_Start_IT                    0x08001801   Thumb Code   100  stm32f4xx_hal_tim.o(i.HAL_TIM_Base_Start_IT)
    HAL_TIM_ConfigClockSource                0x08001881   Thumb Code   220  stm32f4xx_hal_tim.o(i.HAL_TIM_ConfigClockSource)
    HAL_TIM_IC_CaptureCallback               0x0800195d   Thumb Code     2  stm32f4xx_hal_tim.o(i.HAL_TIM_IC_CaptureCallback)
    HAL_TIM_IRQHandler                       0x0800195f   Thumb Code   304  stm32f4xx_hal_tim.o(i.HAL_TIM_IRQHandler)
    HAL_TIM_MspPostInit                      0x08001a91   Thumb Code   260  tim.o(i.HAL_TIM_MspPostInit)
    HAL_TIM_OC_DelayElapsedCallback          0x08001bbd   Thumb Code     2  stm32f4xx_hal_tim.o(i.HAL_TIM_OC_DelayElapsedCallback)
    HAL_TIM_PWM_ConfigChannel                0x08001bbf   Thumb Code   204  stm32f4xx_hal_tim.o(i.HAL_TIM_PWM_ConfigChannel)
    HAL_TIM_PWM_Init                         0x08001c8b   Thumb Code    90  stm32f4xx_hal_tim.o(i.HAL_TIM_PWM_Init)
    HAL_TIM_PWM_MspInit                      0x08001ce5   Thumb Code    50  tim.o(i.HAL_TIM_PWM_MspInit)
    HAL_TIM_PWM_PulseFinishedCallback        0x08001d21   Thumb Code     2  stm32f4xx_hal_tim.o(i.HAL_TIM_PWM_PulseFinishedCallback)
    HAL_TIM_PWM_Start                        0x08001d25   Thumb Code   172  stm32f4xx_hal_tim.o(i.HAL_TIM_PWM_Start)
    HAL_TIM_PWM_Stop_IT                      0x08001ded   Thumb Code   178  stm32f4xx_hal_tim.o(i.HAL_TIM_PWM_Stop_IT)
    HAL_TIM_PeriodElapsedCallback            0x08001ea9   Thumb Code   570  time.o(i.HAL_TIM_PeriodElapsedCallback)
    HAL_TIM_TriggerCallback                  0x0800213d   Thumb Code     2  stm32f4xx_hal_tim.o(i.HAL_TIM_TriggerCallback)
    HAL_UARTEx_RxEventCallback               0x0800213f   Thumb Code     2  stm32f4xx_hal_uart.o(i.HAL_UARTEx_RxEventCallback)
    HAL_UART_DMAStop                         0x08002141   Thumb Code   112  stm32f4xx_hal_uart.o(i.HAL_UART_DMAStop)
    HAL_UART_ErrorCallback                   0x080021b1   Thumb Code     2  stm32f4xx_hal_uart.o(i.HAL_UART_ErrorCallback)
    HAL_UART_IRQHandler                      0x080021b5   Thumb Code   618  stm32f4xx_hal_uart.o(i.HAL_UART_IRQHandler)
    HAL_UART_Init                            0x08002425   Thumb Code   100  stm32f4xx_hal_uart.o(i.HAL_UART_Init)
    HAL_UART_MspInit                         0x08002489   Thumb Code   618  usart.o(i.HAL_UART_MspInit)
    HAL_UART_Receive_DMA                     0x08002725   Thumb Code    28  stm32f4xx_hal_uart.o(i.HAL_UART_Receive_DMA)
    HAL_UART_RxCpltCallback                  0x08002741   Thumb Code     2  stm32f4xx_hal_uart.o(i.HAL_UART_RxCpltCallback)
    HAL_UART_RxHalfCpltCallback              0x08002743   Thumb Code     2  stm32f4xx_hal_uart.o(i.HAL_UART_RxHalfCpltCallback)
    HAL_UART_Transmit                        0x08002745   Thumb Code   160  stm32f4xx_hal_uart.o(i.HAL_UART_Transmit)
    HAL_UART_TxCpltCallback                  0x080027e5   Thumb Code     2  stm32f4xx_hal_uart.o(i.HAL_UART_TxCpltCallback)
    HardFault_Handler                        0x080027e7   Thumb Code     2  stm32f4xx_it.o(i.HardFault_Handler)
    MX_DMA_Init                              0x080027e9   Thumb Code   104  dma.o(i.MX_DMA_Init)
    MX_GPIO_Init                             0x08002855   Thumb Code   200  gpio.o(i.MX_GPIO_Init)
    MX_TIM1_Init                             0x08002929   Thumb Code   240  tim.o(i.MX_TIM1_Init)
    MX_TIM2_Init                             0x08002a21   Thumb Code   190  tim.o(i.MX_TIM2_Init)
    MX_TIM3_Init                             0x08002ae5   Thumb Code   144  tim.o(i.MX_TIM3_Init)
    MX_TIM4_Init                             0x08002b7d   Thumb Code   104  tim.o(i.MX_TIM4_Init)
    MX_TIM5_Init                             0x08002bed   Thumb Code    94  tim.o(i.MX_TIM5_Init)
    MX_TIM8_Init                             0x08002c55   Thumb Code   192  tim.o(i.MX_TIM8_Init)
    MX_USART1_UART_Init                      0x08002d1d   Thumb Code    48  usart.o(i.MX_USART1_UART_Init)
    MX_USART2_UART_Init                      0x08002d55   Thumb Code    48  usart.o(i.MX_USART2_UART_Init)
    MX_USART3_UART_Init                      0x08002d8d   Thumb Code    48  usart.o(i.MX_USART3_UART_Init)
    MX_USART6_UART_Init                      0x08002dc5   Thumb Code    48  usart.o(i.MX_USART6_UART_Init)
    MemManage_Handler                        0x08002dfd   Thumb Code     2  stm32f4xx_it.o(i.MemManage_Handler)
    NMI_Handler                              0x08002dff   Thumb Code     2  stm32f4xx_it.o(i.NMI_Handler)
    PendSV_Handler                           0x08002e01   Thumb Code     2  stm32f4xx_it.o(i.PendSV_Handler)
    SVC_Handler                              0x08002e03   Thumb Code     2  stm32f4xx_it.o(i.SVC_Handler)
    SysTick_Handler                          0x08002e05   Thumb Code     4  stm32f4xx_it.o(i.SysTick_Handler)
    SystemClock_Config                       0x08002e09   Thumb Code   136  main.o(i.SystemClock_Config)
    SystemInit                               0x08002e99   Thumb Code    12  system_stm32f4xx.o(i.SystemInit)
    TIM1_UP_TIM10_IRQHandler                 0x08002ea9   Thumb Code     6  stm32f4xx_it.o(i.TIM1_UP_TIM10_IRQHandler)
    TIM2_IRQHandler                          0x08002eb5   Thumb Code     6  stm32f4xx_it.o(i.TIM2_IRQHandler)
    TIM3_IRQHandler                          0x08002ec1   Thumb Code     6  stm32f4xx_it.o(i.TIM3_IRQHandler)
    TIM4_IRQHandler                          0x08002ecd   Thumb Code     6  stm32f4xx_it.o(i.TIM4_IRQHandler)
    TIM5_IRQHandler                          0x08002ed9   Thumb Code     6  stm32f4xx_it.o(i.TIM5_IRQHandler)
    TIM8_UP_TIM13_IRQHandler                 0x08002ee5   Thumb Code     6  stm32f4xx_it.o(i.TIM8_UP_TIM13_IRQHandler)
    TIM_Base_SetConfig                       0x08002ef1   Thumb Code   170  stm32f4xx_hal_tim.o(i.TIM_Base_SetConfig)
    TIM_CCxChannelCmd                        0x08002fc9   Thumb Code    26  stm32f4xx_hal_tim.o(i.TIM_CCxChannelCmd)
    TIM_ETR_SetConfig                        0x08002fe3   Thumb Code    20  stm32f4xx_hal_tim.o(i.TIM_ETR_SetConfig)
    TIM_OC2_SetConfig                        0x08003069   Thumb Code    98  stm32f4xx_hal_tim.o(i.TIM_OC2_SetConfig)
    UART_Start_Receive_DMA                   0x08003509   Thumb Code   130  stm32f4xx_hal_uart.o(i.UART_Start_Receive_DMA)
    USART1_IRQHandler                        0x0800360d   Thumb Code    18  stm32f4xx_it.o(i.USART1_IRQHandler)
    USART2_IRQHandler                        0x08003625   Thumb Code    18  stm32f4xx_it.o(i.USART2_IRQHandler)
    USART3_IRQHandler                        0x0800363d   Thumb Code    18  stm32f4xx_it.o(i.USART3_IRQHandler)
    USART6_IRQHandler                        0x08003655   Thumb Code    18  stm32f4xx_it.o(i.USART6_IRQHandler)
    USAR_UART_IDLECallback                   0x0800366d   Thumb Code   290  uart.o(i.USAR_UART_IDLECallback)
    UsageFault_Handler                       0x080037c5   Thumb Code     2  stm32f4xx_it.o(i.UsageFault_Handler)
    __0printf$1                              0x080037c9   Thumb Code    22  printf1.o(i.__0printf$1)
    __1printf$1                              0x080037c9   Thumb Code     0  printf1.o(i.__0printf$1)
    __2printf                                0x080037c9   Thumb Code     0  printf1.o(i.__0printf$1)
    __scatterload_copy                       0x08003809   Thumb Code    14  handlers.o(i.__scatterload_copy)
    __scatterload_null                       0x08003817   Thumb Code     2  handlers.o(i.__scatterload_null)
    __scatterload_zeroinit                   0x08003819   Thumb Code    14  handlers.o(i.__scatterload_zeroinit)
    buffer_hadle_USART1                      0x0800397d   Thumb Code   842  uart.o(i.buffer_hadle_USART1)
    buffer_hadle_USART2                      0x08003d0d   Thumb Code    26  uart.o(i.buffer_hadle_USART2)
    buffer_hadle_USART3                      0x08003d31   Thumb Code    26  uart.o(i.buffer_hadle_USART3)
    fputc                                    0x08003d55   Thumb Code    20  main.o(i.fputc)
    main                                     0x08003d6d   Thumb Code    78  main.o(i.main)
    motor_control                            0x08003dc9   Thumb Code  1124  motor.o(i.motor_control)
    motor_init                               0x0800422d   Thumb Code    20  motor.o(i.motor_init)
    move_back                                0x08004249   Thumb Code   366  motor.o(i.move_back)
    move_foward                              0x080043cd   Thumb Code   366  motor.o(i.move_foward)
    move_left                                0x08004551   Thumb Code   476  motor.o(i.move_left)
    move_right                               0x08004745   Thumb Code   492  motor.o(i.move_right)
    mymain                                   0x08004941   Thumb Code     4  mymain_1.o(i.mymain)
    pick_up_high                             0x08004945   Thumb Code   858  steer.o(i.pick_up_high)
    pick_up_low                              0x08004cbd   Thumb Code   848  steer.o(i.pick_up_low)
    put_down_high                            0x08005029   Thumb Code   848  steer.o(i.put_down_high)
    put_down_low                             0x08005395   Thumb Code   848  steer.o(i.put_down_low)
    state_machine                            0x08005701   Thumb Code   458  mymain_1.o(i.state_machine)
    steer_control                            0x08005949   Thumb Code   122  steer.o(i.steer_control)
    steer_init                               0x080059e5   Thumb Code    14  steer.o(i.steer_init)
    system_init                              0x080059fd   Thumb Code   452  mymain_1.o(i.system_init)
    turn_left                                0x08005be9   Thumb Code   456  motor.o(i.turn_left)
    turn_right                               0x08005dc9   Thumb Code   456  motor.o(i.turn_right)
    AHBPrescTable                            0x08005fb0   Data          16  system_stm32f4xx.o(.constdata)
    APBPrescTable                            0x08005fc0   Data           8  system_stm32f4xx.o(.constdata)
    Region$$Table$$Base                      0x08005fc8   Number         0  anon$$obj.o(Region$$Table)
    Region$$Table$$Limit                     0x08005fe8   Number         0  anon$$obj.o(Region$$Table)
    state_flag                               0x20000000   Data           1  mymain_1.o(.data)
    received_flag                            0x20000001   Data           1  mymain_1.o(.data)
    goods_num                                0x20000004   Data           4  mymain_1.o(.data)
    plate_pulse                              0x20000008   Data           8  steer.o(.data)
    catch_pulse                              0x20000010   Data           8  steer.o(.data)
    begin4_time1                             0x20000018   Data           8  motor.o(.data)
    end4_time1                               0x20000020   Data           8  motor.o(.data)
    a4_acc1                                  0x20000028   Data           8  motor.o(.data)
    pulse4_flag1                             0x20000030   Data           4  time.o(.data)
    pulse4_1                                 0x20000034   Data           4  time.o(.data)
    pulse4_set1                              0x20000038   Data           4  time.o(.data)
    pulse4_flag2                             0x2000003c   Data           4  time.o(.data)
    pulse4_2                                 0x20000040   Data           4  time.o(.data)
    pulse4_set2                              0x20000044   Data           4  time.o(.data)
    pulse4_flag3                             0x20000048   Data           4  time.o(.data)
    pulse4_3                                 0x2000004c   Data           4  time.o(.data)
    pulse4_set3                              0x20000050   Data           4  time.o(.data)
    time_Tick                                0x20000058   Data           8  time.o(.data)
    time_Tick_s                              0x20000060   Data           8  time.o(.data)
    rgb_stack_1                              0x20000068   Data           3  uart.o(.data)
    rgb_stack_2                              0x2000006b   Data           3  uart.o(.data)
    dis_set                                  0x20000070   Data           8  uart.o(.data)
    uwTickFreq                               0x20000078   Data           1  stm32f4xx_hal.o(.data)
    uwTickPrio                               0x2000007c   Data           4  stm32f4xx_hal.o(.data)
    uwTick                                   0x20000080   Data           4  stm32f4xx_hal.o(.data)
    SystemCoreClock                          0x20000084   Data           4  system_stm32f4xx.o(.data)
    __stdout                                 0x20000088   Data           4  stdout.o(.data)
    steer_plate                              0x20000090   Data          16  steer.o(.bss)
    steer_catch                              0x200000a0   Data          16  steer.o(.bss)
    motor_lf                                 0x200000b0   Data         104  motor.o(.bss)
    motor_rf                                 0x20000118   Data         104  motor.o(.bss)
    motor_back                               0x20000180   Data         104  motor.o(.bss)
    motor_up                                 0x200001e8   Data         104  motor.o(.bss)
    motor_rotate                             0x20000250   Data         104  motor.o(.bss)
    receive_buff_1                           0x200002b8   Data          50  uart.o(.bss)
    USART1_buffer                            0x200002ea   Data          50  uart.o(.bss)
    receive_buff_2                           0x2000031c   Data          50  uart.o(.bss)
    USART2_buffer                            0x2000034e   Data          50  uart.o(.bss)
    receive_buff_3                           0x20000380   Data          50  uart.o(.bss)
    USART3_buffer                            0x200003b2   Data          50  uart.o(.bss)
    receive_buff_6                           0x200003e4   Data          50  uart.o(.bss)
    USART6_buffer                            0x20000416   Data          50  uart.o(.bss)
    htim1                                    0x20000448   Data          72  tim.o(.bss)
    htim2                                    0x20000490   Data          72  tim.o(.bss)
    htim3                                    0x200004d8   Data          72  tim.o(.bss)
    htim4                                    0x20000520   Data          72  tim.o(.bss)
    htim5                                    0x20000568   Data          72  tim.o(.bss)
    htim8                                    0x200005b0   Data          72  tim.o(.bss)
    huart1                                   0x200005f8   Data          72  usart.o(.bss)
    huart2                                   0x20000640   Data          72  usart.o(.bss)
    huart3                                   0x20000688   Data          72  usart.o(.bss)
    huart6                                   0x200006d0   Data          72  usart.o(.bss)
    hdma_usart1_rx                           0x20000718   Data          96  usart.o(.bss)
    hdma_usart2_rx                           0x20000778   Data          96  usart.o(.bss)
    hdma_usart3_rx                           0x200007d8   Data          96  usart.o(.bss)
    hdma_usart6_rx                           0x20000838   Data          96  usart.o(.bss)
    __initial_sp                             0x20000c98   Data           0  startup_stm32f407xx.o(STACK)



==============================================================================

Memory Map of the image

  Image Entry point : 0x08000189

  Load Region LR_IROM1 (Base: 0x08000000, Size: 0x00006074, Max: 0x00080000, ABSOLUTE)

    Execution Region ER_IROM1 (Exec base: 0x08000000, Load base: 0x08000000, Size: 0x00005fe8, Max: 0x00080000, ABSOLUTE)

    Exec Addr    Load Addr    Size         Type   Attr      Idx    E Section Name        Object

    0x08000000   0x08000000   0x00000188   Data   RO            3    RESET               startup_stm32f407xx.o
    0x08000188   0x08000188   0x00000000   Code   RO         3494  * .ARM.Collect$$$$00000000  mc_w.l(entry.o)
    0x08000188   0x08000188   0x00000004   Code   RO         3790    .ARM.Collect$$$$00000001  mc_w.l(entry2.o)
    0x0800018c   0x0800018c   0x00000004   Code   RO         3793    .ARM.Collect$$$$00000004  mc_w.l(entry5.o)
    0x08000190   0x08000190   0x00000000   Code   RO         3795    .ARM.Collect$$$$00000008  mc_w.l(entry7b.o)
    0x08000190   0x08000190   0x00000000   Code   RO         3797    .ARM.Collect$$$$0000000A  mc_w.l(entry8b.o)
    0x08000190   0x08000190   0x00000008   Code   RO         3798    .ARM.Collect$$$$0000000B  mc_w.l(entry9a.o)
    0x08000198   0x08000198   0x00000000   Code   RO         3800    .ARM.Collect$$$$0000000D  mc_w.l(entry10a.o)
    0x08000198   0x08000198   0x00000000   Code   RO         3802    .ARM.Collect$$$$0000000F  mc_w.l(entry11a.o)
    0x08000198   0x08000198   0x00000004   Code   RO         3791    .ARM.Collect$$$$00002712  mc_w.l(entry2.o)
    0x0800019c   0x0800019c   0x00000024   Code   RO            4    .text               startup_stm32f407xx.o
    0x080001c0   0x080001c0   0x00000062   Code   RO         3497    .text               mc_w.l(uldiv.o)
    0x08000222   0x08000222   0x00000024   Code   RO         3499    .text               mc_w.l(memcpya.o)
    0x08000246   0x08000246   0x00000024   Code   RO         3501    .text               mc_w.l(memseta.o)
    0x0800026a   0x0800026a   0x0000014e   Code   RO         3766    .text               mf_w.l(dadd.o)
    0x080003b8   0x080003b8   0x000000e4   Code   RO         3768    .text               mf_w.l(dmul.o)
    0x0800049c   0x0800049c   0x000000de   Code   RO         3770    .text               mf_w.l(ddiv.o)
    0x0800057a   0x0800057a   0x00000022   Code   RO         3774    .text               mf_w.l(dflti.o)
    0x0800059c   0x0800059c   0x0000001a   Code   RO         3776    .text               mf_w.l(dfltui.o)
    0x080005b6   0x080005b6   0x00000028   Code   RO         3778    .text               mf_w.l(dfltl.o)
    0x080005de   0x080005de   0x0000003e   Code   RO         3780    .text               mf_w.l(dfixi.o)
    0x0800061c   0x0800061c   0x00000032   Code   RO         3782    .text               mf_w.l(dfixui.o)
    0x0800064e   0x0800064e   0x00000002   PAD
    0x08000650   0x08000650   0x00000030   Code   RO         3786    .text               mf_w.l(cdcmple.o)
    0x08000680   0x08000680   0x00000030   Code   RO         3788    .text               mf_w.l(cdrcmple.o)
    0x080006b0   0x080006b0   0x0000002c   Code   RO         3805    .text               mc_w.l(uidiv.o)
    0x080006dc   0x080006dc   0x0000001e   Code   RO         3807    .text               mc_w.l(llshl.o)
    0x080006fa   0x080006fa   0x00000020   Code   RO         3809    .text               mc_w.l(llushr.o)
    0x0800071a   0x0800071a   0x00000024   Code   RO         3811    .text               mc_w.l(llsshr.o)
    0x0800073e   0x0800073e   0x00000000   Code   RO         3813    .text               mc_w.l(iusefp.o)
    0x0800073e   0x0800073e   0x000000ba   Code   RO         3814    .text               mf_w.l(depilogue.o)
    0x080007f8   0x080007f8   0x00000024   Code   RO         3818    .text               mc_w.l(init.o)
    0x0800081c   0x0800081c   0x000000a4   Code   RO          458    i.Bluetooth_UART_IRQHandler  uart.o
    0x080008c0   0x080008c0   0x00000002   Code   RO          786    i.BusFault_Handler  stm32f4xx_it.o
    0x080008c2   0x080008c2   0x00000002   PAD
    0x080008c4   0x080008c4   0x0000000c   Code   RO          787    i.DMA1_Stream1_IRQHandler  stm32f4xx_it.o
    0x080008d0   0x080008d0   0x0000000c   Code   RO          788    i.DMA1_Stream5_IRQHandler  stm32f4xx_it.o
    0x080008dc   0x080008dc   0x0000000c   Code   RO          789    i.DMA2_Stream1_IRQHandler  stm32f4xx_it.o
    0x080008e8   0x080008e8   0x0000000c   Code   RO          790    i.DMA2_Stream2_IRQHandler  stm32f4xx_it.o
    0x080008f4   0x080008f4   0x00000028   Code   RO         2405    i.DMA_CalcBaseAndBitshift  stm32f4xx_hal_dma.o
    0x0800091c   0x0800091c   0x00000054   Code   RO         2406    i.DMA_CheckFifoParam  stm32f4xx_hal_dma.o
    0x08000970   0x08000970   0x00000028   Code   RO         2407    i.DMA_SetConfig     stm32f4xx_hal_dma.o
    0x08000998   0x08000998   0x00000002   Code   RO          791    i.DebugMon_Handler  stm32f4xx_it.o
    0x0800099a   0x0800099a   0x00000004   Code   RO          524    i.Error_Handler     main.o
    0x0800099e   0x0800099e   0x00000092   Code   RO         2408    i.HAL_DMA_Abort     stm32f4xx_hal_dma.o
    0x08000a30   0x08000a30   0x00000024   Code   RO         2409    i.HAL_DMA_Abort_IT  stm32f4xx_hal_dma.o
    0x08000a54   0x08000a54   0x000001a0   Code   RO         2413    i.HAL_DMA_IRQHandler  stm32f4xx_hal_dma.o
    0x08000bf4   0x08000bf4   0x000000d4   Code   RO         2414    i.HAL_DMA_Init      stm32f4xx_hal_dma.o
    0x08000cc8   0x08000cc8   0x0000006e   Code   RO         2418    i.HAL_DMA_Start_IT  stm32f4xx_hal_dma.o
    0x08000d36   0x08000d36   0x00000002   PAD
    0x08000d38   0x08000d38   0x000001f0   Code   RO         2301    i.HAL_GPIO_Init     stm32f4xx_hal_gpio.o
    0x08000f28   0x08000f28   0x0000000a   Code   RO         2305    i.HAL_GPIO_WritePin  stm32f4xx_hal_gpio.o
    0x08000f32   0x08000f32   0x00000002   PAD
    0x08000f34   0x08000f34   0x0000000c   Code   RO         2851    i.HAL_GetTick       stm32f4xx_hal.o
    0x08000f40   0x08000f40   0x00000010   Code   RO         2857    i.HAL_IncTick       stm32f4xx_hal.o
    0x08000f50   0x08000f50   0x00000034   Code   RO         2858    i.HAL_Init          stm32f4xx_hal.o
    0x08000f84   0x08000f84   0x00000040   Code   RO         2859    i.HAL_InitTick      stm32f4xx_hal.o
    0x08000fc4   0x08000fc4   0x00000030   Code   RO          949    i.HAL_MspInit       stm32f4xx_hal_msp.o
    0x08000ff4   0x08000ff4   0x0000001a   Code   RO         2693    i.HAL_NVIC_EnableIRQ  stm32f4xx_hal_cortex.o
    0x0800100e   0x0800100e   0x00000002   PAD
    0x08001010   0x08001010   0x00000040   Code   RO         2699    i.HAL_NVIC_SetPriority  stm32f4xx_hal_cortex.o
    0x08001050   0x08001050   0x00000024   Code   RO         2700    i.HAL_NVIC_SetPriorityGrouping  stm32f4xx_hal_cortex.o
    0x08001074   0x08001074   0x00000134   Code   RO         1947    i.HAL_RCC_ClockConfig  stm32f4xx_hal_rcc.o
    0x080011a8   0x080011a8   0x00000020   Code   RO         1954    i.HAL_RCC_GetPCLK1Freq  stm32f4xx_hal_rcc.o
    0x080011c8   0x080011c8   0x00000020   Code   RO         1955    i.HAL_RCC_GetPCLK2Freq  stm32f4xx_hal_rcc.o
    0x080011e8   0x080011e8   0x00000064   Code   RO         1956    i.HAL_RCC_GetSysClockFreq  stm32f4xx_hal_rcc.o
    0x0800124c   0x0800124c   0x0000036c   Code   RO         1959    i.HAL_RCC_OscConfig  stm32f4xx_hal_rcc.o
    0x080015b8   0x080015b8   0x00000028   Code   RO         2704    i.HAL_SYSTICK_Config  stm32f4xx_hal_cortex.o
    0x080015e0   0x080015e0   0x00000002   Code   RO         1679    i.HAL_TIMEx_BreakCallback  stm32f4xx_hal_tim_ex.o
    0x080015e2   0x080015e2   0x00000002   Code   RO         1680    i.HAL_TIMEx_CommutCallback  stm32f4xx_hal_tim_ex.o
    0x080015e4   0x080015e4   0x00000054   Code   RO         1682    i.HAL_TIMEx_ConfigBreakDeadTime  stm32f4xx_hal_tim_ex.o
    0x08001638   0x08001638   0x00000090   Code   RO         1698    i.HAL_TIMEx_MasterConfigSynchronization  stm32f4xx_hal_tim_ex.o
    0x080016c8   0x080016c8   0x0000005a   Code   RO          975    i.HAL_TIM_Base_Init  stm32f4xx_hal_tim.o
    0x08001722   0x08001722   0x00000002   PAD
    0x08001724   0x08001724   0x000000dc   Code   RO          637    i.HAL_TIM_Base_MspInit  tim.o
    0x08001800   0x08001800   0x00000080   Code   RO          980    i.HAL_TIM_Base_Start_IT  stm32f4xx_hal_tim.o
    0x08001880   0x08001880   0x000000dc   Code   RO          984    i.HAL_TIM_ConfigClockSource  stm32f4xx_hal_tim.o
    0x0800195c   0x0800195c   0x00000002   Code   RO         1009    i.HAL_TIM_IC_CaptureCallback  stm32f4xx_hal_tim.o
    0x0800195e   0x0800195e   0x00000130   Code   RO         1023    i.HAL_TIM_IRQHandler  stm32f4xx_hal_tim.o
    0x08001a8e   0x08001a8e   0x00000002   PAD
    0x08001a90   0x08001a90   0x0000012c   Code   RO          638    i.HAL_TIM_MspPostInit  tim.o
    0x08001bbc   0x08001bbc   0x00000002   Code   RO         1026    i.HAL_TIM_OC_DelayElapsedCallback  stm32f4xx_hal_tim.o
    0x08001bbe   0x08001bbe   0x000000cc   Code   RO         1047    i.HAL_TIM_PWM_ConfigChannel  stm32f4xx_hal_tim.o
    0x08001c8a   0x08001c8a   0x0000005a   Code   RO         1050    i.HAL_TIM_PWM_Init  stm32f4xx_hal_tim.o
    0x08001ce4   0x08001ce4   0x0000003c   Code   RO          640    i.HAL_TIM_PWM_MspInit  tim.o
    0x08001d20   0x08001d20   0x00000002   Code   RO         1053    i.HAL_TIM_PWM_PulseFinishedCallback  stm32f4xx_hal_tim.o
    0x08001d22   0x08001d22   0x00000002   PAD
    0x08001d24   0x08001d24   0x000000c8   Code   RO         1055    i.HAL_TIM_PWM_Start  stm32f4xx_hal_tim.o
    0x08001dec   0x08001dec   0x000000bc   Code   RO         1060    i.HAL_TIM_PWM_Stop_IT  stm32f4xx_hal_tim.o
    0x08001ea8   0x08001ea8   0x00000294   Code   RO          428    i.HAL_TIM_PeriodElapsedCallback  time.o
    0x0800213c   0x0800213c   0x00000002   Code   RO         1066    i.HAL_TIM_TriggerCallback  stm32f4xx_hal_tim.o
    0x0800213e   0x0800213e   0x00000002   Code   RO         3108    i.HAL_UARTEx_RxEventCallback  stm32f4xx_hal_uart.o
    0x08002140   0x08002140   0x00000070   Code   RO         3120    i.HAL_UART_DMAStop  stm32f4xx_hal_uart.o
    0x080021b0   0x080021b0   0x00000002   Code   RO         3122    i.HAL_UART_ErrorCallback  stm32f4xx_hal_uart.o
    0x080021b2   0x080021b2   0x00000002   PAD
    0x080021b4   0x080021b4   0x00000270   Code   RO         3125    i.HAL_UART_IRQHandler  stm32f4xx_hal_uart.o
    0x08002424   0x08002424   0x00000064   Code   RO         3126    i.HAL_UART_Init     stm32f4xx_hal_uart.o
    0x08002488   0x08002488   0x0000029c   Code   RO          727    i.HAL_UART_MspInit  usart.o
    0x08002724   0x08002724   0x0000001c   Code   RO         3130    i.HAL_UART_Receive_DMA  stm32f4xx_hal_uart.o
    0x08002740   0x08002740   0x00000002   Code   RO         3132    i.HAL_UART_RxCpltCallback  stm32f4xx_hal_uart.o
    0x08002742   0x08002742   0x00000002   Code   RO         3133    i.HAL_UART_RxHalfCpltCallback  stm32f4xx_hal_uart.o
    0x08002744   0x08002744   0x000000a0   Code   RO         3134    i.HAL_UART_Transmit  stm32f4xx_hal_uart.o
    0x080027e4   0x080027e4   0x00000002   Code   RO         3137    i.HAL_UART_TxCpltCallback  stm32f4xx_hal_uart.o
    0x080027e6   0x080027e6   0x00000002   Code   RO          792    i.HardFault_Handler  stm32f4xx_it.o
    0x080027e8   0x080027e8   0x0000006c   Code   RO          612    i.MX_DMA_Init       dma.o
    0x08002854   0x08002854   0x000000d4   Code   RO          588    i.MX_GPIO_Init      gpio.o
    0x08002928   0x08002928   0x000000f8   Code   RO          641    i.MX_TIM1_Init      tim.o
    0x08002a20   0x08002a20   0x000000c4   Code   RO          642    i.MX_TIM2_Init      tim.o
    0x08002ae4   0x08002ae4   0x00000098   Code   RO          643    i.MX_TIM3_Init      tim.o
    0x08002b7c   0x08002b7c   0x00000070   Code   RO          644    i.MX_TIM4_Init      tim.o
    0x08002bec   0x08002bec   0x00000068   Code   RO          645    i.MX_TIM5_Init      tim.o
    0x08002c54   0x08002c54   0x000000c8   Code   RO          646    i.MX_TIM8_Init      tim.o
    0x08002d1c   0x08002d1c   0x00000038   Code   RO          728    i.MX_USART1_UART_Init  usart.o
    0x08002d54   0x08002d54   0x00000038   Code   RO          729    i.MX_USART2_UART_Init  usart.o
    0x08002d8c   0x08002d8c   0x00000038   Code   RO          730    i.MX_USART3_UART_Init  usart.o
    0x08002dc4   0x08002dc4   0x00000038   Code   RO          731    i.MX_USART6_UART_Init  usart.o
    0x08002dfc   0x08002dfc   0x00000002   Code   RO          793    i.MemManage_Handler  stm32f4xx_it.o
    0x08002dfe   0x08002dfe   0x00000002   Code   RO          794    i.NMI_Handler       stm32f4xx_it.o
    0x08002e00   0x08002e00   0x00000002   Code   RO          795    i.PendSV_Handler    stm32f4xx_it.o
    0x08002e02   0x08002e02   0x00000002   Code   RO          796    i.SVC_Handler       stm32f4xx_it.o
    0x08002e04   0x08002e04   0x00000004   Code   RO          797    i.SysTick_Handler   stm32f4xx_it.o
    0x08002e08   0x08002e08   0x00000090   Code   RO          525    i.SystemClock_Config  main.o
    0x08002e98   0x08002e98   0x00000010   Code   RO         3460    i.SystemInit        system_stm32f4xx.o
    0x08002ea8   0x08002ea8   0x0000000c   Code   RO          798    i.TIM1_UP_TIM10_IRQHandler  stm32f4xx_it.o
    0x08002eb4   0x08002eb4   0x0000000c   Code   RO          799    i.TIM2_IRQHandler   stm32f4xx_it.o
    0x08002ec0   0x08002ec0   0x0000000c   Code   RO          800    i.TIM3_IRQHandler   stm32f4xx_it.o
    0x08002ecc   0x08002ecc   0x0000000c   Code   RO          801    i.TIM4_IRQHandler   stm32f4xx_it.o
    0x08002ed8   0x08002ed8   0x0000000c   Code   RO          802    i.TIM5_IRQHandler   stm32f4xx_it.o
    0x08002ee4   0x08002ee4   0x0000000c   Code   RO          803    i.TIM8_UP_TIM13_IRQHandler  stm32f4xx_it.o
    0x08002ef0   0x08002ef0   0x000000d8   Code   RO         1068    i.TIM_Base_SetConfig  stm32f4xx_hal_tim.o
    0x08002fc8   0x08002fc8   0x0000001a   Code   RO         1069    i.TIM_CCxChannelCmd  stm32f4xx_hal_tim.o
    0x08002fe2   0x08002fe2   0x00000014   Code   RO         1079    i.TIM_ETR_SetConfig  stm32f4xx_hal_tim.o
    0x08002ff6   0x08002ff6   0x00000010   Code   RO         1080    i.TIM_ITRx_SetConfig  stm32f4xx_hal_tim.o
    0x08003006   0x08003006   0x00000002   PAD
    0x08003008   0x08003008   0x00000060   Code   RO         1081    i.TIM_OC1_SetConfig  stm32f4xx_hal_tim.o
    0x08003068   0x08003068   0x0000006c   Code   RO         1082    i.TIM_OC2_SetConfig  stm32f4xx_hal_tim.o
    0x080030d4   0x080030d4   0x00000068   Code   RO         1083    i.TIM_OC3_SetConfig  stm32f4xx_hal_tim.o
    0x0800313c   0x0800313c   0x00000050   Code   RO         1084    i.TIM_OC4_SetConfig  stm32f4xx_hal_tim.o
    0x0800318c   0x0800318c   0x00000022   Code   RO         1086    i.TIM_TI1_ConfigInputStage  stm32f4xx_hal_tim.o
    0x080031ae   0x080031ae   0x00000024   Code   RO         1088    i.TIM_TI2_ConfigInputStage  stm32f4xx_hal_tim.o
    0x080031d2   0x080031d2   0x00000010   Code   RO         3139    i.UART_DMAAbortOnError  stm32f4xx_hal_uart.o
    0x080031e2   0x080031e2   0x0000004a   Code   RO         3140    i.UART_DMAError     stm32f4xx_hal_uart.o
    0x0800322c   0x0800322c   0x00000086   Code   RO         3141    i.UART_DMAReceiveCplt  stm32f4xx_hal_uart.o
    0x080032b2   0x080032b2   0x0000001e   Code   RO         3143    i.UART_DMARxHalfCplt  stm32f4xx_hal_uart.o
    0x080032d0   0x080032d0   0x0000004e   Code   RO         3149    i.UART_EndRxTransfer  stm32f4xx_hal_uart.o
    0x0800331e   0x0800331e   0x0000001c   Code   RO         3150    i.UART_EndTxTransfer  stm32f4xx_hal_uart.o
    0x0800333a   0x0800333a   0x000000c2   Code   RO         3151    i.UART_Receive_IT   stm32f4xx_hal_uart.o
    0x080033fc   0x080033fc   0x0000010c   Code   RO         3152    i.UART_SetConfig    stm32f4xx_hal_uart.o
    0x08003508   0x08003508   0x00000090   Code   RO         3153    i.UART_Start_Receive_DMA  stm32f4xx_hal_uart.o
    0x08003598   0x08003598   0x00000072   Code   RO         3155    i.UART_WaitOnFlagUntilTimeout  stm32f4xx_hal_uart.o
    0x0800360a   0x0800360a   0x00000002   PAD
    0x0800360c   0x0800360c   0x00000018   Code   RO          804    i.USART1_IRQHandler  stm32f4xx_it.o
    0x08003624   0x08003624   0x00000018   Code   RO          805    i.USART2_IRQHandler  stm32f4xx_it.o
    0x0800363c   0x0800363c   0x00000018   Code   RO          806    i.USART3_IRQHandler  stm32f4xx_it.o
    0x08003654   0x08003654   0x00000018   Code   RO          807    i.USART6_IRQHandler  stm32f4xx_it.o
    0x0800366c   0x0800366c   0x00000158   Code   RO          460    i.USAR_UART_IDLECallback  uart.o
    0x080037c4   0x080037c4   0x00000002   Code   RO          808    i.UsageFault_Handler  stm32f4xx_it.o
    0x080037c6   0x080037c6   0x00000002   PAD
    0x080037c8   0x080037c8   0x00000020   Code   RO         3550    i.__0printf$1       mc_w.l(printf1.o)
    0x080037e8   0x080037e8   0x00000020   Code   RO         2706    i.__NVIC_SetPriority  stm32f4xx_hal_cortex.o
    0x08003808   0x08003808   0x0000000e   Code   RO         3822    i.__scatterload_copy  mc_w.l(handlers.o)
    0x08003816   0x08003816   0x00000002   Code   RO         3823    i.__scatterload_null  mc_w.l(handlers.o)
    0x08003818   0x08003818   0x0000000e   Code   RO         3824    i.__scatterload_zeroinit  mc_w.l(handlers.o)
    0x08003826   0x08003826   0x00000002   PAD
    0x08003828   0x08003828   0x00000154   Code   RO         3557    i._printf_core      mc_w.l(printf1.o)
    0x0800397c   0x0800397c   0x00000390   Code   RO          461    i.buffer_hadle_USART1  uart.o
    0x08003d0c   0x08003d0c   0x00000024   Code   RO          462    i.buffer_hadle_USART2  uart.o
    0x08003d30   0x08003d30   0x00000024   Code   RO          463    i.buffer_hadle_USART3  uart.o
    0x08003d54   0x08003d54   0x00000018   Code   RO          527    i.fputc             main.o
    0x08003d6c   0x08003d6c   0x0000005c   Code   RO          528    i.main              main.o
    0x08003dc8   0x08003dc8   0x00000464   Code   RO          252    i.motor_control     motor.o
    0x0800422c   0x0800422c   0x0000001c   Code   RO          253    i.motor_init        motor.o
    0x08004248   0x08004248   0x00000184   Code   RO          254    i.move_back         motor.o
    0x080043cc   0x080043cc   0x00000184   Code   RO          255    i.move_foward       motor.o
    0x08004550   0x08004550   0x000001f4   Code   RO          256    i.move_left         motor.o
    0x08004744   0x08004744   0x000001fc   Code   RO          257    i.move_right        motor.o
    0x08004940   0x08004940   0x00000004   Code   RO           13    i.mymain            mymain_1.o
    0x08004944   0x08004944   0x00000378   Code   RO          186    i.pick_up_high      steer.o
    0x08004cbc   0x08004cbc   0x0000036c   Code   RO          187    i.pick_up_low       steer.o
    0x08005028   0x08005028   0x0000036c   Code   RO          188    i.put_down_high     steer.o
    0x08005394   0x08005394   0x0000036c   Code   RO          189    i.put_down_low      steer.o
    0x08005700   0x08005700   0x00000248   Code   RO           14    i.state_machine     mymain_1.o
    0x08005948   0x08005948   0x0000009c   Code   RO          190    i.steer_control     steer.o
    0x080059e4   0x080059e4   0x00000018   Code   RO          191    i.steer_init        steer.o
    0x080059fc   0x080059fc   0x000001ec   Code   RO           15    i.system_init       mymain_1.o
    0x08005be8   0x08005be8   0x000001e0   Code   RO          258    i.turn_left         motor.o
    0x08005dc8   0x08005dc8   0x000001e0   Code   RO          259    i.turn_right        motor.o
    0x08005fa8   0x08005fa8   0x00000008   Data   RO         2420    .constdata          stm32f4xx_hal_dma.o
    0x08005fb0   0x08005fb0   0x00000010   Data   RO         3461    .constdata          system_stm32f4xx.o
    0x08005fc0   0x08005fc0   0x00000008   Data   RO         3462    .constdata          system_stm32f4xx.o
    0x08005fc8   0x08005fc8   0x00000020   Data   RO         3820    Region$$Table       anon$$obj.o


    Execution Region RW_IRAM2 (Exec base: 0x10000000, Load base: 0x08006074, Size: 0x00000000, Max: 0x00010000, ABSOLUTE)

    **** No section assigned to this execution region ****


    Execution Region RW_IRAM1 (Exec base: 0x20000000, Load base: 0x08005fe8, Size: 0x00000c98, Max: 0x00020000, ABSOLUTE)

    Exec Addr    Load Addr    Size         Type   Attr      Idx    E Section Name        Object

    0x20000000   0x08005fe8   0x00000008   Data   RW           16    .data               mymain_1.o
    0x20000008   0x08005ff0   0x00000010   Data   RW          195    .data               steer.o
    0x20000018   0x08006000   0x00000018   Data   RW          263    .data               motor.o
    0x20000030   0x08006018   0x00000038   Data   RW          429    .data               time.o
    0x20000068   0x08006050   0x00000010   Data   RW          466    .data               uart.o
    0x20000078   0x08006060   0x0000000c   Data   RW         2865    .data               stm32f4xx_hal.o
    0x20000084   0x0800606c   0x00000004   Data   RW         3463    .data               system_stm32f4xx.o
    0x20000088   0x08006070   0x00000004   Data   RW         3804    .data               mc_w.l(stdout.o)
    0x2000008c   0x08006074   0x00000004   PAD
    0x20000090        -       0x00000010   Zero   RW          193    .bss                steer.o
    0x200000a0        -       0x00000010   Zero   RW          194    .bss                steer.o
    0x200000b0        -       0x00000138   Zero   RW          260    .bss                motor.o
    0x200001e8        -       0x00000068   Zero   RW          261    .bss                motor.o
    0x20000250        -       0x00000068   Zero   RW          262    .bss                motor.o
    0x200002b8        -       0x00000190   Zero   RW          465    .bss                uart.o
    0x20000448        -       0x000001b0   Zero   RW          647    .bss                tim.o
    0x200005f8        -       0x000002a0   Zero   RW          732    .bss                usart.o
    0x20000898        -       0x00000400   Zero   RW            1    STACK               startup_stm32f407xx.o


==============================================================================

Image component sizes


      Code (inc. data)   RO Data    RW Data    ZI Data      Debug   Object Name

       108          4          0          0          0        934   dma.o
       212         12          0          0          0       1151   gpio.o
       264         26          0          0          0       2896   main.o
      3896        224          0         24        520       8630   motor.o
      1080        176          0          8          0     693500   mymain_1.o
        36          8        392          0       1024        884   startup_stm32f407xx.o
      3696        158          0         16         32       5108   steer.o
       144         24          0         12          0       9117   stm32f4xx_hal.o
       198         14          0          0          0      34119   stm32f4xx_hal_cortex.o
      1084         16          8          0          0       7798   stm32f4xx_hal_dma.o
       506         46          0          0          0       2344   stm32f4xx_hal_gpio.o
        48          6          0          0          0        958   stm32f4xx_hal_msp.o
      1348         76          0          0          0       5540   stm32f4xx_hal_rcc.o
      2168        148          0          0          0      18534   stm32f4xx_hal_tim.o
       232         28          0          0          0       3561   stm32f4xx_hal_tim_ex.o
      2114         30          0          0          0      17093   stm32f4xx_hal_uart.o
       236         84          0          0          0      12116   stm32f4xx_it.o
        16          4         24          4          0       1279   system_stm32f4xx.o
      1592        120          0          0        432       7731   tim.o
       660         90          0         56          0       1822   time.o
      1492        180          0         16        400       5187   uart.o
       892         82          0          0        672       4557   usart.o

    ----------------------------------------------------------------------
     22044       1556        456        136       3080     844859   Object Totals
         0          0         32          0          0          0   (incl. Generated)
        22          0          0          0          0          0   (incl. Padding)

    ----------------------------------------------------------------------

      Code (inc. data)   RO Data    RW Data    ZI Data      Debug   Library Member Name

         0          0          0          0          0          0   entry.o
         0          0          0          0          0          0   entry10a.o
         0          0          0          0          0          0   entry11a.o
         8          4          0          0          0          0   entry2.o
         4          0          0          0          0          0   entry5.o
         0          0          0          0          0          0   entry7b.o
         0          0          0          0          0          0   entry8b.o
         8          4          0          0          0          0   entry9a.o
        30          0          0          0          0          0   handlers.o
        36          8          0          0          0         68   init.o
         0          0          0          0          0          0   iusefp.o
        30          0          0          0          0         68   llshl.o
        36          0          0          0          0         68   llsshr.o
        32          0          0          0          0         68   llushr.o
        36          0          0          0          0         68   memcpya.o
        36          0          0          0          0        108   memseta.o
       372         14          0          0          0        184   printf1.o
         0          0          0          4          0          0   stdout.o
        44          0          0          0          0         80   uidiv.o
        98          0          0          0          0         92   uldiv.o
        48          0          0          0          0         68   cdcmple.o
        48          0          0          0          0         68   cdrcmple.o
       334          0          0          0          0        148   dadd.o
       222          0          0          0          0        100   ddiv.o
       186          0          0          0          0        176   depilogue.o
        62          0          0          0          0         80   dfixi.o
        50          0          0          0          0         76   dfixui.o
        34          0          0          0          0         76   dflti.o
        40          0          0          0          0         80   dfltl.o
        26          0          0          0          0         76   dfltui.o
       228          0          0          0          0         96   dmul.o

    ----------------------------------------------------------------------
      2052         30          0          4          4       1848   Library Totals
         4          0          0          0          4          0   (incl. Padding)

    ----------------------------------------------------------------------

      Code (inc. data)   RO Data    RW Data    ZI Data      Debug   Library Name

       770         30          0          4          0        804   mc_w.l
      1278          0          0          0          0       1044   mf_w.l

    ----------------------------------------------------------------------
      2052         30          0          4          4       1848   Library Totals

    ----------------------------------------------------------------------

==============================================================================


      Code (inc. data)   RO Data    RW Data    ZI Data      Debug   

     24096       1586        456        140       3084     832923   Grand Totals
     24096       1586        456        140       3084     832923   ELF Image Totals
     24096       1586        456        140          0          0   ROM Totals

==============================================================================

    Total RO  Size (Code + RO Data)                24552 (  23.98kB)
    Total RW  Size (RW Data + ZI Data)              3224 (   3.15kB)
    Total ROM Size (Code + RO Data + RW Data)      24692 (  24.11kB)

==============================================================================

