Component: ARM Compiler 5.06 update 6 (build 750) Tool: armlink [4d35ed]

==============================================================================

Section Cross References

    startup_stm32f407xx.o(RESET) refers to startup_stm32f407xx.o(STACK) for __initial_sp
    startup_stm32f407xx.o(RESET) refers to startup_stm32f407xx.o(.text) for Reset_Handler
    startup_stm32f407xx.o(RESET) refers to stm32f4xx_it.o(i.NMI_Handler) for NMI_Handler
    startup_stm32f407xx.o(RESET) refers to stm32f4xx_it.o(i.HardFault_Handler) for HardFault_Handler
    startup_stm32f407xx.o(RESET) refers to stm32f4xx_it.o(i.MemManage_Handler) for MemManage_Handler
    startup_stm32f407xx.o(RESET) refers to stm32f4xx_it.o(i.BusFault_Handler) for BusFault_Handler
    startup_stm32f407xx.o(RESET) refers to stm32f4xx_it.o(i.UsageFault_Handler) for UsageFault_Handler
    startup_stm32f407xx.o(RESET) refers to stm32f4xx_it.o(i.SVC_Handler) for SVC_Handler
    startup_stm32f407xx.o(RESET) refers to stm32f4xx_it.o(i.DebugMon_Handler) for DebugMon_Handler
    startup_stm32f407xx.o(RESET) refers to stm32f4xx_it.o(i.PendSV_Handler) for PendSV_Handler
    startup_stm32f407xx.o(RESET) refers to stm32f4xx_it.o(i.SysTick_Handler) for SysTick_Handler
    startup_stm32f407xx.o(RESET) refers to stm32f4xx_it.o(i.DMA1_Stream1_IRQHandler) for DMA1_Stream1_IRQHandler
    startup_stm32f407xx.o(RESET) refers to stm32f4xx_it.o(i.DMA1_Stream5_IRQHandler) for DMA1_Stream5_IRQHandler
    startup_stm32f407xx.o(RESET) refers to stm32f4xx_it.o(i.USART1_IRQHandler) for USART1_IRQHandler
    startup_stm32f407xx.o(RESET) refers to stm32f4xx_it.o(i.USART2_IRQHandler) for USART2_IRQHandler
    startup_stm32f407xx.o(RESET) refers to stm32f4xx_it.o(i.USART3_IRQHandler) for USART3_IRQHandler
    startup_stm32f407xx.o(RESET) refers to stm32f4xx_it.o(i.TIM8_BRK_TIM12_IRQHandler) for TIM8_BRK_TIM12_IRQHandler
    startup_stm32f407xx.o(RESET) refers to stm32f4xx_it.o(i.TIM5_IRQHandler) for TIM5_IRQHandler
    startup_stm32f407xx.o(RESET) refers to stm32f4xx_it.o(i.DMA2_Stream1_IRQHandler) for DMA2_Stream1_IRQHandler
    startup_stm32f407xx.o(RESET) refers to stm32f4xx_it.o(i.DMA2_Stream2_IRQHandler) for DMA2_Stream2_IRQHandler
    startup_stm32f407xx.o(RESET) refers to stm32f4xx_it.o(i.USART6_IRQHandler) for USART6_IRQHandler
    startup_stm32f407xx.o(.text) refers to system_stm32f4xx.o(i.SystemInit) for SystemInit
    startup_stm32f407xx.o(.text) refers to entry.o(.ARM.Collect$$$$00000000) for __main
    mymain_1.o(i.Bluetooth_UART_IRQHandler) refers to mymain_1.o(i.USAR_UART_IDLECallback) for USAR_UART_IDLECallback
    mymain_1.o(i.Bluetooth_UART_IRQHandler) refers to usart.o(.bss) for huart1
    mymain_1.o(i.DMA_USART_Init) refers to stm32f4xx_hal_uart.o(i.HAL_UART_Receive_DMA) for HAL_UART_Receive_DMA
    mymain_1.o(i.DMA_USART_Init) refers to mymain_1.o(.bss) for .bss
    mymain_1.o(i.USAR_UART_IDLECallback) refers to stm32f4xx_hal_uart.o(i.HAL_UART_DMAStop) for HAL_UART_DMAStop
    mymain_1.o(i.USAR_UART_IDLECallback) refers to memcpya.o(.text) for __aeabi_memcpy
    mymain_1.o(i.USAR_UART_IDLECallback) refers to mymain_1.o(i.buffer_hadle_USART1) for buffer_hadle_USART1
    mymain_1.o(i.USAR_UART_IDLECallback) refers to memseta.o(.text) for __aeabi_memclr
    mymain_1.o(i.USAR_UART_IDLECallback) refers to stm32f4xx_hal_uart.o(i.HAL_UART_Receive_DMA) for HAL_UART_Receive_DMA
    mymain_1.o(i.USAR_UART_IDLECallback) refers to mymain_1.o(i.buffer_hadle_USART2) for buffer_hadle_USART2
    mymain_1.o(i.USAR_UART_IDLECallback) refers to mymain_1.o(i.buffer_hadle_USART3) for buffer_hadle_USART3
    mymain_1.o(i.USAR_UART_IDLECallback) refers to usart.o(.bss) for hdma_usart1_rx
    mymain_1.o(i.USAR_UART_IDLECallback) refers to mymain_1.o(.bss) for .bss
    mymain_1.o(i.buffer_hadle_USART1) refers to stm32f4xx_hal_uart.o(i.HAL_UART_Transmit) for HAL_UART_Transmit
    mymain_1.o(i.buffer_hadle_USART1) refers to steer.o(i.pick_up_high) for pick_up_high
    mymain_1.o(i.buffer_hadle_USART1) refers to steer.o(i.pick_up_low) for pick_up_low
    mymain_1.o(i.buffer_hadle_USART1) refers to steer.o(i.put_down_low) for put_down_low
    mymain_1.o(i.buffer_hadle_USART1) refers to steer.o(i.put_down_high) for put_down_high
    mymain_1.o(i.buffer_hadle_USART1) refers to motor.o(i.move_left) for move_left
    mymain_1.o(i.buffer_hadle_USART1) refers to motor.o(i.move_right) for move_right
    mymain_1.o(i.buffer_hadle_USART1) refers to usart.o(.bss) for huart1
    mymain_1.o(i.buffer_hadle_USART1) refers to mymain_1.o(.data) for .data
    mymain_1.o(i.buffer_hadle_USART2) refers to stm32f4xx_hal_uart.o(i.HAL_UART_Transmit) for HAL_UART_Transmit
    mymain_1.o(i.buffer_hadle_USART2) refers to usart.o(.bss) for huart2
    mymain_1.o(i.buffer_hadle_USART3) refers to stm32f4xx_hal_uart.o(i.HAL_UART_Transmit) for HAL_UART_Transmit
    mymain_1.o(i.buffer_hadle_USART3) refers to usart.o(.bss) for huart3
[...]
    Removing stm32f4xx_hal_dma_ex.o(i.HAL_DMAEx_ChangeMemory), (14 bytes).
    Removing stm32f4xx_hal_dma_ex.o(i.HAL_DMAEx_MultiBufferStart), (100 bytes).
    Removing stm32f4xx_hal_dma_ex.o(i.HAL_DMAEx_MultiBufferStart_IT), (2432 bytes).
    Removing stm32f4xx_hal_dma.o(.rev16_text), (4 bytes).
    Removing stm32f4xx_hal_dma.o(.revsh_text), (4 bytes).
    Removing stm32f4xx_hal_dma.o(.rrx_text), (6 bytes).
    Removing stm32f4xx_hal_dma.o(i.HAL_DMA_DeInit), (98 bytes).
    Removing stm32f4xx_hal_dma.o(i.HAL_DMA_GetError), (4 bytes).
    Removing stm32f4xx_hal_dma.o(i.HAL_DMA_GetState), (6 bytes).
    Removing stm32f4xx_hal_dma.o(i.HAL_DMA_PollForTransfer), (288 bytes).
    Removing stm32f4xx_hal_dma.o(i.HAL_DMA_RegisterCallback), (82 bytes).
    Removing stm32f4xx_hal_dma.o(i.HAL_DMA_Start), (70 bytes).
    Removing stm32f4xx_hal_dma.o(i.HAL_DMA_UnRegisterCallback), (96 bytes).
    Removing stm32f4xx_hal_pwr.o(.rev16_text), (4 bytes).
    Removing stm32f4xx_hal_pwr.o(.revsh_text), (4 bytes).
    Removing stm32f4xx_hal_pwr.o(.rrx_text), (6 bytes).
    Removing stm32f4xx_hal_pwr.o(i.HAL_PWR_ConfigPVD), (124 bytes).
    Removing stm32f4xx_hal_pwr.o(i.HAL_PWR_DeInit), (24 bytes).
    Removing stm32f4xx_hal_pwr.o(i.HAL_PWR_DisableBkUpAccess), (24 bytes).
    Removing stm32f4xx_hal_pwr.o(i.HAL_PWR_DisablePVD), (12 bytes).
    Removing stm32f4xx_hal_pwr.o(i.HAL_PWR_DisableSEVOnPend), (16 bytes).
    Removing stm32f4xx_hal_pwr.o(i.HAL_PWR_DisableSleepOnExit), (16 bytes).
    Removing stm32f4xx_hal_pwr.o(i.HAL_PWR_DisableWakeUpPin), (16 bytes).
    Removing stm32f4xx_hal_pwr.o(i.HAL_PWR_EnableBkUpAccess), (24 bytes).
    Removing stm32f4xx_hal_pwr.o(i.HAL_PWR_EnablePVD), (12 bytes).
    Removing stm32f4xx_hal_pwr.o(i.HAL_PWR_EnableSEVOnPend), (16 bytes).
    Removing stm32f4xx_hal_pwr.o(i.HAL_PWR_EnableSleepOnExit), (16 bytes).
    Removing stm32f4xx_hal_pwr.o(i.HAL_PWR_EnableWakeUpPin), (16 bytes).
    Removing stm32f4xx_hal_pwr.o(i.HAL_PWR_EnterSLEEPMode), (36 bytes).
    Removing stm32f4xx_hal_pwr.o(i.HAL_PWR_EnterSTANDBYMode), (32 bytes).
    Removing stm32f4xx_hal_pwr.o(i.HAL_PWR_EnterSTOPMode), (60 bytes).
    Removing stm32f4xx_hal_pwr.o(i.HAL_PWR_PVDCallback), (2 bytes).
    Removing stm32f4xx_hal_pwr.o(i.HAL_PWR_PVD_IRQHandler), (28 bytes).
    Removing stm32f4xx_hal_pwr_ex.o(.rev16_text), (4 bytes).
    Removing stm32f4xx_hal_pwr_ex.o(.revsh_text), (4 bytes).
    Removing stm32f4xx_hal_pwr_ex.o(.rrx_text), (6 bytes).
    Removing stm32f4xx_hal_pwr_ex.o(i.HAL_PWREx_ControlVoltageScaling), (88 bytes).
    Removing stm32f4xx_hal_pwr_ex.o(i.HAL_PWREx_DisableBkUpReg), (60 bytes).
    Removing stm32f4xx_hal_pwr_ex.o(i.HAL_PWREx_DisableFlashPowerDown), (12 bytes).
    Removing stm32f4xx_hal_pwr_ex.o(i.HAL_PWREx_EnableBkUpReg), (60 bytes).
    Removing stm32f4xx_hal_pwr_ex.o(i.HAL_PWREx_EnableFlashPowerDown), (12 bytes).
    Removing stm32f4xx_hal_pwr_ex.o(i.HAL_PWREx_GetVoltageRange), (16 bytes).
    Removing stm32f4xx_hal_cortex.o(.rev16_text), (4 bytes).
    Removing stm32f4xx_hal_cortex.o(.revsh_text), (4 bytes).
    Removing stm32f4xx_hal_cortex.o(.rrx_text), (6 bytes).
    Removing stm32f4xx_hal_cortex.o(i.HAL_CORTEX_ClearEvent), (6 bytes).
    Removing stm32f4xx_hal_cortex.o(i.HAL_MPU_ConfigRegion), (84 bytes).
    Removing stm32f4xx_hal_cortex.o(i.HAL_MPU_Disable), (28 bytes).
    Removing stm32f4xx_hal_cortex.o(i.HAL_MPU_DisableRegion), (24 bytes).
    Removing stm32f4xx_hal_cortex.o(i.HAL_MPU_Enable), (36 bytes).
    Removing stm32f4xx_hal_cortex.o(i.HAL_MPU_EnableRegion), (24 bytes).
    Removing stm32f4xx_hal_cortex.o(i.HAL_NVIC_ClearPendingIRQ), (26 bytes).
    Removing stm32f4xx_hal_cortex.o(i.HAL_NVIC_DisableIRQ), (34 bytes).
    Removing stm32f4xx_hal_cortex.o(i.HAL_NVIC_GetActive), (36 bytes).
    Removing stm32f4xx_hal_cortex.o(i.HAL_NVIC_GetPendingIRQ), (36 bytes).
    Removing stm32f4xx_hal_cortex.o(i.HAL_NVIC_GetPriority), (82 bytes).
    Removing stm32f4xx_hal_cortex.o(i.HAL_NVIC_GetPriorityGrouping), (16 bytes).
    Removing stm32f4xx_hal_cortex.o(i.HAL_NVIC_SetPendingIRQ), (26 bytes).
    Removing stm32f4xx_hal_cortex.o(i.HAL_NVIC_SystemReset), (36 bytes).
    Removing stm32f4xx_hal_cortex.o(i.HAL_SYSTICK_CLKSourceConfig), (24 bytes).
    Removing stm32f4xx_hal_cortex.o(i.HAL_SYSTICK_Callback), (2 bytes).
    Removing stm32f4xx_hal_cortex.o(i.HAL_SYSTICK_IRQHandler), (8 bytes).
    Removing stm32f4xx_hal.o(.rev16_text), (4 bytes).
    Removing stm32f4xx_hal.o(.revsh_text), (4 bytes).
    Removing stm32f4xx_hal.o(.rrx_text), (6 bytes).
    Removing stm32f4xx_hal.o(i.HAL_DBGMCU_DisableDBGSleepMode), (16 bytes).
    Removing stm32f4xx_hal.o(i.HAL_DBGMCU_DisableDBGStandbyMode), (16 bytes).
    Removing stm32f4xx_hal.o(i.HAL_DBGMCU_DisableDBGStopMode), (16 bytes).
    Removing stm32f4xx_hal.o(i.HAL_DBGMCU_EnableDBGSleepMode), (16 bytes).
    Removing stm32f4xx_hal.o(i.HAL_DBGMCU_EnableDBGStandbyMode), (16 bytes).
    Removing stm32f4xx_hal.o(i.HAL_DBGMCU_EnableDBGStopMode), (16 bytes).
    Removing stm32f4xx_hal.o(i.HAL_DeInit), (72 bytes).
    Removing stm32f4xx_hal.o(i.HAL_DisableCompensationCell), (12 bytes).
    Removing stm32f4xx_hal.o(i.HAL_EnableCompensationCell), (12 bytes).
    Removing stm32f4xx_hal.o(i.HAL_GetDEVID), (16 bytes).
    Removing stm32f4xx_hal.o(i.HAL_GetHalVersion), (8 bytes).
    Removing stm32f4xx_hal.o(i.HAL_GetREVID), (12 bytes).
    Removing stm32f4xx_hal.o(i.HAL_GetTickFreq), (12 bytes).
    Removing stm32f4xx_hal.o(i.HAL_GetTickPrio), (12 bytes).
    Removing stm32f4xx_hal.o(i.HAL_GetUIDw0), (12 bytes).
    Removing stm32f4xx_hal.o(i.HAL_GetUIDw1), (12 bytes).
    Removing stm32f4xx_hal.o(i.HAL_GetUIDw2), (12 bytes).
    Removing stm32f4xx_hal.o(i.HAL_MspDeInit), (2 bytes).
    Removing stm32f4xx_hal.o(i.HAL_MspInit), (2 bytes).
    Removing stm32f4xx_hal.o(i.HAL_ResumeTick), (14 bytes).
    Removing stm32f4xx_hal.o(i.HAL_SetTickFreq), (36 bytes).
    Removing stm32f4xx_hal.o(i.HAL_SuspendTick), (14 bytes).
    Removing stm32f4xx_hal_exti.o(.rev16_text), (4 bytes).
    Removing stm32f4xx_hal_exti.o(.revsh_text), (4 bytes).
    Removing stm32f4xx_hal_exti.o(.rrx_text), (6 bytes).
    Removing stm32f4xx_hal_exti.o(i.HAL_EXTI_ClearConfigLine), (108 bytes).
    Removing stm32f4xx_hal_exti.o(i.HAL_EXTI_ClearPending), (20 bytes).
    Removing stm32f4xx_hal_exti.o(i.HAL_EXTI_GenerateSWI), (20 bytes).
    Removing stm32f4xx_hal_exti.o(i.HAL_EXTI_GetConfigLine), (144 bytes).
    Removing stm32f4xx_hal_exti.o(i.HAL_EXTI_GetHandle), (12 bytes).
    Removing stm32f4xx_hal_exti.o(i.HAL_EXTI_GetPending), (24 bytes).
    Removing stm32f4xx_hal_exti.o(i.HAL_EXTI_IRQHandler), (36 bytes).
    Removing stm32f4xx_hal_exti.o(i.HAL_EXTI_RegisterCallback), (14 bytes).
    Removing stm32f4xx_hal_exti.o(i.HAL_EXTI_SetConfigLine), (168 bytes).
    Removing stm32f4xx_hal_uart.o(.rev16_text), (4 bytes).
    Removing stm32f4xx_hal_uart.o(.revsh_text), (4 bytes).
    Removing stm32f4xx_hal_uart.o(.rrx_text), (6 bytes).
    Removing stm32f4xx_hal_uart.o(i.HAL_HalfDuplex_EnableReceiver), (50 bytes).
    Removing stm32f4xx_hal_uart.o(i.HAL_HalfDuplex_EnableTransmitter), (50 bytes).
    Removing stm32f4xx_hal_uart.o(i.HAL_HalfDuplex_Init), (110 bytes).
    Removing stm32f4xx_hal_uart.o(i.HAL_LIN_Init), (130 bytes).
    Removing stm32f4xx_hal_uart.o(i.HAL_LIN_SendBreak), (60 bytes).
    Removing stm32f4xx_hal_uart.o(i.HAL_MultiProcessor_EnterMuteMode), (62 bytes).
    Removing stm32f4xx_hal_uart.o(i.HAL_MultiProcessor_ExitMuteMode), (62 bytes).
    Removing stm32f4xx_hal_uart.o(i.HAL_MultiProcessor_Init), (144 bytes).
    Removing stm32f4xx_hal_uart.o(i.HAL_UARTEx_GetRxEventType), (4 bytes).
    Removing stm32f4xx_hal_uart.o(i.HAL_UARTEx_ReceiveToIdle), (240 bytes).
    Removing stm32f4xx_hal_uart.o(i.HAL_UARTEx_ReceiveToIdle_DMA), (78 bytes).
    Removing stm32f4xx_hal_uart.o(i.HAL_UARTEx_ReceiveToIdle_IT), (78 bytes).
    Removing stm32f4xx_hal_uart.o(i.HAL_UART_Abort), (210 bytes).
    Removing stm32f4xx_hal_uart.o(i.HAL_UART_AbortCpltCallback), (2 bytes).
    Removing stm32f4xx_hal_uart.o(i.HAL_UART_AbortReceive), (148 bytes).
    Removing stm32f4xx_hal_uart.o(i.HAL_UART_AbortReceiveCpltCallback), (2 bytes).
    Removing stm32f4xx_hal_uart.o(i.HAL_UART_AbortReceive_IT), (152 bytes).
    Removing stm32f4xx_hal_uart.o(i.HAL_UART_AbortTransmit), (98 bytes).
    Removing stm32f4xx_hal_uart.o(i.HAL_UART_AbortTransmitCpltCallback), (2 bytes).
    Removing stm32f4xx_hal_uart.o(i.HAL_UART_AbortTransmit_IT), (104 bytes).
    Removing stm32f4xx_hal_uart.o(i.HAL_UART_Abort_IT), (244 bytes).
    Removing stm32f4xx_hal_uart.o(i.HAL_UART_DMAPause), (120 bytes).
    Removing stm32f4xx_hal_uart.o(i.HAL_UART_DMAResume), (114 bytes).
    Removing stm32f4xx_hal_uart.o(i.HAL_UART_DeInit), (54 bytes).
    Removing stm32f4xx_hal_uart.o(i.HAL_UART_GetError), (4 bytes).
    Removing stm32f4xx_hal_uart.o(i.HAL_UART_GetState), (10 bytes).
    Removing stm32f4xx_hal_uart.o(i.HAL_UART_MspDeInit), (2 bytes).
    Removing stm32f4xx_hal_uart.o(i.HAL_UART_MspInit), (2 bytes).
    Removing stm32f4xx_hal_uart.o(i.HAL_UART_Receive), (176 bytes).
    Removing stm32f4xx_hal_uart.o(i.HAL_UART_Receive_IT), (28 bytes).
    Removing stm32f4xx_hal_uart.o(i.HAL_UART_Transmit_DMA), (120 bytes).
    Removing stm32f4xx_hal_uart.o(i.HAL_UART_Transmit_IT), (50 bytes).
    Removing stm32f4xx_hal_uart.o(i.HAL_UART_TxHalfCpltCallback), (2 bytes).
    Removing stm32f4xx_hal_uart.o(i.UART_DMARxAbortCallback), (44 bytes).
    Removing stm32f4xx_hal_uart.o(i.UART_DMARxOnlyAbortCallback), (22 bytes).
    Removing stm32f4xx_hal_uart.o(i.UART_DMATransmitCplt), (66 bytes).
    Removing stm32f4xx_hal_uart.o(i.UART_DMATxAbortCallback), (44 bytes).
    Removing stm32f4xx_hal_uart.o(i.UART_DMATxHalfCplt), (10 bytes).
    Removing stm32f4xx_hal_uart.o(i.UART_DMATxOnlyAbortCallback), (20 bytes).
    Removing stm32f4xx_hal_uart.o(i.UART_Start_Receive_IT), (54 bytes).
    Removing system_stm32f4xx.o(.rev16_text), (4 bytes).
    Removing system_stm32f4xx.o(.revsh_text), (4 bytes).
    Removing system_stm32f4xx.o(.rrx_text), (6 bytes).
    Removing system_stm32f4xx.o(i.SystemCoreClockUpdate), (124 bytes).
    Removing ddiv.o(.text), (222 bytes).
    Removing dfixi.o(.text), (62 bytes).
    Removing cdcmple.o(.text), (48 bytes).

416 unused section(s) (total 29214 bytes) removed from the image.

==============================================================================

Image Symbol Table

    Local Symbols

    Symbol Name                              Value     Ov Type        Size  Object(Section)

    ../Core/Src/dma.c                        0x00000000   Number         0  dma.o ABSOLUTE
    ../Core/Src/gpio.c                       0x00000000   Number         0  gpio.o ABSOLUTE
    ../Core/Src/main.c                       0x00000000   Number         0  main.o ABSOLUTE
    ../Core/Src/stm32f4xx_hal_msp.c          0x00000000   Number         0  stm32f4xx_hal_msp.o ABSOLUTE
    ../Core/Src/stm32f4xx_it.c               0x00000000   Number         0  stm32f4xx_it.o ABSOLUTE
    ../Core/Src/system_stm32f4xx.c           0x00000000   Number         0  system_stm32f4xx.o ABSOLUTE
    ../Core/Src/tim.c                        0x00000000   Number         0  tim.o ABSOLUTE
    ../Core/Src/usart.c                      0x00000000   Number         0  usart.o ABSOLUTE
    ../Drivers/STM32F4xx_HAL_Driver/Src/stm32f4xx_hal.c 0x00000000   Number         0  stm32f4xx_hal.o ABSOLUTE
    ../Drivers/STM32F4xx_HAL_Driver/Src/stm32f4xx_hal_cortex.c 0x00000000   Number         0  stm32f4xx_hal_cortex.o ABSOLUTE
    ../Drivers/STM32F4xx_HAL_Driver/Src/stm32f4xx_hal_dma.c 0x00000000   Number         0  stm32f4xx_hal_dma.o ABSOLUTE
    ../Drivers/STM32F4xx_HAL_Driver/Src/stm32f4xx_hal_dma_ex.c 0x00000000   Number         0  stm32f4xx_hal_dma_ex.o ABSOLUTE
    ../Drivers/STM32F4xx_HAL_Driver/Src/stm32f4xx_hal_exti.c 0x00000000   Number         0  stm32f4xx_hal_exti.o ABSOLUTE
    ../Drivers/STM32F4xx_HAL_Driver/Src/stm32f4xx_hal_flash.c 0x00000000   Number         0  stm32f4xx_hal_flash.o ABSOLUTE
    ../Drivers/STM32F4xx_HAL_Driver/Src/stm32f4xx_hal_flash_ex.c 0x00000000   Number         0  stm32f4xx_hal_flash_ex.o ABSOLUTE
    ../Drivers/STM32F4xx_HAL_Driver/Src/stm32f4xx_hal_flash_ramfunc.c 0x00000000   Number         0  stm32f4xx_hal_flash_ramfunc.o ABSOLUTE
    ../Drivers/STM32F4xx_HAL_Driver/Src/stm32f4xx_hal_gpio.c 0x00000000   Number         0  stm32f4xx_hal_gpio.o ABSOLUTE
    ../Drivers/STM32F4xx_HAL_Driver/Src/stm32f4xx_hal_pwr.c 0x00000000   Number         0  stm32f4xx_hal_pwr.o ABSOLUTE
    ../Drivers/STM32F4xx_HAL_Driver/Src/stm32f4xx_hal_pwr_ex.c 0x00000000   Number         0  stm32f4xx_hal_pwr_ex.o ABSOLUTE
    ../Drivers/STM32F4xx_HAL_Driver/Src/stm32f4xx_hal_rcc.c 0x00000000   Number         0  stm32f4xx_hal_rcc.o ABSOLUTE
    ../Drivers/STM32F4xx_HAL_Driver/Src/stm32f4xx_hal_rcc_ex.c 0x00000000   Number         0  stm32f4xx_hal_rcc_ex.o ABSOLUTE
    ../Drivers/STM32F4xx_HAL_Driver/Src/stm32f4xx_hal_tim.c 0x00000000   Number         0  stm32f4xx_hal_tim.o ABSOLUTE
    ../Drivers/STM32F4xx_HAL_Driver/Src/stm32f4xx_hal_tim_ex.c 0x00000000   Number         0  stm32f4xx_hal_tim_ex.o ABSOLUTE
    ../Drivers/STM32F4xx_HAL_Driver/Src/stm32f4xx_hal_uart.c 0x00000000   Number         0  stm32f4xx_hal_uart.o ABSOLUTE
    ../clib/microlib/division.c              0x00000000   Number         0  uldiv.o ABSOLUTE
    ../clib/microlib/init/entry.s            0x00000000   Number         0  entry7b.o ABSOLUTE
    ../clib/microlib/init/entry.s            0x00000000   Number         0  entry7a.o ABSOLUTE
    ../clib/microlib/init/entry.s            0x00000000   Number         0  entry8a.o ABSOLUTE
    ../clib/microlib/init/entry.s            0x00000000   Number         0  entry2.o ABSOLUTE
    ../clib/microlib/init/entry.s            0x00000000   Number         0  entry.o ABSOLUTE
    ../clib/microlib/init/entry.s            0x00000000   Number         0  entry11a.o ABSOLUTE
    ../clib/microlib/init/entry.s            0x00000000   Number         0  entry10b.o ABSOLUTE
    ../clib/microlib/init/entry.s            0x00000000   Number         0  entry10a.o ABSOLUTE
    ../clib/microlib/init/entry.s            0x00000000   Number         0  entry9b.o ABSOLUTE
    ../clib/microlib/init/entry.s            0x00000000   Number         0  entry5.o ABSOLUTE
    ../clib/microlib/init/entry.s            0x00000000   Number         0  entry11b.o ABSOLUTE
    ../clib/microlib/init/entry.s            0x00000000   Number         0  entry9a.o ABSOLUTE
    ../clib/microlib/init/entry.s            0x00000000   Number         0  entry8b.o ABSOLUTE
    ../clib/microlib/longlong.c              0x00000000   Number         0  llushr.o ABSOLUTE
    ../clib/microlib/longlong.c              0x00000000   Number         0  llshl.o ABSOLUTE
    ../clib/microlib/string/memcpy.c         0x00000000   Number         0  memcpya.o ABSOLUTE
    ../clib/microlib/string/memcpy.c         0x00000000   Number         0  memcpyb.o ABSOLUTE
    ../clib/microlib/string/memset.c         0x00000000   Number         0  memseta.o ABSOLUTE
    ../clib/microlib/stubs.s                 0x00000000   Number         0  iusefp.o ABSOLUTE
    ../fplib/microlib/d2f.c                  0x00000000   Number         0  d2f.o ABSOLUTE
    ../fplib/microlib/f2d.c                  0x00000000   Number         0  f2d.o ABSOLUTE
    ../fplib/microlib/fpdiv.c                0x00000000   Number         0  ddiv.o ABSOLUTE
    ../fplib/microlib/fpepilogue.c           0x00000000   Number         0  fepilogue.o ABSOLUTE
    ../fplib/microlib/fpepilogue.c           0x00000000   Number         0  depilogue.o ABSOLUTE
    ../fplib/microlib/fpfix.c                0x00000000   Number         0  dfixi.o ABSOLUTE
    ../fplib/microlib/fpmul.c                0x00000000   Number         0  dmul.o ABSOLUTE
    ..\Core\Src\dma.c                        0x00000000   Number         0  dma.o ABSOLUTE
    ..\Core\Src\gpio.c                       0x00000000   Number         0  gpio.o ABSOLUTE
    ..\Core\Src\main.c                       0x00000000   Number         0  main.o ABSOLUTE
    ..\Core\Src\stm32f4xx_hal_msp.c          0x00000000   Number         0  stm32f4xx_hal_msp.o ABSOLUTE
    ..\Core\Src\stm32f4xx_it.c               0x00000000   Number         0  stm32f4xx_it.o ABSOLUTE
    ..\Core\Src\system_stm32f4xx.c           0x00000000   Number         0  system_stm32f4xx.o ABSOLUTE
    ..\Core\Src\tim.c                        0x00000000   Number         0  tim.o ABSOLUTE
    ..\Core\Src\usart.c                      0x00000000   Number         0  usart.o ABSOLUTE
    ..\Drivers\STM32F4xx_HAL_Driver\Src\stm32f4xx_hal.c 0x00000000   Number         0  stm32f4xx_hal.o ABSOLUTE
    ..\Drivers\STM32F4xx_HAL_Driver\Src\stm32f4xx_hal_cortex.c 0x00000000   Number         0  stm32f4xx_hal_cortex.o ABSOLUTE
    ..\Drivers\STM32F4xx_HAL_Driver\Src\stm32f4xx_hal_dma.c 0x00000000   Number         0  stm32f4xx_hal_dma.o ABSOLUTE
    ..\Drivers\STM32F4xx_HAL_Driver\Src\stm32f4xx_hal_dma_ex.c 0x00000000   Number         0  stm32f4xx_hal_dma_ex.o ABSOLUTE
    ..\Drivers\STM32F4xx_HAL_Driver\Src\stm32f4xx_hal_exti.c 0x00000000   Number         0  stm32f4xx_hal_exti.o ABSOLUTE
    ..\Drivers\STM32F4xx_HAL_Driver\Src\stm32f4xx_hal_flash.c 0x00000000   Number         0  stm32f4xx_hal_flash.o ABSOLUTE
    ..\Drivers\STM32F4xx_HAL_Driver\Src\stm32f4xx_hal_flash_ex.c 0x00000000   Number         0  stm32f4xx_hal_flash_ex.o ABSOLUTE
    ..\Drivers\STM32F4xx_HAL_Driver\Src\stm32f4xx_hal_flash_ramfunc.c 0x00000000   Number         0  stm32f4xx_hal_flash_ramfunc.o ABSOLUTE
    ..\Drivers\STM32F4xx_HAL_Driver\Src\stm32f4xx_hal_gpio.c 0x00000000   Number         0  stm32f4xx_hal_gpio.o ABSOLUTE
    ..\Drivers\STM32F4xx_HAL_Driver\Src\stm32f4xx_hal_pwr.c 0x00000000   Number         0  stm32f4xx_hal_pwr.o ABSOLUTE
    ..\Drivers\STM32F4xx_HAL_Driver\Src\stm32f4xx_hal_pwr_ex.c 0x00000000   Number         0  stm32f4xx_hal_pwr_ex.o ABSOLUTE
    ..\Drivers\STM32F4xx_HAL_Driver\Src\stm32f4xx_hal_rcc.c 0x00000000   Number         0  stm32f4xx_hal_rcc.o ABSOLUTE
    ..\Drivers\STM32F4xx_HAL_Driver\Src\stm32f4xx_hal_rcc_ex.c 0x00000000   Number         0  stm32f4xx_hal_rcc_ex.o ABSOLUTE
    ..\Drivers\STM32F4xx_HAL_Driver\Src\stm32f4xx_hal_tim.c 0x00000000   Number         0  stm32f4xx_hal_tim.o ABSOLUTE
    ..\Drivers\STM32F4xx_HAL_Driver\Src\stm32f4xx_hal_tim_ex.c 0x00000000   Number         0  stm32f4xx_hal_tim_ex.o ABSOLUTE
    ..\Drivers\STM32F4xx_HAL_Driver\Src\stm32f4xx_hal_uart.c 0x00000000   Number         0  stm32f4xx_hal_uart.o ABSOLUTE
    catch.c                                  0x00000000   Number         0  catch.o ABSOLUTE
    catch.c                                  0x00000000   Number         0  catch.o ABSOLUTE
    cdcmple.s                                0x00000000   Number         0  cdcmple.o ABSOLUTE
    datou.c                                  0x00000000   Number         0  datou.o ABSOLUTE
    datou.c                                  0x00000000   Number         0  datou.o ABSOLUTE
    dc.s                                     0x00000000   Number         0  dc.o ABSOLUTE
    handlers.s                               0x00000000   Number         0  handlers.o ABSOLUTE
    init.s                                   0x00000000   Number         0  init.o ABSOLUTE
    motor.c                                  0x00000000   Number         0  motor.o ABSOLUTE
    motor.c                                  0x00000000   Number         0  motor.o ABSOLUTE
    mymain.c                                 0x00000000   Number         0  mymain_1.o ABSOLUTE
    mymain.c                                 0x00000000   Number         0  mymain_1.o ABSOLUTE
    startup_stm32f407xx.s                    0x00000000   Number         0  startup_stm32f407xx.o ABSOLUTE
    steer.c                                  0x00000000   Number         0  steer.o ABSOLUTE
    steer.c                                  0x00000000   Number         0  steer.o ABSOLUTE
    RESET                                    0x08000000   Section      392  startup_stm32f407xx.o(RESET)
    .ARM.Collect$$$$00000000                 0x08000188   Section        0  entry.o(.ARM.Collect$$$$00000000)
    .ARM.Collect$$$$00000001                 0x08000188   Section        4  entry2.o(.ARM.Collect$$$$00000001)
    .ARM.Collect$$$$00000004                 0x0800018c   Section        4  entry5.o(.ARM.Collect$$$$00000004)
    .ARM.Collect$$$$00000008                 0x08000190   Section        0  entry7b.o(.ARM.Collect$$$$00000008)
    .ARM.Collect$$$$0000000A                 0x08000190   Section        0  entry8b.o(.ARM.Collect$$$$0000000A)
    .ARM.Collect$$$$0000000B                 0x08000190   Section        8  entry9a.o(.ARM.Collect$$$$0000000B)
    .ARM.Collect$$$$0000000D                 0x08000198   Section        0  entry10a.o(.ARM.Collect$$$$0000000D)
    .ARM.Collect$$$$0000000F                 0x08000198   Section        0  entry11a.o(.ARM.Collect$$$$0000000F)
    .ARM.Collect$$$$00002712                 0x08000198   Section        4  entry2.o(.ARM.Collect$$$$00002712)
    __lit__00000000                          0x08000198   Data           4  entry2.o(.ARM.Collect$$$$00002712)
    .text                                    0x0800019c   Section       36  startup_stm32f407xx.o(.text)
    $v0                                      0x0800019c   Number         0  startup_stm32f407xx.o(.text)
    .text                                    0x080001c0   Section        0  uldiv.o(.text)
    .text                                    0x08000222   Section        0  memcpya.o(.text)
    .text                                    0x08000246   Section        0  memseta.o(.text)
    .text                                    0x0800026a   Section        0  dmul.o(.text)
    .text                                    0x0800034e   Section        0  f2d.o(.text)
    .text                                    0x08000374   Section        0  d2f.o(.text)
    .text                                    0x080003ac   Section        0  llshl.o(.text)
    .text                                    0x080003ca   Section        0  llushr.o(.text)
    .text                                    0x080003ea   Section        0  iusefp.o(.text)
    .text                                    0x080003ea   Section        0  fepilogue.o(.text)
    .text                                    0x08000458   Section        0  depilogue.o(.text)
    .text                                    0x08000514   Section       36  init.o(.text)
    i.Bluetooth_UART_IRQHandler              0x08000538   Section        0  mymain_1.o(i.Bluetooth_UART_IRQHandler)
    i.BusFault_Handler                       0x080005d4   Section        0  stm32f4xx_it.o(i.BusFault_Handler)
    i.DMA1_Stream1_IRQHandler                0x080005d8   Section        0  stm32f4xx_it.o(i.DMA1_Stream1_IRQHandler)
    i.DMA1_Stream5_IRQHandler                0x080005e4   Section        0  stm32f4xx_it.o(i.DMA1_Stream5_IRQHandler)
    i.DMA2_Stream1_IRQHandler                0x080005f0   Section        0  stm32f4xx_it.o(i.DMA2_Stream1_IRQHandler)
    i.DMA2_Stream2_IRQHandler                0x080005fc   Section        0  stm32f4xx_it.o(i.DMA2_Stream2_IRQHandler)
    i.DMA_CalcBaseAndBitshift                0x08000608   Section        0  stm32f4xx_hal_dma.o(i.DMA_CalcBaseAndBitshift)
    DMA_CalcBaseAndBitshift                  0x08000609   Thumb Code    34  stm32f4xx_hal_dma.o(i.DMA_CalcBaseAndBitshift)
    i.DMA_CheckFifoParam                     0x08000630   Section        0  stm32f4xx_hal_dma.o(i.DMA_CheckFifoParam)
    DMA_CheckFifoParam                       0x08000631   Thumb Code    84  stm32f4xx_hal_dma.o(i.DMA_CheckFifoParam)
    i.DMA_SetConfig                          0x08000684   Section        0  stm32f4xx_hal_dma.o(i.DMA_SetConfig)
    DMA_SetConfig                            0x08000685   Thumb Code    40  stm32f4xx_hal_dma.o(i.DMA_SetConfig)
    i.DebugMon_Handler                       0x080006ac   Section        0  stm32f4xx_it.o(i.DebugMon_Handler)
    i.Error_Handler                          0x080006ae   Section        0  main.o(i.Error_Handler)
    i.HAL_DMA_Abort                          0x080006b2   Section        0  stm32f4xx_hal_dma.o(i.HAL_DMA_Abort)
    i.HAL_DMA_Abort_IT                       0x08000744   Section        0  stm32f4xx_hal_dma.o(i.HAL_DMA_Abort_IT)
    i.HAL_DMA_IRQHandler                     0x08000768   Section        0  stm32f4xx_hal_dma.o(i.HAL_DMA_IRQHandler)
    i.HAL_DMA_Init                           0x08000908   Section        0  stm32f4xx_hal_dma.o(i.HAL_DMA_Init)
    i.HAL_DMA_Start_IT                       0x080009dc   Section        0  stm32f4xx_hal_dma.o(i.HAL_DMA_Start_IT)
    i.HAL_Delay                              0x08000a4c   Section        0  stm32f4xx_hal.o(i.HAL_Delay)
    i.HAL_GPIO_Init                          0x08000a70   Section        0  stm32f4xx_hal_gpio.o(i.HAL_GPIO_Init)
    i.HAL_GPIO_WritePin                      0x08000c60   Section        0  stm32f4xx_hal_gpio.o(i.HAL_GPIO_WritePin)
    i.HAL_GetTick                            0x08000c6c   Section        0  stm32f4xx_hal.o(i.HAL_GetTick)
    i.HAL_IncTick                            0x08000c78   Section        0  stm32f4xx_hal.o(i.HAL_IncTick)
    i.HAL_Init                               0x08000c88   Section        0  stm32f4xx_hal.o(i.HAL_Init)
    i.HAL_InitTick                           0x08000cbc   Section        0  stm32f4xx_hal.o(i.HAL_InitTick)
    i.HAL_MspInit                            0x08000cfc   Section        0  stm32f4xx_hal_msp.o(i.HAL_MspInit)
    i.HAL_NVIC_EnableIRQ                     0x08000d2c   Section        0  stm32f4xx_hal_cortex.o(i.HAL_NVIC_EnableIRQ)
    i.HAL_NVIC_SetPriority                   0x08000d48   Section        0  stm32f4xx_hal_cortex.o(i.HAL_NVIC_SetPriority)
    i.HAL_NVIC_SetPriorityGrouping           0x08000d88   Section        0  stm32f4xx_hal_cortex.o(i.HAL_NVIC_SetPriorityGrouping)
    i.HAL_RCC_ClockConfig                    0x08000dac   Section        0  stm32f4xx_hal_rcc.o(i.HAL_RCC_ClockConfig)
    i.HAL_RCC_GetPCLK1Freq                   0x08000ee0   Section        0  stm32f4xx_hal_rcc.o(i.HAL_RCC_GetPCLK1Freq)
    i.HAL_RCC_GetPCLK2Freq                   0x08000f00   Section        0  stm32f4xx_hal_rcc.o(i.HAL_RCC_GetPCLK2Freq)
    i.HAL_RCC_GetSysClockFreq                0x08000f20   Section        0  stm32f4xx_hal_rcc.o(i.HAL_RCC_GetSysClockFreq)
    i.HAL_RCC_OscConfig                      0x08000f84   Section        0  stm32f4xx_hal_rcc.o(i.HAL_RCC_OscConfig)
    i.HAL_SYSTICK_Config                     0x080012f0   Section        0  stm32f4xx_hal_cortex.o(i.HAL_SYSTICK_Config)
    i.HAL_TIMEx_BreakCallback                0x08001318   Section        0  stm32f4xx_hal_tim_ex.o(i.HAL_TIMEx_BreakCallback)
    i.HAL_TIMEx_CommutCallback               0x0800131a   Section        0  stm32f4xx_hal_tim_ex.o(i.HAL_TIMEx_CommutCallback)
    i.HAL_TIMEx_ConfigBreakDeadTime          0x0800131c   Section        0  stm32f4xx_hal_tim_ex.o(i.HAL_TIMEx_ConfigBreakDeadTime)
    i.HAL_TIMEx_MasterConfigSynchronization  0x08001370   Section        0  stm32f4xx_hal_tim_ex.o(i.HAL_TIMEx_MasterConfigSynchronization)
    i.HAL_TIM_Base_Init                      0x08001400   Section        0  stm32f4xx_hal_tim.o(i.HAL_TIM_Base_Init)
    i.HAL_TIM_Base_MspInit                   0x0800145c   Section        0  tim.o(i.HAL_TIM_Base_MspInit)
    i.HAL_TIM_ConfigClockSource              0x080014c0   Section        0  stm32f4xx_hal_tim.o(i.HAL_TIM_ConfigClockSource)
    i.HAL_TIM_IC_CaptureCallback             0x0800159c   Section        0  stm32f4xx_hal_tim.o(i.HAL_TIM_IC_CaptureCallback)
    i.HAL_TIM_IRQHandler                     0x0800159e   Section        0  stm32f4xx_hal_tim.o(i.HAL_TIM_IRQHandler)
    i.HAL_TIM_MspPostInit                    0x080016d0   Section        0  tim.o(i.HAL_TIM_MspPostInit)
    i.HAL_TIM_OC_DelayElapsedCallback        0x080017a0   Section        0  stm32f4xx_hal_tim.o(i.HAL_TIM_OC_DelayElapsedCallback)
    i.HAL_TIM_PWM_ConfigChannel              0x080017a2   Section        0  stm32f4xx_hal_tim.o(i.HAL_TIM_PWM_ConfigChannel)
    i.HAL_TIM_PWM_Init                       0x0800186e   Section        0  stm32f4xx_hal_tim.o(i.HAL_TIM_PWM_Init)
    i.HAL_TIM_PWM_MspInit                    0x080018c8   Section        0  tim.o(i.HAL_TIM_PWM_MspInit)
    i.HAL_TIM_PWM_PulseFinishedCallback      0x08001914   Section        0  stm32f4xx_hal_tim.o(i.HAL_TIM_PWM_PulseFinishedCallback)
    i.HAL_TIM_PeriodElapsedCallback          0x08001916   Section        0  stm32f4xx_hal_tim.o(i.HAL_TIM_PeriodElapsedCallback)
    i.HAL_TIM_TriggerCallback                0x08001918   Section        0  stm32f4xx_hal_tim.o(i.HAL_TIM_TriggerCallback)
    i.HAL_UARTEx_RxEventCallback             0x0800191a   Section        0  stm32f4xx_hal_uart.o(i.HAL_UARTEx_RxEventCallback)
    i.HAL_UART_DMAStop                       0x0800191c   Section        0  stm32f4xx_hal_uart.o(i.HAL_UART_DMAStop)
    i.HAL_UART_ErrorCallback                 0x0800198c   Section        0  stm32f4xx_hal_uart.o(i.HAL_UART_ErrorCallback)
    i.HAL_UART_IRQHandler                    0x08001990   Section        0  stm32f4xx_hal_uart.o(i.HAL_UART_IRQHandler)
    i.HAL_UART_Init                          0x08001c00   Section        0  stm32f4xx_hal_uart.o(i.HAL_UART_Init)
    i.HAL_UART_MspInit                       0x08001c64   Section        0  usart.o(i.HAL_UART_MspInit)
    i.HAL_UART_Receive_DMA                   0x08001f00   Section        0  stm32f4xx_hal_uart.o(i.HAL_UART_Receive_DMA)
    i.HAL_UART_RxCpltCallback                0x08001f1c   Section        0  stm32f4xx_hal_uart.o(i.HAL_UART_RxCpltCallback)
    i.HAL_UART_RxHalfCpltCallback            0x08001f1e   Section        0  stm32f4xx_hal_uart.o(i.HAL_UART_RxHalfCpltCallback)
    i.HAL_UART_Transmit                      0x08001f20   Section        0  stm32f4xx_hal_uart.o(i.HAL_UART_Transmit)
    i.HAL_UART_TxCpltCallback                0x08001fc0   Section        0  stm32f4xx_hal_uart.o(i.HAL_UART_TxCpltCallback)
    i.HardFault_Handler                      0x08001fc2   Section        0  stm32f4xx_it.o(i.HardFault_Handler)
    i.MX_DMA_Init                            0x08001fc4   Section        0  dma.o(i.MX_DMA_Init)
    i.MX_GPIO_Init                           0x08002030   Section        0  gpio.o(i.MX_GPIO_Init)
    i.MX_TIM12_Init                          0x080020e0   Section        0  tim.o(i.MX_TIM12_Init)
    i.MX_TIM1_Init                           0x0800212c   Section        0  tim.o(i.MX_TIM1_Init)
    i.MX_TIM2_Init                           0x080021fc   Section        0  tim.o(i.MX_TIM2_Init)
    i.MX_TIM3_Init                           0x08002298   Section        0  tim.o(i.MX_TIM3_Init)
    i.MX_TIM5_Init                           0x08002308   Section        0  tim.o(i.MX_TIM5_Init)
    i.MX_USART1_UART_Init                    0x0800236c   Section        0  usart.o(i.MX_USART1_UART_Init)
    i.MX_USART2_UART_Init                    0x080023a4   Section        0  usart.o(i.MX_USART2_UART_Init)
    i.MX_USART3_UART_Init                    0x080023dc   Section        0  usart.o(i.MX_USART3_UART_Init)
    i.MX_USART6_UART_Init                    0x08002414   Section        0  usart.o(i.MX_USART6_UART_Init)
    i.MemManage_Handler                      0x0800244c   Section        0  stm32f4xx_it.o(i.MemManage_Handler)
    i.NMI_Handler                            0x0800244e   Section        0  stm32f4xx_it.o(i.NMI_Handler)
    i.PendSV_Handler                         0x08002450   Section        0  stm32f4xx_it.o(i.PendSV_Handler)
    i.SVC_Handler                            0x08002452   Section        0  stm32f4xx_it.o(i.SVC_Handler)
    i.SysTick_Handler                        0x08002454   Section        0  stm32f4xx_it.o(i.SysTick_Handler)
    i.SystemClock_Config                     0x08002458   Section        0  main.o(i.SystemClock_Config)
    i.SystemInit                             0x080024e8   Section        0  system_stm32f4xx.o(i.SystemInit)
    i.TIM5_IRQHandler                        0x080024f8   Section        0  stm32f4xx_it.o(i.TIM5_IRQHandler)
    i.TIM8_BRK_TIM12_IRQHandler              0x08002504   Section        0  stm32f4xx_it.o(i.TIM8_BRK_TIM12_IRQHandler)
    i.TIM_Base_SetConfig                     0x08002510   Section        0  stm32f4xx_hal_tim.o(i.TIM_Base_SetConfig)
    i.TIM_ETR_SetConfig                      0x080025e8   Section        0  stm32f4xx_hal_tim.o(i.TIM_ETR_SetConfig)
    i.TIM_ITRx_SetConfig                     0x080025fc   Section        0  stm32f4xx_hal_tim.o(i.TIM_ITRx_SetConfig)
    TIM_ITRx_SetConfig                       0x080025fd   Thumb Code    16  stm32f4xx_hal_tim.o(i.TIM_ITRx_SetConfig)
    i.TIM_OC1_SetConfig                      0x0800260c   Section        0  stm32f4xx_hal_tim.o(i.TIM_OC1_SetConfig)
    TIM_OC1_SetConfig                        0x0800260d   Thumb Code    88  stm32f4xx_hal_tim.o(i.TIM_OC1_SetConfig)
    i.TIM_OC2_SetConfig                      0x0800266c   Section        0  stm32f4xx_hal_tim.o(i.TIM_OC2_SetConfig)
    i.TIM_OC3_SetConfig                      0x080026d8   Section        0  stm32f4xx_hal_tim.o(i.TIM_OC3_SetConfig)
    TIM_OC3_SetConfig                        0x080026d9   Thumb Code    96  stm32f4xx_hal_tim.o(i.TIM_OC3_SetConfig)
    i.TIM_OC4_SetConfig                      0x08002740   Section        0  stm32f4xx_hal_tim.o(i.TIM_OC4_SetConfig)
    TIM_OC4_SetConfig                        0x08002741   Thumb Code    70  stm32f4xx_hal_tim.o(i.TIM_OC4_SetConfig)
    i.TIM_TI1_ConfigInputStage               0x08002790   Section        0  stm32f4xx_hal_tim.o(i.TIM_TI1_ConfigInputStage)
    TIM_TI1_ConfigInputStage                 0x08002791   Thumb Code    34  stm32f4xx_hal_tim.o(i.TIM_TI1_ConfigInputStage)
    i.TIM_TI2_ConfigInputStage               0x080027b2   Section        0  stm32f4xx_hal_tim.o(i.TIM_TI2_ConfigInputStage)
    TIM_TI2_ConfigInputStage                 0x080027b3   Thumb Code    36  stm32f4xx_hal_tim.o(i.TIM_TI2_ConfigInputStage)
    i.UART_DMAAbortOnError                   0x080027d6   Section        0  stm32f4xx_hal_uart.o(i.UART_DMAAbortOnError)
    UART_DMAAbortOnError                     0x080027d7   Thumb Code    16  stm32f4xx_hal_uart.o(i.UART_DMAAbortOnError)
    i.UART_DMAError                          0x080027e6   Section        0  stm32f4xx_hal_uart.o(i.UART_DMAError)
    UART_DMAError                            0x080027e7   Thumb Code    74  stm32f4xx_hal_uart.o(i.UART_DMAError)
    i.UART_DMAReceiveCplt                    0x08002830   Section        0  stm32f4xx_hal_uart.o(i.UART_DMAReceiveCplt)
    UART_DMAReceiveCplt                      0x08002831   Thumb Code   134  stm32f4xx_hal_uart.o(i.UART_DMAReceiveCplt)
    i.UART_DMARxHalfCplt                     0x080028b6   Section        0  stm32f4xx_hal_uart.o(i.UART_DMARxHalfCplt)
    UART_DMARxHalfCplt                       0x080028b7   Thumb Code    30  stm32f4xx_hal_uart.o(i.UART_DMARxHalfCplt)
    i.UART_EndRxTransfer                     0x080028d4   Section        0  stm32f4xx_hal_uart.o(i.UART_EndRxTransfer)
    UART_EndRxTransfer                       0x080028d5   Thumb Code    78  stm32f4xx_hal_uart.o(i.UART_EndRxTransfer)
    i.UART_EndTxTransfer                     0x08002922   Section        0  stm32f4xx_hal_uart.o(i.UART_EndTxTransfer)
    UART_EndTxTransfer                       0x08002923   Thumb Code    28  stm32f4xx_hal_uart.o(i.UART_EndTxTransfer)
    i.UART_Receive_IT                        0x0800293e   Section        0  stm32f4xx_hal_uart.o(i.UART_Receive_IT)
    UART_Receive_IT                          0x0800293f   Thumb Code   194  stm32f4xx_hal_uart.o(i.UART_Receive_IT)
    i.UART_SetConfig                         0x08002a00   Section        0  stm32f4xx_hal_uart.o(i.UART_SetConfig)
    UART_SetConfig                           0x08002a01   Thumb Code   258  stm32f4xx_hal_uart.o(i.UART_SetConfig)
    i.UART_Start_Receive_DMA                 0x08002b0c   Section        0  stm32f4xx_hal_uart.o(i.UART_Start_Receive_DMA)
    i.UART_WaitOnFlagUntilTimeout            0x08002b9c   Section        0  stm32f4xx_hal_uart.o(i.UART_WaitOnFlagUntilTimeout)
    UART_WaitOnFlagUntilTimeout              0x08002b9d   Thumb Code   114  stm32f4xx_hal_uart.o(i.UART_WaitOnFlagUntilTimeout)
    i.USART1_IRQHandler                      0x08002c10   Section        0  stm32f4xx_it.o(i.USART1_IRQHandler)
    i.USART2_IRQHandler                      0x08002c28   Section        0  stm32f4xx_it.o(i.USART2_IRQHandler)
    i.USART3_IRQHandler                      0x08002c40   Section        0  stm32f4xx_it.o(i.USART3_IRQHandler)
    i.USART6_IRQHandler                      0x08002c58   Section        0  stm32f4xx_it.o(i.USART6_IRQHandler)
    i.USAR_UART_IDLECallback                 0x08002c70   Section        0  mymain_1.o(i.USAR_UART_IDLECallback)
    i.UsageFault_Handler                     0x08002db0   Section        0  stm32f4xx_it.o(i.UsageFault_Handler)
    i.__NVIC_SetPriority                     0x08002db2   Section        0  stm32f4xx_hal_cortex.o(i.__NVIC_SetPriority)
    __NVIC_SetPriority                       0x08002db3   Thumb Code    32  stm32f4xx_hal_cortex.o(i.__NVIC_SetPriority)
    i.__scatterload_copy                     0x08002dd2   Section       14  handlers.o(i.__scatterload_copy)
    i.__scatterload_null                     0x08002de0   Section        2  handlers.o(i.__scatterload_null)
    i.__scatterload_zeroinit                 0x08002de2   Section       14  handlers.o(i.__scatterload_zeroinit)
    i.buffer_hadle_USART1                    0x08002df0   Section        0  mymain_1.o(i.buffer_hadle_USART1)
    i.buffer_hadle_USART2                    0x08002f44   Section        0  mymain_1.o(i.buffer_hadle_USART2)
    i.buffer_hadle_USART3                    0x08002f54   Section        0  mymain_1.o(i.buffer_hadle_USART3)
    i.main                                   0x08002f64   Section        0  main.o(i.main)
    i.motor_control                          0x08002f9e   Section        0  motor.o(i.motor_control)
    i.motor_init                             0x08002fa0   Section        0  motor.o(i.motor_init)
    i.move_foward                            0x08002fa4   Section        0  motor.o(i.move_foward)
    i.move_left                              0x08002fd8   Section        0  motor.o(i.move_left)
    i.move_right                             0x08003044   Section        0  motor.o(i.move_right)
    i.mymain                                 0x080030b0   Section        0  mymain_1.o(i.mymain)
    i.pick_up_high                           0x080030e0   Section        0  steer.o(i.pick_up_high)
    i.pick_up_low                            0x08003168   Section        0  steer.o(i.pick_up_low)
    i.put_down_high                          0x080031f0   Section        0  steer.o(i.put_down_high)
    i.put_down_low                           0x08003278   Section        0  steer.o(i.put_down_low)
    i.state_machine                          0x08003300   Section        0  mymain_1.o(i.state_machine)
    i.steer_control                          0x08003408   Section        0  steer.o(i.steer_control)
    i.steer_init                             0x08003460   Section        0  steer.o(i.steer_init)
    i.system_init                            0x08003464   Section        0  mymain_1.o(i.system_init)
    i.turn_left                              0x080034cc   Section        0  motor.o(i.turn_left)
    .constdata                               0x0800351c   Section        8  stm32f4xx_hal_dma.o(.constdata)
    flagBitshiftOffset                       0x0800351c   Data           8  stm32f4xx_hal_dma.o(.constdata)
    .constdata                               0x08003524   Section       16  system_stm32f4xx.o(.constdata)
    .constdata                               0x08003534   Section        8  system_stm32f4xx.o(.constdata)
    .data                                    0x20000000   Section       12  mymain_1.o(.data)
    .data                                    0x2000000c   Section        8  steer.o(.data)
    .data                                    0x20000014   Section        8  steer.o(.data)
    .data                                    0x2000001c   Section       16  steer.o(.data)
    .data                                    0x2000002c   Section       12  stm32f4xx_hal.o(.data)
    .data                                    0x20000038   Section        4  system_stm32f4xx.o(.data)
    .bss                                     0x2000003c   Section      400  mymain_1.o(.bss)
    .bss                                     0x200001cc   Section      360  tim.o(.bss)
    .bss                                     0x20000334   Section      672  usart.o(.bss)
    .bss                                     0x200005d4   Section       36  motor.o(.bss)
    .bss                                     0x200005f8   Section       12  motor.o(.bss)
    .bss                                     0x20000604   Section       12  motor.o(.bss)
    STACK                                    0x20000610   Section     1024  startup_stm32f407xx.o(STACK)

    Global Symbols

    Symbol Name                              Value     Ov Type        Size  Object(Section)

    BuildAttributes$$THM_ISAv4$E$P$D$K$B$S$7EM$VFPi3$EXTD16$VFPS$VFMA$PE$A:L22UL41UL21$X:L11$S22US41US21$IEEE1$IW$USESV6$~STKCKD$USESV7$~SHL$OTIME$ROPI$EBA8$MICROLIB$REQ8$PRES8$EABIv2 0x00000000   Number         0  anon$$obj.o ABSOLUTE
    __ARM_use_no_argv                        0x00000000   Number         0  main.o ABSOLUTE
    __cpp_initialize__aeabi_                  - Undefined Weak Reference
    __cxa_finalize                            - Undefined Weak Reference
    __decompress                              - Undefined Weak Reference
    _clock_init                               - Undefined Weak Reference
    _microlib_exit                            - Undefined Weak Reference
    __Vectors_Size                           0x00000188   Number         0  startup_stm32f407xx.o ABSOLUTE
    __Vectors                                0x08000000   Data           4  startup_stm32f407xx.o(RESET)
    __Vectors_End                            0x08000188   Data           0  startup_stm32f407xx.o(RESET)
    __main                                   0x08000189   Thumb Code     0  entry.o(.ARM.Collect$$$$00000000)
    _main_stk                                0x08000189   Thumb Code     0  entry2.o(.ARM.Collect$$$$00000001)
    _main_scatterload                        0x0800018d   Thumb Code     0  entry5.o(.ARM.Collect$$$$00000004)
    __main_after_scatterload                 0x08000191   Thumb Code     0  entry5.o(.ARM.Collect$$$$00000004)
    _main_clock                              0x08000191   Thumb Code     0  entry7b.o(.ARM.Collect$$$$00000008)
    _main_cpp_init                           0x08000191   Thumb Code     0  entry8b.o(.ARM.Collect$$$$0000000A)
    _main_init                               0x08000191   Thumb Code     0  entry9a.o(.ARM.Collect$$$$0000000B)
    __rt_final_cpp                           0x08000199   Thumb Code     0  entry10a.o(.ARM.Collect$$$$0000000D)
    __rt_final_exit                          0x08000199   Thumb Code     0  entry11a.o(.ARM.Collect$$$$0000000F)
    Reset_Handler                            0x0800019d   Thumb Code     8  startup_stm32f407xx.o(.text)
    ADC_IRQHandler                           0x080001b7   Thumb Code     0  startup_stm32f407xx.o(.text)
    CAN1_RX0_IRQHandler                      0x080001b7   Thumb Code     0  startup_stm32f407xx.o(.text)
    CAN1_RX1_IRQHandler                      0x080001b7   Thumb Code     0  startup_stm32f407xx.o(.text)
    CAN1_SCE_IRQHandler                      0x080001b7   Thumb Code     0  startup_stm32f407xx.o(.text)
    CAN1_TX_IRQHandler                       0x080001b7   Thumb Code     0  startup_stm32f407xx.o(.text)
    CAN2_RX0_IRQHandler                      0x080001b7   Thumb Code     0  startup_stm32f407xx.o(.text)
    CAN2_RX1_IRQHandler                      0x080001b7   Thumb Code     0  startup_stm32f407xx.o(.text)
    CAN2_SCE_IRQHandler                      0x080001b7   Thumb Code     0  startup_stm32f407xx.o(.text)
    CAN2_TX_IRQHandler                       0x080001b7   Thumb Code     0  startup_stm32f407xx.o(.text)
    DCMI_IRQHandler                          0x080001b7   Thumb Code     0  startup_stm32f407xx.o(.text)
    DMA1_Stream0_IRQHandler                  0x080001b7   Thumb Code     0  startup_stm32f407xx.o(.text)
    DMA1_Stream2_IRQHandler                  0x080001b7   Thumb Code     0  startup_stm32f407xx.o(.text)
    DMA1_Stream3_IRQHandler                  0x080001b7   Thumb Code     0  startup_stm32f407xx.o(.text)
    DMA1_Stream4_IRQHandler                  0x080001b7   Thumb Code     0  startup_stm32f407xx.o(.text)
    DMA1_Stream6_IRQHandler                  0x080001b7   Thumb Code     0  startup_stm32f407xx.o(.text)
    DMA1_Stream7_IRQHandler                  0x080001b7   Thumb Code     0  startup_stm32f407xx.o(.text)
    DMA2_Stream0_IRQHandler                  0x080001b7   Thumb Code     0  startup_stm32f407xx.o(.text)
    DMA2_Stream3_IRQHandler                  0x080001b7   Thumb Code     0  startup_stm32f407xx.o(.text)
    DMA2_Stream4_IRQHandler                  0x080001b7   Thumb Code     0  startup_stm32f407xx.o(.text)
    DMA2_Stream5_IRQHandler                  0x080001b7   Thumb Code     0  startup_stm32f407xx.o(.text)
    DMA2_Stream6_IRQHandler                  0x080001b7   Thumb Code     0  startup_stm32f407xx.o(.text)
    DMA2_Stream7_IRQHandler                  0x080001b7   Thumb Code     0  startup_stm32f407xx.o(.text)
    ETH_IRQHandler                           0x080001b7   Thumb Code     0  startup_stm32f407xx.o(.text)
    ETH_WKUP_IRQHandler                      0x080001b7   Thumb Code     0  startup_stm32f407xx.o(.text)
    EXTI0_IRQHandler                         0x080001b7   Thumb Code     0  startup_stm32f407xx.o(.text)
    EXTI15_10_IRQHandler                     0x080001b7   Thumb Code     0  startup_stm32f407xx.o(.text)
    EXTI1_IRQHandler                         0x080001b7   Thumb Code     0  startup_stm32f407xx.o(.text)
    EXTI2_IRQHandler                         0x080001b7   Thumb Code     0  startup_stm32f407xx.o(.text)
    EXTI3_IRQHandler                         0x080001b7   Thumb Code     0  startup_stm32f407xx.o(.text)
    EXTI4_IRQHandler                         0x080001b7   Thumb Code     0  startup_stm32f407xx.o(.text)
    EXTI9_5_IRQHandler                       0x080001b7   Thumb Code     0  startup_stm32f407xx.o(.text)
    FLASH_IRQHandler                         0x080001b7   Thumb Code     0  startup_stm32f407xx.o(.text)
    FMC_IRQHandler                           0x080001b7   Thumb Code     0  startup_stm32f407xx.o(.text)
    FPU_IRQHandler                           0x080001b7   Thumb Code     0  startup_stm32f407xx.o(.text)
    HASH_RNG_IRQHandler                      0x080001b7   Thumb Code     0  startup_stm32f407xx.o(.text)
    I2C1_ER_IRQHandler                       0x080001b7   Thumb Code     0  startup_stm32f407xx.o(.text)
    I2C1_EV_IRQHandler                       0x080001b7   Thumb Code     0  startup_stm32f407xx.o(.text)
    I2C2_ER_IRQHandler                       0x080001b7   Thumb Code     0  startup_stm32f407xx.o(.text)
    I2C2_EV_IRQHandler                       0x080001b7   Thumb Code     0  startup_stm32f407xx.o(.text)
    I2C3_ER_IRQHandler                       0x080001b7   Thumb Code     0  startup_stm32f407xx.o(.text)
    I2C3_EV_IRQHandler                       0x080001b7   Thumb Code     0  startup_stm32f407xx.o(.text)
    OTG_FS_IRQHandler                        0x080001b7   Thumb Code     0  startup_stm32f407xx.o(.text)
    OTG_FS_WKUP_IRQHandler                   0x080001b7   Thumb Code     0  startup_stm32f407xx.o(.text)
    OTG_HS_EP1_IN_IRQHandler                 0x080001b7   Thumb Code     0  startup_stm32f407xx.o(.text)
    OTG_HS_EP1_OUT_IRQHandler                0x080001b7   Thumb Code     0  startup_stm32f407xx.o(.text)
    OTG_HS_IRQHandler                        0x080001b7   Thumb Code     0  startup_stm32f407xx.o(.text)
    OTG_HS_WKUP_IRQHandler                   0x080001b7   Thumb Code     0  startup_stm32f407xx.o(.text)
    PVD_IRQHandler                           0x080001b7   Thumb Code     0  startup_stm32f407xx.o(.text)
    RCC_IRQHandler                           0x080001b7   Thumb Code     0  startup_stm32f407xx.o(.text)
    RTC_Alarm_IRQHandler                     0x080001b7   Thumb Code     0  startup_stm32f407xx.o(.text)
    RTC_WKUP_IRQHandler                      0x080001b7   Thumb Code     0  startup_stm32f407xx.o(.text)
    SDIO_IRQHandler                          0x080001b7   Thumb Code     0  startup_stm32f407xx.o(.text)
    SPI1_IRQHandler                          0x080001b7   Thumb Code     0  startup_stm32f407xx.o(.text)
    SPI2_IRQHandler                          0x080001b7   Thumb Code     0  startup_stm32f407xx.o(.text)
    SPI3_IRQHandler                          0x080001b7   Thumb Code     0  startup_stm32f407xx.o(.text)
    TAMP_STAMP_IRQHandler                    0x080001b7   Thumb Code     0  startup_stm32f407xx.o(.text)
    TIM1_BRK_TIM9_IRQHandler                 0x080001b7   Thumb Code     0  startup_stm32f407xx.o(.text)
    TIM1_CC_IRQHandler                       0x080001b7   Thumb Code     0  startup_stm32f407xx.o(.text)
    TIM1_TRG_COM_TIM11_IRQHandler            0x080001b7   Thumb Code     0  startup_stm32f407xx.o(.text)
    TIM1_UP_TIM10_IRQHandler                 0x080001b7   Thumb Code     0  startup_stm32f407xx.o(.text)
    TIM2_IRQHandler                          0x080001b7   Thumb Code     0  startup_stm32f407xx.o(.text)
    TIM3_IRQHandler                          0x080001b7   Thumb Code     0  startup_stm32f407xx.o(.text)
    TIM4_IRQHandler                          0x080001b7   Thumb Code     0  startup_stm32f407xx.o(.text)
    TIM6_DAC_IRQHandler                      0x080001b7   Thumb Code     0  startup_stm32f407xx.o(.text)
    TIM7_IRQHandler                          0x080001b7   Thumb Code     0  startup_stm32f407xx.o(.text)
    TIM8_CC_IRQHandler                       0x080001b7   Thumb Code     0  startup_stm32f407xx.o(.text)
    TIM8_TRG_COM_TIM14_IRQHandler            0x080001b7   Thumb Code     0  startup_stm32f407xx.o(.text)
    TIM8_UP_TIM13_IRQHandler                 0x080001b7   Thumb Code     0  startup_stm32f407xx.o(.text)
    UART4_IRQHandler                         0x080001b7   Thumb Code     0  startup_stm32f407xx.o(.text)
    UART5_IRQHandler                         0x080001b7   Thumb Code     0  startup_stm32f407xx.o(.text)
    WWDG_IRQHandler                          0x080001b7   Thumb Code     0  startup_stm32f407xx.o(.text)
    __aeabi_uldivmod                         0x080001c1   Thumb Code    98  uldiv.o(.text)
    __aeabi_memcpy                           0x08000223   Thumb Code    36  memcpya.o(.text)
    __aeabi_memcpy4                          0x08000223   Thumb Code     0  memcpya.o(.text)
    __aeabi_memcpy8                          0x08000223   Thumb Code     0  memcpya.o(.text)
    __aeabi_memset                           0x08000247   Thumb Code    14  memseta.o(.text)
    __aeabi_memset4                          0x08000247   Thumb Code     0  memseta.o(.text)
    __aeabi_memset8                          0x08000247   Thumb Code     0  memseta.o(.text)
    __aeabi_memclr                           0x08000255   Thumb Code     4  memseta.o(.text)
    __aeabi_memclr4                          0x08000255   Thumb Code     0  memseta.o(.text)
    __aeabi_memclr8                          0x08000255   Thumb Code     0  memseta.o(.text)
    _memset$wrapper                          0x08000259   Thumb Code    18  memseta.o(.text)
    __aeabi_dmul                             0x0800026b   Thumb Code   228  dmul.o(.text)
    __aeabi_f2d                              0x0800034f   Thumb Code    38  f2d.o(.text)
    __aeabi_d2f                              0x08000375   Thumb Code    56  d2f.o(.text)
    __aeabi_llsl                             0x080003ad   Thumb Code    30  llshl.o(.text)
    _ll_shift_l                              0x080003ad   Thumb Code     0  llshl.o(.text)
    __aeabi_llsr                             0x080003cb   Thumb Code    32  llushr.o(.text)
    _ll_ushift_r                             0x080003cb   Thumb Code     0  llushr.o(.text)
    __I$use$fp                               0x080003eb   Thumb Code     0  iusefp.o(.text)
    _float_round                             0x080003eb   Thumb Code    18  fepilogue.o(.text)
    _float_epilogue                          0x080003fd   Thumb Code    92  fepilogue.o(.text)
    _double_round                            0x08000459   Thumb Code    30  depilogue.o(.text)
    _double_epilogue                         0x08000477   Thumb Code   156  depilogue.o(.text)
    __scatterload                            0x08000515   Thumb Code    28  init.o(.text)
    __scatterload_rt2                        0x08000515   Thumb Code     0  init.o(.text)
    Bluetooth_UART_IRQHandler                0x08000539   Thumb Code   122  mymain_1.o(i.Bluetooth_UART_IRQHandler)
    BusFault_Handler                         0x080005d5   Thumb Code     2  stm32f4xx_it.o(i.BusFault_Handler)
    DMA1_Stream1_IRQHandler                  0x080005d9   Thumb Code     6  stm32f4xx_it.o(i.DMA1_Stream1_IRQHandler)
    DMA1_Stream5_IRQHandler                  0x080005e5   Thumb Code     6  stm32f4xx_it.o(i.DMA1_Stream5_IRQHandler)
    DMA2_Stream1_IRQHandler                  0x080005f1   Thumb Code     6  stm32f4xx_it.o(i.DMA2_Stream1_IRQHandler)
    DMA2_Stream2_IRQHandler                  0x080005fd   Thumb Code     6  stm32f4xx_it.o(i.DMA2_Stream2_IRQHandler)
    DebugMon_Handler                         0x080006ad   Thumb Code     2  stm32f4xx_it.o(i.DebugMon_Handler)
    Error_Handler                            0x080006af   Thumb Code     4  main.o(i.Error_Handler)
    HAL_DMA_Abort                            0x080006b3   Thumb Code   146  stm32f4xx_hal_dma.o(i.HAL_DMA_Abort)
    HAL_DMA_Abort_IT                         0x08000745   Thumb Code    36  stm32f4xx_hal_dma.o(i.HAL_DMA_Abort_IT)
    HAL_DMA_IRQHandler                       0x08000769   Thumb Code   412  stm32f4xx_hal_dma.o(i.HAL_DMA_IRQHandler)
    HAL_DMA_Init                             0x08000909   Thumb Code   206  stm32f4xx_hal_dma.o(i.HAL_DMA_Init)
    HAL_DMA_Start_IT                         0x080009dd   Thumb Code   110  stm32f4xx_hal_dma.o(i.HAL_DMA_Start_IT)
    HAL_Delay                                0x08000a4d   Thumb Code    32  stm32f4xx_hal.o(i.HAL_Delay)
    HAL_GPIO_Init                            0x08000a71   Thumb Code   450  stm32f4xx_hal_gpio.o(i.HAL_GPIO_Init)
    HAL_GPIO_WritePin                        0x08000c61   Thumb Code    10  stm32f4xx_hal_gpio.o(i.HAL_GPIO_WritePin)
    HAL_GetTick                              0x08000c6d   Thumb Code     6  stm32f4xx_hal.o(i.HAL_GetTick)
    HAL_IncTick                              0x08000c79   Thumb Code    12  stm32f4xx_hal.o(i.HAL_IncTick)
    HAL_Init                                 0x08000c89   Thumb Code    48  stm32f4xx_hal.o(i.HAL_Init)
    HAL_InitTick                             0x08000cbd   Thumb Code    54  stm32f4xx_hal.o(i.HAL_InitTick)
    HAL_MspInit                              0x08000cfd   Thumb Code    42  stm32f4xx_hal_msp.o(i.HAL_MspInit)
    HAL_NVIC_EnableIRQ                       0x08000d2d   Thumb Code    26  stm32f4xx_hal_cortex.o(i.HAL_NVIC_EnableIRQ)
    HAL_NVIC_SetPriority                     0x08000d49   Thumb Code    60  stm32f4xx_hal_cortex.o(i.HAL_NVIC_SetPriority)
    HAL_NVIC_SetPriorityGrouping             0x08000d89   Thumb Code    26  stm32f4xx_hal_cortex.o(i.HAL_NVIC_SetPriorityGrouping)
    HAL_RCC_ClockConfig                      0x08000dad   Thumb Code   288  stm32f4xx_hal_rcc.o(i.HAL_RCC_ClockConfig)
    HAL_RCC_GetPCLK1Freq                     0x08000ee1   Thumb Code    20  stm32f4xx_hal_rcc.o(i.HAL_RCC_GetPCLK1Freq)
    HAL_RCC_GetPCLK2Freq                     0x08000f01   Thumb Code    20  stm32f4xx_hal_rcc.o(i.HAL_RCC_GetPCLK2Freq)
    HAL_RCC_GetSysClockFreq                  0x08000f21   Thumb Code    88  stm32f4xx_hal_rcc.o(i.HAL_RCC_GetSysClockFreq)
    HAL_RCC_OscConfig                        0x08000f85   Thumb Code   856  stm32f4xx_hal_rcc.o(i.HAL_RCC_OscConfig)
    HAL_SYSTICK_Config                       0x080012f1   Thumb Code    40  stm32f4xx_hal_cortex.o(i.HAL_SYSTICK_Config)
    HAL_TIMEx_BreakCallback                  0x08001319   Thumb Code     2  stm32f4xx_hal_tim_ex.o(i.HAL_TIMEx_BreakCallback)
    HAL_TIMEx_CommutCallback                 0x0800131b   Thumb Code     2  stm32f4xx_hal_tim_ex.o(i.HAL_TIMEx_CommutCallback)
    HAL_TIMEx_ConfigBreakDeadTime            0x0800131d   Thumb Code    84  stm32f4xx_hal_tim_ex.o(i.HAL_TIMEx_ConfigBreakDeadTime)
    HAL_TIMEx_MasterConfigSynchronization    0x08001371   Thumb Code   116  stm32f4xx_hal_tim_ex.o(i.HAL_TIMEx_MasterConfigSynchronization)
    HAL_TIM_Base_Init                        0x08001401   Thumb Code    90  stm32f4xx_hal_tim.o(i.HAL_TIM_Base_Init)
    HAL_TIM_Base_MspInit                     0x0800145d   Thumb Code    86  tim.o(i.HAL_TIM_Base_MspInit)
    HAL_TIM_ConfigClockSource                0x080014c1   Thumb Code   220  stm32f4xx_hal_tim.o(i.HAL_TIM_ConfigClockSource)
    HAL_TIM_IC_CaptureCallback               0x0800159d   Thumb Code     2  stm32f4xx_hal_tim.o(i.HAL_TIM_IC_CaptureCallback)
    HAL_TIM_IRQHandler                       0x0800159f   Thumb Code   304  stm32f4xx_hal_tim.o(i.HAL_TIM_IRQHandler)
    HAL_TIM_MspPostInit                      0x080016d1   Thumb Code   184  tim.o(i.HAL_TIM_MspPostInit)
    HAL_TIM_OC_DelayElapsedCallback          0x080017a1   Thumb Code     2  stm32f4xx_hal_tim.o(i.HAL_TIM_OC_DelayElapsedCallback)
    HAL_TIM_PWM_ConfigChannel                0x080017a3   Thumb Code   204  stm32f4xx_hal_tim.o(i.HAL_TIM_PWM_ConfigChannel)
    HAL_TIM_PWM_Init                         0x0800186f   Thumb Code    90  stm32f4xx_hal_tim.o(i.HAL_TIM_PWM_Init)
    HAL_TIM_PWM_MspInit                      0x080018c9   Thumb Code    64  tim.o(i.HAL_TIM_PWM_MspInit)
    HAL_TIM_PWM_PulseFinishedCallback        0x08001915   Thumb Code     2  stm32f4xx_hal_tim.o(i.HAL_TIM_PWM_PulseFinishedCallback)
    HAL_TIM_PeriodElapsedCallback            0x08001917   Thumb Code     2  stm32f4xx_hal_tim.o(i.HAL_TIM_PeriodElapsedCallback)
    HAL_TIM_TriggerCallback                  0x08001919   Thumb Code     2  stm32f4xx_hal_tim.o(i.HAL_TIM_TriggerCallback)
    HAL_UARTEx_RxEventCallback               0x0800191b   Thumb Code     2  stm32f4xx_hal_uart.o(i.HAL_UARTEx_RxEventCallback)
    HAL_UART_DMAStop                         0x0800191d   Thumb Code   112  stm32f4xx_hal_uart.o(i.HAL_UART_DMAStop)
    HAL_UART_ErrorCallback                   0x0800198d   Thumb Code     2  stm32f4xx_hal_uart.o(i.HAL_UART_ErrorCallback)
    HAL_UART_IRQHandler                      0x08001991   Thumb Code   618  stm32f4xx_hal_uart.o(i.HAL_UART_IRQHandler)
    HAL_UART_Init                            0x08001c01   Thumb Code   100  stm32f4xx_hal_uart.o(i.HAL_UART_Init)
    HAL_UART_MspInit                         0x08001c65   Thumb Code   620  usart.o(i.HAL_UART_MspInit)
    HAL_UART_Receive_DMA                     0x08001f01   Thumb Code    28  stm32f4xx_hal_uart.o(i.HAL_UART_Receive_DMA)
    HAL_UART_RxCpltCallback                  0x08001f1d   Thumb Code     2  stm32f4xx_hal_uart.o(i.HAL_UART_RxCpltCallback)
    HAL_UART_RxHalfCpltCallback              0x08001f1f   Thumb Code     2  stm32f4xx_hal_uart.o(i.HAL_UART_RxHalfCpltCallback)
    HAL_UART_Transmit                        0x08001f21   Thumb Code   160  stm32f4xx_hal_uart.o(i.HAL_UART_Transmit)
    HAL_UART_TxCpltCallback                  0x08001fc1   Thumb Code     2  stm32f4xx_hal_uart.o(i.HAL_UART_TxCpltCallback)
    HardFault_Handler                        0x08001fc3   Thumb Code     2  stm32f4xx_it.o(i.HardFault_Handler)
    MX_DMA_Init                              0x08001fc5   Thumb Code   104  dma.o(i.MX_DMA_Init)
    MX_GPIO_Init                             0x08002031   Thumb Code   166  gpio.o(i.MX_GPIO_Init)
    MX_TIM12_Init                            0x080020e1   Thumb Code    66  tim.o(i.MX_TIM12_Init)
    MX_TIM1_Init                             0x0800212d   Thumb Code   198  tim.o(i.MX_TIM1_Init)
    MX_TIM2_Init                             0x080021fd   Thumb Code   150  tim.o(i.MX_TIM2_Init)
    MX_TIM3_Init                             0x08002299   Thumb Code   102  tim.o(i.MX_TIM3_Init)
    MX_TIM5_Init                             0x08002309   Thumb Code    90  tim.o(i.MX_TIM5_Init)
    MX_USART1_UART_Init                      0x0800236d   Thumb Code    48  usart.o(i.MX_USART1_UART_Init)
    MX_USART2_UART_Init                      0x080023a5   Thumb Code    48  usart.o(i.MX_USART2_UART_Init)
    MX_USART3_UART_Init                      0x080023dd   Thumb Code    48  usart.o(i.MX_USART3_UART_Init)
    MX_USART6_UART_Init                      0x08002415   Thumb Code    48  usart.o(i.MX_USART6_UART_Init)
    MemManage_Handler                        0x0800244d   Thumb Code     2  stm32f4xx_it.o(i.MemManage_Handler)
    NMI_Handler                              0x0800244f   Thumb Code     2  stm32f4xx_it.o(i.NMI_Handler)
    PendSV_Handler                           0x08002451   Thumb Code     2  stm32f4xx_it.o(i.PendSV_Handler)
    SVC_Handler                              0x08002453   Thumb Code     2  stm32f4xx_it.o(i.SVC_Handler)
    SysTick_Handler                          0x08002455   Thumb Code     4  stm32f4xx_it.o(i.SysTick_Handler)
    SystemClock_Config                       0x08002459   Thumb Code   136  main.o(i.SystemClock_Config)
    SystemInit                               0x080024e9   Thumb Code    12  system_stm32f4xx.o(i.SystemInit)
    TIM5_IRQHandler                          0x080024f9   Thumb Code     6  stm32f4xx_it.o(i.TIM5_IRQHandler)
    TIM8_BRK_TIM12_IRQHandler                0x08002505   Thumb Code     6  stm32f4xx_it.o(i.TIM8_BRK_TIM12_IRQHandler)
    TIM_Base_SetConfig                       0x08002511   Thumb Code   170  stm32f4xx_hal_tim.o(i.TIM_Base_SetConfig)
    TIM_ETR_SetConfig                        0x080025e9   Thumb Code    20  stm32f4xx_hal_tim.o(i.TIM_ETR_SetConfig)
    TIM_OC2_SetConfig                        0x0800266d   Thumb Code    98  stm32f4xx_hal_tim.o(i.TIM_OC2_SetConfig)
    UART_Start_Receive_DMA                   0x08002b0d   Thumb Code   130  stm32f4xx_hal_uart.o(i.UART_Start_Receive_DMA)
    USART1_IRQHandler                        0x08002c11   Thumb Code    18  stm32f4xx_it.o(i.USART1_IRQHandler)
    USART2_IRQHandler                        0x08002c29   Thumb Code    18  stm32f4xx_it.o(i.USART2_IRQHandler)
    USART3_IRQHandler                        0x08002c41   Thumb Code    18  stm32f4xx_it.o(i.USART3_IRQHandler)
    USART6_IRQHandler                        0x08002c59   Thumb Code    18  stm32f4xx_it.o(i.USART6_IRQHandler)
    USAR_UART_IDLECallback                   0x08002c71   Thumb Code   278  mymain_1.o(i.USAR_UART_IDLECallback)
    UsageFault_Handler                       0x08002db1   Thumb Code     2  stm32f4xx_it.o(i.UsageFault_Handler)
    __scatterload_copy                       0x08002dd3   Thumb Code    14  handlers.o(i.__scatterload_copy)
    __scatterload_null                       0x08002de1   Thumb Code     2  handlers.o(i.__scatterload_null)
    __scatterload_zeroinit                   0x08002de3   Thumb Code    14  handlers.o(i.__scatterload_zeroinit)
    buffer_hadle_USART1                      0x08002df1   Thumb Code   328  mymain_1.o(i.buffer_hadle_USART1)
    buffer_hadle_USART2                      0x08002f45   Thumb Code    12  mymain_1.o(i.buffer_hadle_USART2)
    buffer_hadle_USART3                      0x08002f55   Thumb Code    12  mymain_1.o(i.buffer_hadle_USART3)
    main                                     0x08002f65   Thumb Code    58  main.o(i.main)
    motor_control                            0x08002f9f   Thumb Code     2  motor.o(i.motor_control)
    motor_init                               0x08002fa1   Thumb Code     2  motor.o(i.motor_init)
    move_foward                              0x08002fa5   Thumb Code    42  motor.o(i.move_foward)
    move_left                                0x08002fd9   Thumb Code    86  motor.o(i.move_left)
    move_right                               0x08003045   Thumb Code    86  motor.o(i.move_right)
    mymain                                   0x080030b1   Thumb Code    34  mymain_1.o(i.mymain)
    pick_up_high                             0x080030e1   Thumb Code   120  steer.o(i.pick_up_high)
    pick_up_low                              0x08003169   Thumb Code   120  steer.o(i.pick_up_low)
    put_down_high                            0x080031f1   Thumb Code   120  steer.o(i.put_down_high)
    put_down_low                             0x08003279   Thumb Code   120  steer.o(i.put_down_low)
    state_machine                            0x08003301   Thumb Code   220  mymain_1.o(i.state_machine)
    steer_control                            0x08003409   Thumb Code    66  steer.o(i.steer_control)
    steer_init                               0x08003461   Thumb Code     2  steer.o(i.steer_init)
    system_init                              0x08003465   Thumb Code    74  mymain_1.o(i.system_init)
    turn_left                                0x080034cd   Thumb Code    66  motor.o(i.turn_left)
    AHBPrescTable                            0x08003524   Data          16  system_stm32f4xx.o(.constdata)
    APBPrescTable                            0x08003534   Data           8  system_stm32f4xx.o(.constdata)
    Region$$Table$$Base                      0x0800353c   Number         0  anon$$obj.o(Region$$Table)
    Region$$Table$$Limit                     0x0800355c   Number         0  anon$$obj.o(Region$$Table)
    state_flag                               0x20000000   Data           1  mymain_1.o(.data)
    received_flag                            0x20000001   Data           1  mymain_1.o(.data)
    rgb_stack_1                              0x20000002   Data           3  mymain_1.o(.data)
    rgb_stack_2                              0x20000005   Data           3  mymain_1.o(.data)
    i                                        0x20000008   Data           4  mymain_1.o(.data)
    steer_rotate                             0x2000000c   Data           8  steer.o(.data)
    steer_plate                              0x20000014   Data           8  steer.o(.data)
    plate_pulse                              0x2000001c   Data           4  steer.o(.data)
    catch_pulse                              0x20000020   Data           4  steer.o(.data)
    steer_catch                              0x20000024   Data           8  steer.o(.data)
    uwTickFreq                               0x2000002c   Data           1  stm32f4xx_hal.o(.data)
    uwTickPrio                               0x20000030   Data           4  stm32f4xx_hal.o(.data)
    uwTick                                   0x20000034   Data           4  stm32f4xx_hal.o(.data)
    SystemCoreClock                          0x20000038   Data           4  system_stm32f4xx.o(.data)
    receive_buff_1                           0x2000003c   Data          50  mymain_1.o(.bss)
    USART1_buffer                            0x2000006e   Data          50  mymain_1.o(.bss)
    receive_buff_2                           0x200000a0   Data          50  mymain_1.o(.bss)
    USART2_buffer                            0x200000d2   Data          50  mymain_1.o(.bss)
    receive_buff_3                           0x20000104   Data          50  mymain_1.o(.bss)
    USART3_buffer                            0x20000136   Data          50  mymain_1.o(.bss)
    receive_buff_6                           0x20000168   Data          50  mymain_1.o(.bss)
    USART6_buffer                            0x2000019a   Data          50  mymain_1.o(.bss)
    htim1                                    0x200001cc   Data          72  tim.o(.bss)
    htim2                                    0x20000214   Data          72  tim.o(.bss)
    htim3                                    0x2000025c   Data          72  tim.o(.bss)
    htim5                                    0x200002a4   Data          72  tim.o(.bss)
    htim12                                   0x200002ec   Data          72  tim.o(.bss)
    huart1                                   0x20000334   Data          72  usart.o(.bss)
    huart2                                   0x2000037c   Data          72  usart.o(.bss)
    huart3                                   0x200003c4   Data          72  usart.o(.bss)
    huart6                                   0x2000040c   Data          72  usart.o(.bss)
    hdma_usart1_rx                           0x20000454   Data          96  usart.o(.bss)
    hdma_usart2_rx                           0x200004b4   Data          96  usart.o(.bss)
    hdma_usart3_rx                           0x20000514   Data          96  usart.o(.bss)
    hdma_usart6_rx                           0x20000574   Data          96  usart.o(.bss)
    motor_lf                                 0x200005d4   Data          12  motor.o(.bss)
    motor_rf                                 0x200005e0   Data          12  motor.o(.bss)
    motor_back                               0x200005ec   Data          12  motor.o(.bss)
    motor_up                                 0x200005f8   Data          12  motor.o(.bss)
    motor_rotate                             0x20000604   Data          12  motor.o(.bss)
    __initial_sp                             0x20000a10   Data           0  startup_stm32f407xx.o(STACK)



==============================================================================

Memory Map of the image

  Image Entry point : 0x08000189

  Load Region LR_IROM1 (Base: 0x08000000, Size: 0x00003598, Max: 0x00080000, ABSOLUTE)

    Execution Region ER_IROM1 (Exec base: 0x08000000, Load base: 0x08000000, Size: 0x0000355c, Max: 0x00080000, ABSOLUTE)

    Exec Addr    Load Addr    Size         Type   Attr      Idx    E Section Name        Object

    0x08000000   0x08000000   0x00000188   Data   RO            3    RESET               startup_stm32f407xx.o
    0x08000188   0x08000188   0x00000000   Code   RO         3377  * .ARM.Collect$$$$00000000  mc_w.l(entry.o)
    0x08000188   0x08000188   0x00000004   Code   RO         3400    .ARM.Collect$$$$00000001  mc_w.l(entry2.o)
    0x0800018c   0x0800018c   0x00000004   Code   RO         3403    .ARM.Collect$$$$00000004  mc_w.l(entry5.o)
    0x08000190   0x08000190   0x00000000   Code   RO         3405    .ARM.Collect$$$$00000008  mc_w.l(entry7b.o)
    0x08000190   0x08000190   0x00000000   Code   RO         3407    .ARM.Collect$$$$0000000A  mc_w.l(entry8b.o)
    0x08000190   0x08000190   0x00000008   Code   RO         3408    .ARM.Collect$$$$0000000B  mc_w.l(entry9a.o)
    0x08000198   0x08000198   0x00000000   Code   RO         3410    .ARM.Collect$$$$0000000D  mc_w.l(entry10a.o)
    0x08000198   0x08000198   0x00000000   Code   RO         3412    .ARM.Collect$$$$0000000F  mc_w.l(entry11a.o)
    0x08000198   0x08000198   0x00000004   Code   RO         3401    .ARM.Collect$$$$00002712  mc_w.l(entry2.o)
    0x0800019c   0x0800019c   0x00000024   Code   RO            4    .text               startup_stm32f407xx.o
    0x080001c0   0x080001c0   0x00000062   Code   RO         3380    .text               mc_w.l(uldiv.o)
    0x08000222   0x08000222   0x00000024   Code   RO         3382    .text               mc_w.l(memcpya.o)
    0x08000246   0x08000246   0x00000024   Code   RO         3384    .text               mc_w.l(memseta.o)
    0x0800026a   0x0800026a   0x000000e4   Code   RO         3388    .text               mf_w.l(dmul.o)
    0x0800034e   0x0800034e   0x00000026   Code   RO         3394    .text               mf_w.l(f2d.o)
    0x08000374   0x08000374   0x00000038   Code   RO         3398    .text               mf_w.l(d2f.o)
    0x080003ac   0x080003ac   0x0000001e   Code   RO         3414    .text               mc_w.l(llshl.o)
    0x080003ca   0x080003ca   0x00000020   Code   RO         3416    .text               mc_w.l(llushr.o)
    0x080003ea   0x080003ea   0x00000000   Code   RO         3418    .text               mc_w.l(iusefp.o)
    0x080003ea   0x080003ea   0x0000006e   Code   RO         3419    .text               mf_w.l(fepilogue.o)
    0x08000458   0x08000458   0x000000ba   Code   RO         3421    .text               mf_w.l(depilogue.o)
    0x08000512   0x08000512   0x00000002   PAD
    0x08000514   0x08000514   0x00000024   Code   RO         3423    .text               mc_w.l(init.o)
    0x08000538   0x08000538   0x0000009c   Code   RO           13    i.Bluetooth_UART_IRQHandler  mymain_1.o
    0x080005d4   0x080005d4   0x00000002   Code   RO          467    i.BusFault_Handler  stm32f4xx_it.o
    0x080005d6   0x080005d6   0x00000002   PAD
    0x080005d8   0x080005d8   0x0000000c   Code   RO          468    i.DMA1_Stream1_IRQHandler  stm32f4xx_it.o
    0x080005e4   0x080005e4   0x0000000c   Code   RO          469    i.DMA1_Stream5_IRQHandler  stm32f4xx_it.o
    0x080005f0   0x080005f0   0x0000000c   Code   RO          470    i.DMA2_Stream1_IRQHandler  stm32f4xx_it.o
    0x080005fc   0x080005fc   0x0000000c   Code   RO          471    i.DMA2_Stream2_IRQHandler  stm32f4xx_it.o
    0x08000608   0x08000608   0x00000028   Code   RO         2288    i.DMA_CalcBaseAndBitshift  stm32f4xx_hal_dma.o
    0x08000630   0x08000630   0x00000054   Code   RO         2289    i.DMA_CheckFifoParam  stm32f4xx_hal_dma.o
    0x08000684   0x08000684   0x00000028   Code   RO         2290    i.DMA_SetConfig     stm32f4xx_hal_dma.o
    0x080006ac   0x080006ac   0x00000002   Code   RO          472    i.DebugMon_Handler  stm32f4xx_it.o
    0x080006ae   0x080006ae   0x00000004   Code   RO          223    i.Error_Handler     main.o
    0x080006b2   0x080006b2   0x00000092   Code   RO         2291    i.HAL_DMA_Abort     stm32f4xx_hal_dma.o
    0x08000744   0x08000744   0x00000024   Code   RO         2292    i.HAL_DMA_Abort_IT  stm32f4xx_hal_dma.o
    0x08000768   0x08000768   0x000001a0   Code   RO         2296    i.HAL_DMA_IRQHandler  stm32f4xx_hal_dma.o
    0x08000908   0x08000908   0x000000d4   Code   RO         2297    i.HAL_DMA_Init      stm32f4xx_hal_dma.o
    0x080009dc   0x080009dc   0x0000006e   Code   RO         2301    i.HAL_DMA_Start_IT  stm32f4xx_hal_dma.o
    0x08000a4a   0x08000a4a   0x00000002   PAD
    0x08000a4c   0x08000a4c   0x00000024   Code   RO         2728    i.HAL_Delay         stm32f4xx_hal.o
    0x08000a70   0x08000a70   0x000001f0   Code   RO         2184    i.HAL_GPIO_Init     stm32f4xx_hal_gpio.o
    0x08000c60   0x08000c60   0x0000000a   Code   RO         2188    i.HAL_GPIO_WritePin  stm32f4xx_hal_gpio.o
    0x08000c6a   0x08000c6a   0x00000002   PAD
    0x08000c6c   0x08000c6c   0x0000000c   Code   RO         2734    i.HAL_GetTick       stm32f4xx_hal.o
    0x08000c78   0x08000c78   0x00000010   Code   RO         2740    i.HAL_IncTick       stm32f4xx_hal.o
    0x08000c88   0x08000c88   0x00000034   Code   RO         2741    i.HAL_Init          stm32f4xx_hal.o
    0x08000cbc   0x08000cbc   0x00000040   Code   RO         2742    i.HAL_InitTick      stm32f4xx_hal.o
    0x08000cfc   0x08000cfc   0x00000030   Code   RO          602    i.HAL_MspInit       stm32f4xx_hal_msp.o
    0x08000d2c   0x08000d2c   0x0000001a   Code   RO         2576    i.HAL_NVIC_EnableIRQ  stm32f4xx_hal_cortex.o
    0x08000d46   0x08000d46   0x00000002   PAD
    0x08000d48   0x08000d48   0x00000040   Code   RO         2582    i.HAL_NVIC_SetPriority  stm32f4xx_hal_cortex.o
    0x08000d88   0x08000d88   0x00000024   Code   RO         2583    i.HAL_NVIC_SetPriorityGrouping  stm32f4xx_hal_cortex.o
    0x08000dac   0x08000dac   0x00000134   Code   RO         1830    i.HAL_RCC_ClockConfig  stm32f4xx_hal_rcc.o
    0x08000ee0   0x08000ee0   0x00000020   Code   RO         1837    i.HAL_RCC_GetPCLK1Freq  stm32f4xx_hal_rcc.o
    0x08000f00   0x08000f00   0x00000020   Code   RO         1838    i.HAL_RCC_GetPCLK2Freq  stm32f4xx_hal_rcc.o
    0x08000f20   0x08000f20   0x00000064   Code   RO         1839    i.HAL_RCC_GetSysClockFreq  stm32f4xx_hal_rcc.o
    0x08000f84   0x08000f84   0x0000036c   Code   RO         1842    i.HAL_RCC_OscConfig  stm32f4xx_hal_rcc.o
    0x080012f0   0x080012f0   0x00000028   Code   RO         2587    i.HAL_SYSTICK_Config  stm32f4xx_hal_cortex.o
    0x08001318   0x08001318   0x00000002   Code   RO         1562    i.HAL_TIMEx_BreakCallback  stm32f4xx_hal_tim_ex.o
    0x0800131a   0x0800131a   0x00000002   Code   RO         1563    i.HAL_TIMEx_CommutCallback  stm32f4xx_hal_tim_ex.o
    0x0800131c   0x0800131c   0x00000054   Code   RO         1565    i.HAL_TIMEx_ConfigBreakDeadTime  stm32f4xx_hal_tim_ex.o
    0x08001370   0x08001370   0x00000090   Code   RO         1581    i.HAL_TIMEx_MasterConfigSynchronization  stm32f4xx_hal_tim_ex.o
    0x08001400   0x08001400   0x0000005a   Code   RO          858    i.HAL_TIM_Base_Init  stm32f4xx_hal_tim.o
    0x0800145a   0x0800145a   0x00000002   PAD
    0x0800145c   0x0800145c   0x00000064   Code   RO          324    i.HAL_TIM_Base_MspInit  tim.o
    0x080014c0   0x080014c0   0x000000dc   Code   RO          867    i.HAL_TIM_ConfigClockSource  stm32f4xx_hal_tim.o
    0x0800159c   0x0800159c   0x00000002   Code   RO          892    i.HAL_TIM_IC_CaptureCallback  stm32f4xx_hal_tim.o
    0x0800159e   0x0800159e   0x00000130   Code   RO          906    i.HAL_TIM_IRQHandler  stm32f4xx_hal_tim.o
    0x080016ce   0x080016ce   0x00000002   PAD
    0x080016d0   0x080016d0   0x000000d0   Code   RO          325    i.HAL_TIM_MspPostInit  tim.o
    0x080017a0   0x080017a0   0x00000002   Code   RO          909    i.HAL_TIM_OC_DelayElapsedCallback  stm32f4xx_hal_tim.o
    0x080017a2   0x080017a2   0x000000cc   Code   RO          930    i.HAL_TIM_PWM_ConfigChannel  stm32f4xx_hal_tim.o
    0x0800186e   0x0800186e   0x0000005a   Code   RO          933    i.HAL_TIM_PWM_Init  stm32f4xx_hal_tim.o
    0x080018c8   0x080018c8   0x0000004c   Code   RO          327    i.HAL_TIM_PWM_MspInit  tim.o
    0x08001914   0x08001914   0x00000002   Code   RO          936    i.HAL_TIM_PWM_PulseFinishedCallback  stm32f4xx_hal_tim.o
    0x08001916   0x08001916   0x00000002   Code   RO          944    i.HAL_TIM_PeriodElapsedCallback  stm32f4xx_hal_tim.o
    0x08001918   0x08001918   0x00000002   Code   RO          949    i.HAL_TIM_TriggerCallback  stm32f4xx_hal_tim.o
    0x0800191a   0x0800191a   0x00000002   Code   RO         2991    i.HAL_UARTEx_RxEventCallback  stm32f4xx_hal_uart.o
    0x0800191c   0x0800191c   0x00000070   Code   RO         3003    i.HAL_UART_DMAStop  stm32f4xx_hal_uart.o
    0x0800198c   0x0800198c   0x00000002   Code   RO         3005    i.HAL_UART_ErrorCallback  stm32f4xx_hal_uart.o
    0x0800198e   0x0800198e   0x00000002   PAD
    0x08001990   0x08001990   0x00000270   Code   RO         3008    i.HAL_UART_IRQHandler  stm32f4xx_hal_uart.o
    0x08001c00   0x08001c00   0x00000064   Code   RO         3009    i.HAL_UART_Init     stm32f4xx_hal_uart.o
    0x08001c64   0x08001c64   0x0000029c   Code   RO          408    i.HAL_UART_MspInit  usart.o
    0x08001f00   0x08001f00   0x0000001c   Code   RO         3013    i.HAL_UART_Receive_DMA  stm32f4xx_hal_uart.o
    0x08001f1c   0x08001f1c   0x00000002   Code   RO         3015    i.HAL_UART_RxCpltCallback  stm32f4xx_hal_uart.o
    0x08001f1e   0x08001f1e   0x00000002   Code   RO         3016    i.HAL_UART_RxHalfCpltCallback  stm32f4xx_hal_uart.o
    0x08001f20   0x08001f20   0x000000a0   Code   RO         3017    i.HAL_UART_Transmit  stm32f4xx_hal_uart.o
    0x08001fc0   0x08001fc0   0x00000002   Code   RO         3020    i.HAL_UART_TxCpltCallback  stm32f4xx_hal_uart.o
    0x08001fc2   0x08001fc2   0x00000002   Code   RO          473    i.HardFault_Handler  stm32f4xx_it.o
    0x08001fc4   0x08001fc4   0x0000006c   Code   RO          299    i.MX_DMA_Init       dma.o
    0x08002030   0x08002030   0x000000b0   Code   RO          275    i.MX_GPIO_Init      gpio.o
    0x080020e0   0x080020e0   0x0000004c   Code   RO          328    i.MX_TIM12_Init     tim.o
    0x0800212c   0x0800212c   0x000000d0   Code   RO          329    i.MX_TIM1_Init      tim.o
    0x080021fc   0x080021fc   0x0000009c   Code   RO          330    i.MX_TIM2_Init      tim.o
    0x08002298   0x08002298   0x00000070   Code   RO          331    i.MX_TIM3_Init      tim.o
    0x08002308   0x08002308   0x00000064   Code   RO          332    i.MX_TIM5_Init      tim.o
    0x0800236c   0x0800236c   0x00000038   Code   RO          409    i.MX_USART1_UART_Init  usart.o
    0x080023a4   0x080023a4   0x00000038   Code   RO          410    i.MX_USART2_UART_Init  usart.o
    0x080023dc   0x080023dc   0x00000038   Code   RO          411    i.MX_USART3_UART_Init  usart.o
    0x08002414   0x08002414   0x00000038   Code   RO          412    i.MX_USART6_UART_Init  usart.o
    0x0800244c   0x0800244c   0x00000002   Code   RO          474    i.MemManage_Handler  stm32f4xx_it.o
    0x0800244e   0x0800244e   0x00000002   Code   RO          475    i.NMI_Handler       stm32f4xx_it.o
    0x08002450   0x08002450   0x00000002   Code   RO          476    i.PendSV_Handler    stm32f4xx_it.o
    0x08002452   0x08002452   0x00000002   Code   RO          477    i.SVC_Handler       stm32f4xx_it.o
    0x08002454   0x08002454   0x00000004   Code   RO          478    i.SysTick_Handler   stm32f4xx_it.o
    0x08002458   0x08002458   0x00000090   Code   RO          224    i.SystemClock_Config  main.o
    0x080024e8   0x080024e8   0x00000010   Code   RO         3343    i.SystemInit        system_stm32f4xx.o
    0x080024f8   0x080024f8   0x0000000c   Code   RO          479    i.TIM5_IRQHandler   stm32f4xx_it.o
    0x08002504   0x08002504   0x0000000c   Code   RO          480    i.TIM8_BRK_TIM12_IRQHandler  stm32f4xx_it.o
    0x08002510   0x08002510   0x000000d8   Code   RO          951    i.TIM_Base_SetConfig  stm32f4xx_hal_tim.o
    0x080025e8   0x080025e8   0x00000014   Code   RO          962    i.TIM_ETR_SetConfig  stm32f4xx_hal_tim.o
    0x080025fc   0x080025fc   0x00000010   Code   RO          963    i.TIM_ITRx_SetConfig  stm32f4xx_hal_tim.o
    0x0800260c   0x0800260c   0x00000060   Code   RO          964    i.TIM_OC1_SetConfig  stm32f4xx_hal_tim.o
    0x0800266c   0x0800266c   0x0000006c   Code   RO          965    i.TIM_OC2_SetConfig  stm32f4xx_hal_tim.o
    0x080026d8   0x080026d8   0x00000068   Code   RO          966    i.TIM_OC3_SetConfig  stm32f4xx_hal_tim.o
    0x08002740   0x08002740   0x00000050   Code   RO          967    i.TIM_OC4_SetConfig  stm32f4xx_hal_tim.o
    0x08002790   0x08002790   0x00000022   Code   RO          969    i.TIM_TI1_ConfigInputStage  stm32f4xx_hal_tim.o
    0x080027b2   0x080027b2   0x00000024   Code   RO          971    i.TIM_TI2_ConfigInputStage  stm32f4xx_hal_tim.o
    0x080027d6   0x080027d6   0x00000010   Code   RO         3022    i.UART_DMAAbortOnError  stm32f4xx_hal_uart.o
    0x080027e6   0x080027e6   0x0000004a   Code   RO         3023    i.UART_DMAError     stm32f4xx_hal_uart.o
    0x08002830   0x08002830   0x00000086   Code   RO         3024    i.UART_DMAReceiveCplt  stm32f4xx_hal_uart.o
    0x080028b6   0x080028b6   0x0000001e   Code   RO         3026    i.UART_DMARxHalfCplt  stm32f4xx_hal_uart.o
    0x080028d4   0x080028d4   0x0000004e   Code   RO         3032    i.UART_EndRxTransfer  stm32f4xx_hal_uart.o
    0x08002922   0x08002922   0x0000001c   Code   RO         3033    i.UART_EndTxTransfer  stm32f4xx_hal_uart.o
    0x0800293e   0x0800293e   0x000000c2   Code   RO         3034    i.UART_Receive_IT   stm32f4xx_hal_uart.o
    0x08002a00   0x08002a00   0x0000010c   Code   RO         3035    i.UART_SetConfig    stm32f4xx_hal_uart.o
    0x08002b0c   0x08002b0c   0x00000090   Code   RO         3036    i.UART_Start_Receive_DMA  stm32f4xx_hal_uart.o
    0x08002b9c   0x08002b9c   0x00000072   Code   RO         3038    i.UART_WaitOnFlagUntilTimeout  stm32f4xx_hal_uart.o
    0x08002c0e   0x08002c0e   0x00000002   PAD
    0x08002c10   0x08002c10   0x00000018   Code   RO          481    i.USART1_IRQHandler  stm32f4xx_it.o
    0x08002c28   0x08002c28   0x00000018   Code   RO          482    i.USART2_IRQHandler  stm32f4xx_it.o
    0x08002c40   0x08002c40   0x00000018   Code   RO          483    i.USART3_IRQHandler  stm32f4xx_it.o
    0x08002c58   0x08002c58   0x00000018   Code   RO          484    i.USART6_IRQHandler  stm32f4xx_it.o
    0x08002c70   0x08002c70   0x00000140   Code   RO           15    i.USAR_UART_IDLECallback  mymain_1.o
    0x08002db0   0x08002db0   0x00000002   Code   RO          485    i.UsageFault_Handler  stm32f4xx_it.o
    0x08002db2   0x08002db2   0x00000020   Code   RO         2589    i.__NVIC_SetPriority  stm32f4xx_hal_cortex.o
    0x08002dd2   0x08002dd2   0x0000000e   Code   RO         3427    i.__scatterload_copy  mc_w.l(handlers.o)
    0x08002de0   0x08002de0   0x00000002   Code   RO         3428    i.__scatterload_null  mc_w.l(handlers.o)
    0x08002de2   0x08002de2   0x0000000e   Code   RO         3429    i.__scatterload_zeroinit  mc_w.l(handlers.o)
    0x08002df0   0x08002df0   0x00000154   Code   RO           16    i.buffer_hadle_USART1  mymain_1.o
    0x08002f44   0x08002f44   0x00000010   Code   RO           17    i.buffer_hadle_USART2  mymain_1.o
    0x08002f54   0x08002f54   0x00000010   Code   RO           18    i.buffer_hadle_USART3  mymain_1.o
    0x08002f64   0x08002f64   0x0000003a   Code   RO          225    i.main              main.o
    0x08002f9e   0x08002f9e   0x00000002   Code   RO          688    i.motor_control     motor.o
    0x08002fa0   0x08002fa0   0x00000002   Code   RO          689    i.motor_init        motor.o
    0x08002fa2   0x08002fa2   0x00000002   PAD
    0x08002fa4   0x08002fa4   0x00000034   Code   RO          691    i.move_foward       motor.o
    0x08002fd8   0x08002fd8   0x0000006c   Code   RO          692    i.move_left         motor.o
    0x08003044   0x08003044   0x0000006c   Code   RO          693    i.move_right        motor.o
    0x080030b0   0x080030b0   0x00000030   Code   RO           20    i.mymain            mymain_1.o
    0x080030e0   0x080030e0   0x00000088   Code   RO          626    i.pick_up_high      steer.o
    0x08003168   0x08003168   0x00000088   Code   RO          627    i.pick_up_low       steer.o
    0x080031f0   0x080031f0   0x00000088   Code   RO          628    i.put_down_high     steer.o
    0x08003278   0x08003278   0x00000088   Code   RO          629    i.put_down_low      steer.o
    0x08003300   0x08003300   0x00000108   Code   RO           21    i.state_machine     mymain_1.o
    0x08003408   0x08003408   0x00000058   Code   RO          630    i.steer_control     steer.o
    0x08003460   0x08003460   0x00000002   Code   RO          631    i.steer_init        steer.o
    0x08003462   0x08003462   0x00000002   PAD
    0x08003464   0x08003464   0x00000068   Code   RO           22    i.system_init       mymain_1.o
    0x080034cc   0x080034cc   0x00000050   Code   RO          694    i.turn_left         motor.o
    0x0800351c   0x0800351c   0x00000008   Data   RO         2303    .constdata          stm32f4xx_hal_dma.o
    0x08003524   0x08003524   0x00000010   Data   RO         3344    .constdata          system_stm32f4xx.o
    0x08003534   0x08003534   0x00000008   Data   RO         3345    .constdata          system_stm32f4xx.o
    0x0800353c   0x0800353c   0x00000020   Data   RO         3425    Region$$Table       anon$$obj.o


    Execution Region RW_IRAM2 (Exec base: 0x10000000, Load base: 0x08003598, Size: 0x00000000, Max: 0x00010000, ABSOLUTE)

    **** No section assigned to this execution region ****


    Execution Region RW_IRAM1 (Exec base: 0x20000000, Load base: 0x0800355c, Size: 0x00000a10, Max: 0x00020000, ABSOLUTE)

    Exec Addr    Load Addr    Size         Type   Attr      Idx    E Section Name        Object

    0x20000000   0x0800355c   0x0000000c   Data   RW           24    .data               mymain_1.o
    0x2000000c   0x08003568   0x00000008   Data   RW          632    .data               steer.o
    0x20000014   0x08003570   0x00000008   Data   RW          633    .data               steer.o
    0x2000001c   0x08003578   0x00000010   Data   RW          634    .data               steer.o
    0x2000002c   0x08003588   0x0000000c   Data   RW         2748    .data               stm32f4xx_hal.o
    0x20000038   0x08003594   0x00000004   Data   RW         3346    .data               system_stm32f4xx.o
    0x2000003c        -       0x00000190   Zero   RW           23    .bss                mymain_1.o
    0x200001cc        -       0x00000168   Zero   RW          333    .bss                tim.o
    0x20000334        -       0x000002a0   Zero   RW          413    .bss                usart.o
    0x200005d4        -       0x00000024   Zero   RW          696    .bss                motor.o
    0x200005f8        -       0x0000000c   Zero   RW          697    .bss                motor.o
    0x20000604        -       0x0000000c   Zero   RW          698    .bss                motor.o
    0x20000610        -       0x00000400   Zero   RW            1    STACK               startup_stm32f407xx.o


==============================================================================

Image component sizes


      Code (inc. data)   RO Data    RW Data    ZI Data      Debug   Object Name

       108          4          0          0          0        874   dma.o
       176         10          0          0          0       1079   gpio.o
       206          8          0          0          0       2172   main.o
       352         68          0          0         60       4493   motor.o
      1264        194          0         12        400     697217   mymain_1.o
        36          8        392          0       1024        856   startup_stm32f407xx.o
       634         86          0         32          0       4268   steer.o
       180         28          0         12          0       9569   stm32f4xx_hal.o
       198         14          0          0          0      33943   stm32f4xx_hal_cortex.o
      1084         16          8          0          0       7526   stm32f4xx_hal_dma.o
       506         46          0          0          0       2252   stm32f4xx_hal_gpio.o
        48          6          0          0          0        898   stm32f4xx_hal_msp.o
      1348         76          0          0          0       5360   stm32f4xx_hal_rcc.o
      1628         82          0          0          0      15280   stm32f4xx_hal_tim.o
       232         28          0          0          0       3405   stm32f4xx_hal_tim_ex.o
      2114         30          0          0          0      16485   stm32f4xx_hal_uart.o
       188         60          0          0          0       9468   stm32f4xx_it.o
        16          4         24          4          0       1187   system_stm32f4xx.o
      1036         96          0          0        360       6100   tim.o
       892         80          0          0        672       4341   usart.o

    ----------------------------------------------------------------------
     12266        944        456         60       2516     826773   Object Totals
         0          0         32          0          0          0   (incl. Generated)
        20          0          0          0          0          0   (incl. Padding)

    ----------------------------------------------------------------------

      Code (inc. data)   RO Data    RW Data    ZI Data      Debug   Library Member Name

         0          0          0          0          0          0   entry.o
         0          0          0          0          0          0   entry10a.o
         0          0          0          0          0          0   entry11a.o
         8          4          0          0          0          0   entry2.o
         4          0          0          0          0          0   entry5.o
         0          0          0          0          0          0   entry7b.o
         0          0          0          0          0          0   entry8b.o
         8          4          0          0          0          0   entry9a.o
        30          0          0          0          0          0   handlers.o
        36          8          0          0          0         68   init.o
         0          0          0          0          0          0   iusefp.o
        30          0          0          0          0         68   llshl.o
        32          0          0          0          0         68   llushr.o
        36          0          0          0          0         68   memcpya.o
        36          0          0          0          0        108   memseta.o
        98          0          0          0          0         92   uldiv.o
        56          0          0          0          0         88   d2f.o
       186          0          0          0          0        176   depilogue.o
       228          0          0          0          0         96   dmul.o
        38          0          0          0          0         68   f2d.o
       110          0          0          0          0        168   fepilogue.o

    ----------------------------------------------------------------------
       938         16          0          0          0       1068   Library Totals
         2          0          0          0          0          0   (incl. Padding)

    ----------------------------------------------------------------------

      Code (inc. data)   RO Data    RW Data    ZI Data      Debug   Library Name

       318         16          0          0          0        472   mc_w.l
       618          0          0          0          0        596   mf_w.l

    ----------------------------------------------------------------------
       938         16          0          0          0       1068   Library Totals

    ----------------------------------------------------------------------

==============================================================================


      Code (inc. data)   RO Data    RW Data    ZI Data      Debug   

     13204        960        456         60       2516     816029   Grand Totals
     13204        960        456         60       2516     816029   ELF Image Totals
     13204        960        456         60          0          0   ROM Totals

==============================================================================

    Total RO  Size (Code + RO Data)                13660 (  13.34kB)
    Total RW  Size (RW Data + ZI Data)              2576 (   2.52kB)
    Total ROM Size (Code + RO Data + RW Data)      13720 (  13.40kB)

==============================================================================

